02-20 11:02:08.571  1324  2681 W PhBaseOp: 	at gdme.run(:com.google.android.gms@253434038@25.34.34 (260800-800653487):21)
02-20 11:02:08.571  1324  2681 W PhBaseOp: 	at bbiq.c(:com.google.android.gms@253434038@25.34.34 (260800-800653487):50)
02-20 11:02:08.571  1324  2681 W PhBaseOp: 	at bbiq.run(:com.google.android.gms@253434038@25.34.34 (260800-800653487):70)
02-20 11:02:08.571  1324  2681 W PhBaseOp: 	at java.util.concurrent.ThreadPoolExecutor.runWorker(ThreadPoolExecutor.java:1154)
02-20 11:02:08.571  1324  2681 W PhBaseOp: 	at java.util.concurrent.ThreadPoolExecutor$Worker.run(ThreadPoolExecutor.java:652)
02-20 11:02:08.571  1324  2681 W PhBaseOp: 	at bboi.run(:com.google.android.gms@253434038@25.34.34 (260800-800653487):8)
02-20 11:02:08.571  1324  2681 W PhBaseOp: 	at java.lang.Thread.run(Thread.java:1563)
02-20 11:02:08.573  1324  2681 W AsyncOperation: operation=CommitToConfigurationOperationCall, opStatusCode=29500 [CONTEXT service_id=51 ]
02-20 11:02:08.573  1324  2681 W AsyncOperation: OperationException[Status{statusCode=Empty (package not registered?) or malformed snapshot token for null: , resolution=null}]
02-20 11:02:08.573  1324  2681 W AsyncOperation: 	at eimn.h(:com.google.android.gms@253434038@25.34.34 (260800-800653487):65)
02-20 11:02:08.573  1324  2681 W AsyncOperation: 	at eimn.f(:com.google.android.gms@253434038@25.34.34 (260800-800653487):17)
02-20 11:02:08.573  1324  2681 W AsyncOperation: 	at cjpi.fA(:com.google.android.gms@253434038@25.34.34 (260800-800653487):1)
02-20 11:02:08.573  1324  2681 W AsyncOperation: 	at cjpm.run(:com.google.android.gms@253434038@25.34.34 (260800-800653487):128)
02-20 11:02:08.573  1324  2681 W AsyncOperation: 	at gdme.run(:com.google.android.gms@253434038@25.34.34 (260800-800653487):21)
02-20 11:02:08.573  1324  2681 W AsyncOperation: 	at bbiq.c(:com.google.android.gms@253434038@25.34.34 (260800-800653487):50)
02-20 11:02:08.573  1324  2681 W AsyncOperation: 	at bbiq.run(:com.google.android.gms@253434038@25.34.34 (260800-800653487):70)
02-20 11:02:08.573  1324  2681 W AsyncOperation: 	at java.util.concurrent.ThreadPoolExecutor.runWorker(ThreadPoolExecutor.java:1154)
02-20 11:02:08.573  1324  2681 W AsyncOperation: 	at java.util.concurrent.ThreadPoolExecutor$Worker.run(ThreadPoolExecutor.java:652)
02-20 11:02:08.573  1324  2681 W AsyncOperation: 	at bboi.run(:com.google.android.gms@253434038@25.34.34 (260800-800653487):8)
02-20 11:02:08.573  1324  2681 W AsyncOperation: 	at java.lang.Thread.run(Thread.java:1563)
02-20 11:02:08.577  1506  1506 I 43-CredManRegistrationM: (REDACTED) [%s][%s] Success to register credentials
02-20 11:02:08.578  1324  5786 W PlatformConfigurator: Committing snapshot for safetycore failed [CONTEXT service_id=204 ]
02-20 11:02:08.578  1324  5786 W PlatformConfigurator: java.util.concurrent.ExecutionException: azqf: 29500: Empty (package not registered?) or malformed snapshot token for null: 
02-20 11:02:08.578  1324  5786 W PlatformConfigurator: 	at evmv.p(:com.google.android.gms@253434038@25.34.34 (260800-800653487):32)
02-20 11:02:08.578  1324  5786 W PlatformConfigurator: 	at evmv.o(:com.google.android.gms@253434038@25.34.34 (260800-800653487):44)
02-20 11:02:08.578  1324  5786 W PlatformConfigurator: 	at eirk.c(:com.google.android.gms@253434038@25.34.34 (260800-800653487):13)
02-20 11:02:08.578  1324  5786 W PlatformConfigurator: 	at eirk.e(:com.google.android.gms@253434038@25.34.34 (260800-800653487):28)
02-20 11:02:08.578  1324  5786 W PlatformConfigurator: 	at com.google.android.gms.platformconfigurator.PhenotypeConfigurationUpdateListener.g(:com.google.android.gms@253434038@25.34.34 (260800-800653487):66)
02-20 11:02:08.578  1324  5786 W PlatformConfigurator: 	at com.google.android.gms.platformconfigurator.PhenotypeConfigurationUpdateListener.onHandleIntent(:com.google.android.gms@253434038@25.34.34 (260800-800653487):582)
02-20 11:02:08.578  1324  5786 W PlatformConfigurator: 	at com.google.android.chimera.IntentOperation.onHandleIntent(:com.google.android.gms@253434038@25.34.34 (260800-800653487):2)
02-20 11:02:08.578  1324  5786 W PlatformConfigurator: 	at awci.onHandleIntent(:com.google.android.gms@253434038@25.34.34 (260800-800653487):8)
02-20 11:02:08.578  1324  5786 W PlatformConfigurator: 	at wzv.run(:com.google.android.gms@253434038@25.34.34 (260800-800653487):64)
02-20 11:02:08.578  1324  5786 W PlatformConfigurator: 	at wzu.run(:com.google.android.gms@253434038@25.34.34 (260800-800653487):132)
02-20 11:02:08.578  1324  5786 W PlatformConfigurator: 	at gdme.run(:com.google.android.gms@253434038@25.34.34 (260800-800653487):21)
02-20 11:02:08.578  1324  5786 W PlatformConfigurator: 	at java.util.concurrent.ThreadPoolExecutor.runWorker(ThreadPoolExecutor.java:1154)
02-20 11:02:08.578  1324  5786 W PlatformConfigurator: 	at java.util.concurrent.ThreadPoolExecutor$Worker.run(ThreadPoolExecutor.java:652)
02-20 11:02:08.578  1324  5786 W PlatformConfigurator: 	at java.lang.Thread.run(Thread.java:1563)
02-20 11:02:08.578  1324  5786 W PlatformConfigurator: Caused by: azqf: 29500: Empty (package not registered?) or malformed snapshot token for null: 
02-20 11:02:08.578  1324  5786 W PlatformConfigurator: 	at band.a(:com.google.android.gms@253434038@25.34.34 (260800-800653487):15)
02-20 11:02:08.578  1324  5786 W PlatformConfigurator: 	at azwj.b(:com.google.android.gms@253434038@25.34.34 (260800-800653487):11)
02-20 11:02:08.578  1324  5786 W PlatformConfigurator: 	at azwj.a(:com.google.android.gms@253434038@25.34.34 (260800-800653487):2)
02-20 11:02:08.578  1324  5786 W PlatformConfigurator: 	at eilz.a(:com.google.android.gms@253434038@25.34.34 (260800-800653487):3)
02-20 11:02:08.578  1324  5786 W PlatformConfigurator: 	at eimr.j(:com.google.android.gms@253434038@25.34.34 (260800-800653487):20)
02-20 11:02:08.578  1324  5786 W PlatformConfigurator: 	at cjpi.o(:com.google.android.gms@253434038@25.34.34 (260800-800653487):70)
02-20 11:02:08.578  1324  5786 W PlatformConfigurator: 	at cjpi.fA(:com.google.android.gms@253434038@25.34.34 (260800-800653487):15)
02-20 11:02:08.578  1324  5786 W PlatformConfigurator: 	at cjpm.run(:com.google.android.gms@253434038@25.34.34 (260800-800653487):128)
02-20 11:02:08.578  1324  5786 W PlatformConfigurator: 	at gdme.run(:com.google.android.gms@253434038@25.34.34 (260800-800653487):21)
02-20 11:02:08.578  1324  5786 W PlatformConfigurator: 	at bbiq.c(:com.google.android.gms@253434038@25.34.34 (260800-800653487):50)
02-20 11:02:08.578  1324  5786 W PlatformConfigurator: 	at bbiq.run(:com.google.android.gms@253434038@25.34.34 (260800-800653487):70)
02-20 11:02:08.578  1324  5786 W PlatformConfigurator: 	at java.util.concurrent.ThreadPoolExecutor.runWorker(ThreadPoolExecutor.java:1154)
02-20 11:02:08.578  1324  5786 W PlatformConfigurator: 	at java.util.concurrent.ThreadPoolExecutor$Worker.run(ThreadPoolExecutor.java:652)
02-20 11:02:08.578  1324  5786 W PlatformConfigurator: 	at bboi.run(:com.google.android.gms@253434038@25.34.34 (260800-800653487):8)
02-20 11:02:08.578  1324  5786 W PlatformConfigurator: 	... 1 more
02-20 11:02:08.636  1506  1506 I 43-CredManRegistrationM: (REDACTED) [%s][%s] Success to register credentials
02-20 11:02:08.673  1164  1924 W HWUI    : Failed to choose config with EGL_SWAP_BEHAVIOR_PRESERVED, retrying without...
02-20 11:02:08.674  1164  1924 W HWUI    : Failed to initialize 101010-2 format, error = EGL_SUCCESS
02-20 11:02:08.689  1164  1229 D AlphabeticIndexCompat: computeSectionName: cs: Photos sectionName: P
02-20 11:02:08.690  1164  1164 D AllAppsStore: setApps: apps.length=20
02-20 11:02:08.690  1164  1164 D AllAppsStore: notifyUpdate: notifying listeners
02-20 11:02:08.690  1164  1164 D ActivityAllAppsContainerView: onAppsUpdated; number of apps: 20
02-20 11:02:08.690  1164  1164 D ActivityAllAppsContainerView: rebindAdapters: force: false
02-20 11:02:08.690  1164  1164 D ActivityAllAppsContainerView: rebindAdapters: Not needed.
02-20 11:02:08.690  1164  1164 D StatsLog: LAUNCHER_ALLAPPS_COUNT
02-20 11:02:08.691  1164  1164 D AlphabeticalAppsList: Clearing FastScrollerSections.
02-20 11:02:08.691  1164  1164 D AlphabeticalAppsList: Adding apps with sections. HasPrivateApps: false
02-20 11:02:08.691  1164  1164 D AlphabeticalAppsList: addAppsWithSections: adding sectionName: C with appInfoTitle: Calendar
02-20 11:02:08.692  1164  1164 D AlphabeticalAppsList: addAppsWithSections: adding sectionName: D with appInfoTitle: Drive
02-20 11:02:08.692  1164  1164 D AlphabeticalAppsList: addAppsWithSections: adding sectionName: F with appInfoTitle: Files
02-20 11:02:08.692  1164  1164 D AlphabeticalAppsList: addAppsWithSections: adding sectionName: G with appInfoTitle: Gmail
02-20 11:02:08.692  1164  1164 D AlphabeticalAppsList: addAppsWithSections: adding sectionName: M with appInfoTitle: Maps
02-20 11:02:08.692  1164  1164 D AlphabeticalAppsList: addAppsWithSections: adding sectionName: P with appInfoTitle: Phone
02-20 11:02:08.693  1164  1164 D AlphabeticalAppsList: addAppsWithSections: adding sectionName: S with appInfoTitle: Safety
02-20 11:02:08.693  1164  1164 D AlphabeticalAppsList: addAppsWithSections: adding sectionName: T with appInfoTitle: TMoble
02-20 11:02:08.693  1164  1164 D AlphabeticalAppsList: addAppsWithSections: adding sectionName: Y with appInfoTitle: YouTube
02-20 11:02:08.693  1164  1164 D AlphabeticalAppsList: Adding FastScrollSection duplicate to scroll to the bottom.
02-20 11:02:08.693  1164  1164 D AlphabeticalAppsList: Clearing FastScrollerSections.
02-20 11:02:08.693  1164  1164 D AlphabeticalAppsList: Adding apps with sections. HasPrivateApps: false
02-20 11:02:08.693  1164  1164 D AlphabeticalAppsList: addAppsWithSections: adding sectionName: C with appInfoTitle: Calendar
02-20 11:02:08.693  1164  1164 D AlphabeticalAppsList: addAppsWithSections: adding sectionName: D with appInfoTitle: Drive
02-20 11:02:08.693  1164  1164 D AlphabeticalAppsList: addAppsWithSections: adding sectionName: F with appInfoTitle: Files
02-20 11:02:08.693  1164  1164 D AlphabeticalAppsList: addAppsWithSections: adding sectionName: G with appInfoTitle: Gmail
02-20 11:02:08.693  1164  1164 D AlphabeticalAppsList: addAppsWithSections: adding sectionName: M with appInfoTitle: Maps
02-20 11:02:08.694  1164  1164 D AlphabeticalAppsList: addAppsWithSections: adding sectionName: P with appInfoTitle: Phone
02-20 11:02:08.694  1164  1164 D AlphabeticalAppsList: addAppsWithSections: adding sectionName: S with appInfoTitle: Safety
02-20 11:02:08.694  1164  1164 D AlphabeticalAppsList: addAppsWithSections: adding sectionName: T with appInfoTitle: TMoble
02-20 11:02:08.694  1164  1164 D AlphabeticalAppsList: addAppsWithSections: adding sectionName: Y with appInfoTitle: YouTube
02-20 11:02:08.694  1164  1164 D AlphabeticalAppsList: Adding FastScrollSection duplicate to scroll to the bottom.
02-20 11:02:08.745  1164  1229 I PluginActionManager[com.android.systemui.action.ICON_WRAPPER_PLUGIN]: Found 0 plugins
02-20 11:02:08.745  1164  1229 I PluginActionManager[com.android.systemui.action.PLUGIN_CUSTOM_WIDGET]: Found 0 plugins
02-20 11:02:08.745  1506  1506 I 43-CredManRegistrationM: (REDACTED) [%s][%s] Success to register credentials
02-20 11:02:08.746  1164  1229 I PluginActionManager[com.android.systemui.action.PLUGIN_NETWORK_FETCHER_ACTIONS]: Found 0 plugins
02-20 11:02:08.746  1164  1229 I PluginActionManager[com.android.systemui.action.PLUGIN_LAUNCHER_OVERLAY]: Found 0 plugins
02-20 11:02:08.748  1164  1229 I PluginActionManager[com.android.systemui.action.PLUGIN_BC_SMARTSPACE_DATA]: Found 0 plugins
02-20 11:02:08.749  1164  1229 I PluginActionManager[com.android.systemui.action.PLUGIN_ALL_APPS_ACTIONS]: Found 0 plugins
02-20 11:02:08.814  1506  1506 I 43-CredManRegistrationM: (REDACTED) [%s][%s] Success to register credentials
02-20 11:02:08.851  1506  1506 I 43-CredManRegistrationM: (REDACTED) [%s][%s] Success to register credentials
02-20 11:02:08.891  1506  1506 I 43-CredManRegistrationM: (REDACTED) [%s][%s] Success to register credentials
02-20 11:02:08.961   748   748 D SelinuxAuditLogs: SelinuxAuditLogsService scheduled successfully.
02-20 11:02:08.961   748   748 D SdkSandboxManager: Property sdksandbox_next_activity_allowlist is empty.
02-20 11:02:08.961   748   748 D SdkSandboxManager: Property sdksandbox_next_contentprovider_allowlist is empty.
02-20 11:02:08.961   748   748 D SdkSandboxManager: Property sdksandbox_activity_allowlist_per_targetSdkVersion is empty.
02-20 11:02:08.962   748   748 D SdkSandboxManager: Property contentprovider_allowlist_per_targetSdkVersion is empty.
02-20 11:02:08.962   748   748 D SdkSandboxManager: Property services_allowlist_per_targetSdkVersion is empty.
02-20 11:02:08.964  1506  1506 I 43-CredManRegistrationM: (REDACTED) [%s][%s] Success to register credentials
02-20 11:02:09.010  1506  1506 I 43-CredManRegistrationM: (REDACTED) [%s][%s] Success to register credentials
02-20 11:02:09.028  1324  2681 W GetConfigSnapshotOp: Succeeded but not registered: com.google.android.platform.pixel_faceauth [CONTEXT service_id=51 ]
02-20 11:02:09.030  1324  2681 W PhBaseOp: Phenotype API error. Event: # hlmj@9d6625e1, EventCode: COMMIT_CONFIG [CONTEXT service_id=51 ]
02-20 11:02:09.030  1324  2681 W PhBaseOp: eiku: 29500: Empty (package not registered?) or malformed snapshot token for null: 
02-20 11:02:09.030  1324  2681 W PhBaseOp: 	at eims.d(:com.google.android.gms@253434038@25.34.34 (260800-800653487):1555)
02-20 11:02:09.030  1324  2681 W PhBaseOp: 	at eims.b(:com.google.android.gms@253434038@25.34.34 (260800-800653487):43)
02-20 11:02:09.030  1324  2681 W PhBaseOp: 	at eimr.i(:com.google.android.gms@253434038@25.34.34 (260800-800653487):3)
02-20 11:02:09.030  1324  2681 W PhBaseOp: 	at eimn.h(:com.google.android.gms@253434038@25.34.34 (260800-800653487):35)
02-20 11:02:09.030  1324  2681 W PhBaseOp: 	at eimn.f(:com.google.android.gms@253434038@25.34.34 (260800-800653487):17)
02-20 11:02:09.030  1324  2681 W PhBaseOp: 	at cjpi.fA(:com.google.android.gms@253434038@25.34.34 (260800-800653487):1)
02-20 11:02:09.030  1324  2681 W PhBaseOp: 	at cjpm.run(:com.google.android.gms@253434038@25.34.34 (260800-800653487):128)
02-20 11:02:09.030  1324  2681 W PhBaseOp: 	at gdme.run(:com.google.android.gms@253434038@25.34.34 (260800-800653487):21)
02-20 11:02:09.030  1324  2681 W PhBaseOp: 	at bbiq.c(:com.google.android.gms@253434038@25.34.34 (260800-800653487):50)
02-20 11:02:09.030  1324  2681 W PhBaseOp: 	at bbiq.run(:com.google.android.gms@253434038@25.34.34 (260800-800653487):70)
02-20 11:02:09.030  1324  2681 W PhBaseOp: 	at java.util.concurrent.ThreadPoolExecutor.runWorker(ThreadPoolExecutor.java:1154)
02-20 11:02:09.030  1324  2681 W PhBaseOp: 	at java.util.concurrent.ThreadPoolExecutor$Worker.run(ThreadPoolExecutor.java:652)
02-20 11:02:09.030  1324  2681 W PhBaseOp: 	at bboi.run(:com.google.android.gms@253434038@25.34.34 (260800-800653487):8)
02-20 11:02:09.030  1324  2681 W PhBaseOp: 	at java.lang.Thread.run(Thread.java:1563)
02-20 11:02:09.031  1324  2681 W AsyncOperation: operation=CommitToConfigurationOperationCall, opStatusCode=29500 [CONTEXT service_id=51 ]
02-20 11:02:09.031  1324  2681 W AsyncOperation: OperationException[Status{statusCode=Empty (package not registered?) or malformed snapshot token for null: , resolution=null}]
02-20 11:02:09.031  1324  2681 W AsyncOperation: 	at eimn.h(:com.google.android.gms@253434038@25.34.34 (260800-800653487):65)
02-20 11:02:09.031  1324  2681 W AsyncOperation: 	at eimn.f(:com.google.android.gms@253434038@25.34.34 (260800-800653487):17)
02-20 11:02:09.031  1324  2681 W AsyncOperation: 	at cjpi.fA(:com.google.android.gms@253434038@25.34.34 (260800-800653487):1)
02-20 11:02:09.031  1324  2681 W AsyncOperation: 	at cjpm.run(:com.google.android.gms@253434038@25.34.34 (260800-800653487):128)
02-20 11:02:09.031  1324  2681 W AsyncOperation: 	at gdme.run(:com.google.android.gms@253434038@25.34.34 (260800-800653487):21)
02-20 11:02:09.031  1324  2681 W AsyncOperation: 	at bbiq.c(:com.google.android.gms@253434038@25.34.34 (260800-800653487):50)
02-20 11:02:09.031  1324  2681 W AsyncOperation: 	at bbiq.run(:com.google.android.gms@253434038@25.34.34 (260800-800653487):70)
02-20 11:02:09.031  1324  2681 W AsyncOperation: 	at java.util.concurrent.ThreadPoolExecutor.runWorker(ThreadPoolExecutor.java:1154)
02-20 11:02:09.031  1324  2681 W AsyncOperation: 	at java.util.concurrent.ThreadPoolExecutor$Worker.run(ThreadPoolExecutor.java:652)
02-20 11:02:09.031  1324  2681 W AsyncOperation: 	at bboi.run(:com.google.android.gms@253434038@25.34.34 (260800-800653487):8)
02-20 11:02:09.031  1324  2681 W AsyncOperation: 	at java.lang.Thread.run(Thread.java:1563)
02-20 11:02:09.032  1324  5786 W PlatformConfigurator: Committing snapshot for pixel_faceauth failed [CONTEXT service_id=204 ]
02-20 11:02:09.032  1324  5786 W PlatformConfigurator: java.util.concurrent.ExecutionException: azqf: 29500: Empty (package not registered?) or malformed snapshot token for null: 
02-20 11:02:09.032  1324  5786 W PlatformConfigurator: 	at evmv.p(:com.google.android.gms@253434038@25.34.34 (260800-800653487):32)
02-20 11:02:09.032  1324  5786 W PlatformConfigurator: 	at evmv.o(:com.google.android.gms@253434038@25.34.34 (260800-800653487):44)
02-20 11:02:09.032  1324  5786 W PlatformConfigurator: 	at eirk.c(:com.google.android.gms@253434038@25.34.34 (260800-800653487):13)
02-20 11:02:09.032  1324  5786 W PlatformConfigurator: 	at eirk.e(:com.google.android.gms@253434038@25.34.34 (260800-800653487):28)
02-20 11:02:09.032  1324  5786 W PlatformConfigurator: 	at com.google.android.gms.platformconfigurator.PhenotypeConfigurationUpdateListener.g(:com.google.android.gms@253434038@25.34.34 (260800-800653487):66)
02-20 11:02:09.032  1324  5786 W PlatformConfigurator: 	at com.google.android.gms.platformconfigurator.PhenotypeConfigurationUpdateListener.onHandleIntent(:com.google.android.gms@253434038@25.34.34 (260800-800653487):582)
02-20 11:02:09.032  1324  5786 W PlatformConfigurator: 	at com.google.android.chimera.IntentOperation.onHandleIntent(:com.google.android.gms@253434038@25.34.34 (260800-800653487):2)
02-20 11:02:09.032  1324  5786 W PlatformConfigurator: 	at awci.onHandleIntent(:com.google.android.gms@253434038@25.34.34 (260800-800653487):8)
02-20 11:02:09.032  1324  5786 W PlatformConfigurator: 	at wzv.run(:com.google.android.gms@253434038@25.34.34 (260800-800653487):64)
02-20 11:02:09.032  1324  5786 W PlatformConfigurator: 	at wzu.run(:com.google.android.gms@253434038@25.34.34 (260800-800653487):132)
02-20 11:02:09.032  1324  5786 W PlatformConfigurator: 	at gdme.run(:com.google.android.gms@253434038@25.34.34 (260800-800653487):21)
02-20 11:02:09.032  1324  5786 W PlatformConfigurator: 	at java.util.concurrent.ThreadPoolExecutor.runWorker(ThreadPoolExecutor.java:1154)
02-20 11:02:09.032  1324  5786 W PlatformConfigurator: 	at java.util.concurrent.ThreadPoolExecutor$Worker.run(ThreadPoolExecutor.java:652)
02-20 11:02:09.032  1324  5786 W PlatformConfigurator: 	at java.lang.Thread.run(Thread.java:1563)
02-20 11:02:09.032  1324  5786 W PlatformConfigurator: Caused by: azqf: 29500: Empty (package not registered?) or malformed snapshot token for null: 
02-20 11:02:09.032  1324  5786 W PlatformConfigurator: 	at band.a(:com.google.android.gms@253434038@25.34.34 (260800-800653487):15)
02-20 11:02:09.032  1324  5786 W PlatformConfigurator: 	at azwj.b(:com.google.android.gms@253434038@25.34.34 (260800-800653487):11)
02-20 11:02:09.032  1324  5786 W PlatformConfigurator: 	at azwj.a(:com.google.android.gms@253434038@25.34.34 (260800-800653487):2)
02-20 11:02:09.032  1324  5786 W PlatformConfigurator: 	at eilz.a(:com.google.android.gms@253434038@25.34.34 (260800-800653487):3)
02-20 11:02:09.032  1324  5786 W PlatformConfigurator: 	at eimr.j(:com.google.android.gms@253434038@25.34.34 (260800-800653487):20)
02-20 11:02:09.032  1324  5786 W PlatformConfigurator: 	at cjpi.o(:com.google.android.gms@253434038@25.34.34 (260800-800653487):70)
02-20 11:02:09.032  1324  5786 W PlatformConfigurator: 	at cjpi.fA(:com.google.android.gms@253434038@25.34.34 (260800-800653487):15)
02-20 11:02:09.032  1324  5786 W PlatformConfigurator: 	at cjpm.run(:com.google.android.gms@253434038@25.34.34 (260800-800653487):128)
02-20 11:02:09.032  1324  5786 W PlatformConfigurator: 	at gdme.run(:com.google.android.gms@253434038@25.34.34 (260800-800653487):21)
02-20 11:02:09.032  1324  5786 W PlatformConfigurator: 	at bbiq.c(:com.google.android.gms@253434038@25.34.34 (260800-800653487):50)
02-20 11:02:09.032  1324  5786 W PlatformConfigurator: 	at bbiq.run(:com.google.android.gms@253434038@25.34.34 (260800-800653487):70)
02-20 11:02:09.032  1324  5786 W PlatformConfigurator: 	at java.util.concurrent.ThreadPoolExecutor.runWorker(ThreadPoolExecutor.java:1154)
02-20 11:02:09.032  1324  5786 W PlatformConfigurator: 	at java.util.concurrent.ThreadPoolExecutor$Worker.run(ThreadPoolExecutor.java:652)
02-20 11:02:09.032  1324  5786 W PlatformConfigurator: 	at bboi.run(:com.google.android.gms@253434038@25.34.34 (260800-800653487):8)
02-20 11:02:09.032  1324  5786 W PlatformConfigurator: 	... 1 more
02-20 11:02:09.039  1506  1506 I 43-CredManRegistrationM: (REDACTED) [%s][%s] Success to register credentials
02-20 11:02:09.072  1506  1506 I 43-CredManRegistrationM: (REDACTED) [%s][%s] Success to register credentials
02-20 11:02:09.162  1506  1506 I 43-CredManRegistrationM: (REDACTED) [%s][%s] Success to register credentials
02-20 11:02:09.212  1506  1506 I 43-CredManRegistrationM: (REDACTED) [%s][%s] Success to register credentials
02-20 11:02:09.239   237   237 I lowmemorykiller: lmkd data connection established
02-20 11:02:09.288   237   237 I lowmemorykiller: Wakeup counter is reset from 24 to 0
02-20 11:02:09.288   237   237 I lowmemorykiller: Using psi monitors for memory pressure detection
02-20 11:02:09.288   237   237 I lowmemorykiller: Properties reinitilized
02-20 11:02:09.289  5796  5796 I lowmemorykiller: lmkd updated properties successfully
02-20 11:02:09.289   237   237 I lowmemorykiller: lmkd data connection dropped
02-20 11:02:09.290   237   237 I lowmemorykiller: closing lmkd data connection
02-20 11:02:09.293  1506  1506 I 43-CredManRegistrationM: (REDACTED) [%s][%s] Success to register credentials
02-20 11:02:09.294   748   748 I AutofillManagerService: Ignoring change on package_deny_list_for_unimportant_view
02-20 11:02:09.367  1506  1506 I 43-CredManRegistrationM: (REDACTED) [%s][%s] Success to register credentials
02-20 11:02:09.371   748   748 I AutofillManagerService: Ignoring change on trigger_fill_request_on_filtered_important_views
02-20 11:02:09.371   748   748 I AutofillManagerService: Ignoring change on package_and_activity_allowlist_for_triggering_fill_request
02-20 11:02:09.371   748   748 I AutofillManagerService: Ignoring change on multiline_filter_enabled
02-20 11:02:09.371   748   748 I AutofillManagerService: Ignoring change on augmented_autofill_mode
02-20 11:02:09.371   748   748 I AutofillManagerService: Ignoring change on include_all_views_in_assist_structure
02-20 11:02:09.371   748   748 I AutofillManagerService: Ignoring change on should_enable_autofill_on_all_view_types
02-20 11:02:09.371   748   748 I AutofillManagerService: Ignoring change on autofill_save_dialog_landscape_body_height_max_percent
02-20 11:02:09.371   748   748 I AutofillManagerService: Ignoring change on non_autofillable_ime_action_ids
02-20 11:02:09.371   748   748 I AutofillManagerService: Ignoring change on autofill_save_dialog_portrait_body_height_max_percent
02-20 11:02:09.371   748   748 I AutofillManagerService: Ignoring change on include_all_autofill_type_not_none_views_in_assist_structure
02-20 11:02:09.372   748   748 I AutofillManagerService: Ignoring change on trigger_fill_request_on_unimportant_view
02-20 11:02:09.376   748   748 W RemoteAugmentedAutofillService: mayInterruptIfRunning not supported - ignoring
02-20 11:02:09.381   748   962 D BackgroundInstallControlService: Package event received: 0
02-20 11:02:09.384  1567  2339 I AiAiAutofill: Disconnected AiAiAugmentedAutofillService.
02-20 11:02:09.389  1567  1567 I AiAiAutofill: Created AiAiAugmentedAutofillService.
02-20 11:02:09.409  1567  2339 I AiAiAutofill: Connected AiAiAugmentedAutofillService.
02-20 11:02:09.448   748  1896 D OomAdjuster: Not killing cached processes
02-20 11:02:09.552  1506  1506 I 43-CredManRegistrationM: (REDACTED) [%s][%s] Success to register credentials
02-20 11:02:09.618  1506  1506 I 43-CredManRegistrationM: (REDACTED) [%s][%s] Success to register credentials
