--------- beginning of main
02-20 11:02:05.895   748   897 D MultiInternetWifiNetworkFactory: got request NetworkRequest [ REQUEST id=215, [ Capabilities: INTERNET&NOT_RESTRICTED&TRUSTED&NOT_VCN_MANAGED&NOT_BANDWIDTH_CONSTRAINED Uid: 10170 RequestorUid: 10170 RequestorPkg: com.google.android.apps.photos UnderlyingNetworks: Null] ]
02-20 11:02:05.901   748   897 D WifiNetworkFactory: got request NetworkRequest [ REQUEST id=215, [ Capabilities: INTERNET&NOT_RESTRICTED&TRUSTED&NOT_VCN_MANAGED&NOT_BANDWIDTH_CONSTRAINED Uid: 10170 RequestorUid: 10170 RequestorPkg: com.google.android.apps.photos UnderlyingNetworks: Null] ]
02-20 11:02:05.902   748   897 D UntrustedWifiNetworkFactory: got request NetworkRequest [ REQUEST id=215, [ Capabilities: INTERNET&NOT_RESTRICTED&TRUSTED&NOT_VCN_MANAGED&NOT_BANDWIDTH_CONSTRAINED Uid: 10170 RequestorUid: 10170 RequestorPkg: com.google.android.apps.photos UnderlyingNetworks: Null] ]
02-20 11:02:05.902   748   909 D ConnectivityService: NetReassign [215 : null → 100] [c 0] [a 0] [i 21]
02-20 11:02:05.912  1506  1506 I 43-CredManRegistrationM: (REDACTED) [%s][%s] Success to register credentials
02-20 11:02:05.949  1506  1506 I 43-CredManRegistrationM: (REDACTED) [%s][%s] Success to register credentials
02-20 11:02:05.988  1506  1506 I 43-CredManRegistrationM: (REDACTED) [%s][%s] Success to register credentials
02-20 11:02:06.047  1506  1506 I 43-CredManRegistrationM: (REDACTED) [%s][%s] Success to register credentials
02-20 11:02:06.075  1506  1506 I 43-CredManRegistrationM: (REDACTED) [%s][%s] Success to register credentials
--------- beginning of system
02-20 11:02:06.122   748  1276 I BroadcastQueue: BOOT_COMPLETED_BROADCAST_COMPLETION_LATENCY_REPORTED action:android.intent.action.BOOT_COMPLETED dispatchLatency:1 completeLatency:1420 dispatchRealLatency:1 completeRealLatency:1420 receiversSize:6 userId:0 userType:android.os.usertype.full.SYSTEM
02-20 11:02:06.121  5739  5762 D CompatChangeReporter: Compat change id reported: 270674727; UID 10170; state: ENABLED
02-20 11:02:06.127  1506  1506 I 43-CredManRegistrationM: (REDACTED) [%s][%s] Success to register credentials
02-20 11:02:06.140   748  1276 D CompatChangeReporter: Compat change id reported: 311208629; UID 10170; state: ENABLED
02-20 11:02:06.182  1506  1506 I 43-CredManRegistrationM: (REDACTED) [%s][%s] Success to register credentials
02-20 11:02:06.229  1506  1506 I 43-CredManRegistrationM: (REDACTED) [%s][%s] Success to register credentials
02-20 11:02:06.265  1506  1506 I 43-CredManRegistrationM: (REDACTED) [%s][%s] Success to register credentials
02-20 11:02:06.339  1506  1506 I 43-CredManRegistrationM: (REDACTED) [%s][%s] Success to register credentials
02-20 11:02:06.368  1506  1506 I 43-CredManRegistrationM: (REDACTED) [%s][%s] Success to register credentials
02-20 11:02:06.386   748  1276 W ActivityTaskManager: callingPackage for (uid=2000, pid=5781) has no WPC
02-20 11:02:06.387   748  1276 V WindowManager: DesktopModeLaunchParamsModifier: phase= 0 task=null activity=null display-area-from-current-params=null display-area-from-default-fallback=DefaultTaskDisplayArea@135615740 display-id=0 task-display-area-windowing-mode=1 suggested-display-area=DefaultTaskDisplayArea@135615740 task null, skipping
02-20 11:02:06.387   748  1276 V WindowManager: TaskLaunchParamsModifier:phase=0 task=null activity=null display-area-from-current-params=null display-area-from-default-fallback=DefaultTaskDisplayArea@135615740 display-id=0 task-display-area-windowing-mode=1 suggested-display-area=DefaultTaskDisplayArea@135615740
02-20 11:02:06.397   748  1276 V GrammaticalInflectionUtils: AttributionSource: android.content.AttributionSource@72cd6011 does not have READ_SYSTEM_GRAMMATICAL_GENDER permission.
02-20 11:02:06.405   748  1276 V WindowManager: DesktopModeLaunchParamsModifier: phase= 0 task=null activity=ActivityRecord{68012828 u0 com.campus.placement/.MainActivity display-area-from-current-params=null display-area-for-record=DefaultTaskDisplayArea@135615740 display-id=0 task-display-area-windowing-mode=1 suggested-display-area=DefaultTaskDisplayArea@135615740 task null, skipping
02-20 11:02:06.406   748  1276 V WindowManager: TaskLaunchParamsModifier:phase=0 task=null activity=ActivityRecord{68012828 u0 com.campus.placement/.MainActivity t-1} display-area-from-current-params=null display-area-for-record=DefaultTaskDisplayArea@135615740 display-id=0 task-display-area-windowing-mode=1 suggested-display-area=DefaultTaskDisplayArea@135615740
02-20 11:02:06.406   748  1276 V WindowManager: DesktopModeLaunchParamsModifier: phase= 3 task=Task{c073569 #17 type=standard A=10227:com.campus.placement} activity=ActivityRecord{68012828 u0 com.campus.placement/.MainActivity t-1} display-from-task=0 display-id=0 task-display-area-windowing-mode=1 suggested-display-area=DefaultTaskDisplayArea@135615740 not entering desktop mode, skipping
02-20 11:02:06.406   748  1276 V WindowManager: TaskLaunchParamsModifier:phase=3 task=Task{c073569 #17 type=standard A=10227:com.campus.placement} activity=ActivityRecord{68012828 u0 com.campus.placement/.MainActivity t-1} display-from-task=0 display-id=0 task-display-area-windowing-mode=1 suggested-display-area=DefaultTaskDisplayArea@135615740 inherit-from-task=fullscreen non-freeform-task-display-area display-area=DefaultTaskDisplayArea@135615740 skip-bounds-fullscreen
02-20 11:02:06.408   748  1276 V WindowManager: DesktopModeLaunchParamsModifier: phase= 3 task=Task{c073569 #17 type=standard A=10227:com.campus.placement} activity=ActivityRecord{68012828 u0 com.campus.placement/.MainActivity t-1} display-from-task=0 display-id=0 task-display-area-windowing-mode=1 suggested-display-area=DefaultTaskDisplayArea@135615740 not entering desktop mode, skipping
02-20 11:02:06.409   748  1276 V WindowManager: TaskLaunchParamsModifier:phase=3 task=Task{c073569 #17 type=standard A=10227:com.campus.placement} activity=ActivityRecord{68012828 u0 com.campus.placement/.MainActivity t-1} display-from-task=0 display-id=0 task-display-area-windowing-mode=1 suggested-display-area=DefaultTaskDisplayArea@135615740 inherit-from-task=fullscreen non-freeform-task-display-area display-area=DefaultTaskDisplayArea@135615740 skip-bounds-fullscreen
02-20 11:02:06.412  1506  1506 I 43-CredManRegistrationM: (REDACTED) [%s][%s] Success to register credentials
02-20 11:02:06.413   748  1276 I ActivityTaskManager: START u0 {flg=0x10000000 xflg=0x5 cmp=com.campus.placement/.MainActivity} with LAUNCH_MULTIPLE from uid 2000 (com.android.shell) (BAL_ALLOW_PERMISSION) result code=3
02-20 11:02:06.413  4396  4610 D KeyguardService: setOccluded(false)
02-20 11:02:06.415  4396  4610 D KeyguardViewMediator: setOccluded(false)
02-20 11:02:06.419  4396  4396 D KeyguardViewMediator: handleSetOccluded(false)
02-20 11:02:06.419   587   619 I libbinder.BpBinder: onLastStrongRef automatically unlinking death recipients for descriptor: '(not cached)'
02-20 11:02:06.420  4396  4396 D KeyguardViewMediator: KeyguardViewMediator queue processing message: SET_OCCLUDED
02-20 11:02:06.423  4396  4412 D WindowManagerShell: onActivityRestartAttempt: topActivity=ComponentInfo{com.campus.placement/com.campus.placement.MainActivity}, wasVisible=true, displayId=0, pipDisplayLayoutState#displayId=0
02-20 11:02:06.438   748  2147 W JobScheduler: Job didn't exist in JobStore: edaa156 {androidx.work.systemjobscheduler} #u0a170/555000000 #OptimisticActionWorker#@androidx.work.systemjobscheduler@com.google.android.apps.photos/androidx.work.impl.background.systemjob.SystemJobService
02-20 11:02:06.454  1506  1506 I 43-CredManRegistrationM: (REDACTED) [%s][%s] Success to register credentials
02-20 11:02:06.476  1506  1506 I 43-CredManRegistrationM: (REDACTED) [%s][%s] Success to register credentials
02-20 11:02:06.501  1506  1506 I 43-CredManRegistrationM: (REDACTED) [%s][%s] Success to register credentials
02-20 11:02:06.548  1506  1506 I 43-CredManRegistrationM: (REDACTED) [%s][%s] Success to register credentials
02-20 11:02:06.569  1506  1506 I 43-CredManRegistrationM: (REDACTED) [%s][%s] Success to register credentials
02-20 11:02:06.592  1506  1506 I 43-CredManRegistrationM: (REDACTED) [%s][%s] Success to register credentials
02-20 11:02:06.612  1506  1506 I 43-CredManRegistrationM: (REDACTED) [%s][%s] Success to register credentials
02-20 11:02:06.621   748   813 I AppsFilter: interaction: PackageSetting{e299d7b com.campus.placement/10227} -> PackageSetting{4ca1dd com.google.android.apps.photos/10170} BLOCKED
02-20 11:02:06.621   748   813 I AppsFilter: interaction: PackageSetting{83c0909 com.android.microdroid.empty_payload/10213} -> PackageSetting{4ca1dd com.google.android.apps.photos/10170} BLOCKED
02-20 11:02:06.645  1506  1506 I 43-CredManRegistrationM: (REDACTED) [%s][%s] Success to register credentials
02-20 11:02:06.646   748   942 D AppWidgetServiceImpl: Trying to notify widget providers changed
02-20 11:02:06.649   748   960 D ShortcutService: received package broadcast intent: Intent { act=android.intent.action.PACKAGE_CHANGED dat=package: flg=0x45000010 (has extras) }
02-20 11:02:06.649   748   960 D ShortcutService: changing package: com.google.android.apps.photos userId=0
02-20 11:02:06.654   748   857 I RoleService: Granting default roles...
02-20 11:02:06.686  4396  4396 D ControlsListingControllerImpl: ServiceConfig reloaded, count: 0
02-20 11:02:06.687   748   960 D ShortcutService: received package broadcast intent: Intent { act=android.intent.action.PACKAGE_CHANGED dat=package: flg=0x45000010 (has extras) }
02-20 11:02:06.687   748   960 D ShortcutService: changing package: com.google.android.apps.photos userId=0
02-20 11:02:06.687  4396  4447 I PluginActionManager[com.android.systemui.action.FALSING_PLUGIN]: Found 0 plugins
02-20 11:02:06.688  4396  4447 I PluginActionManager[com.android.systemui.action.PLUGIN_SENSOR_MANAGER]: Found 0 plugins
02-20 11:02:06.688   748   942 D AppWidgetServiceImpl: Trying to notify widget providers changed
02-20 11:02:06.689  4396  4447 I PluginActionManager[com.android.systemui.action.PLUGIN_AUTH_CONTEXT]: Found 0 plugins
02-20 11:02:06.689  4396  4447 I PluginActionManager[com.android.systemui.action.PLUGIN_VOLUME]: Found 0 plugins
02-20 11:02:06.690  4396  4447 I PluginActionManager[com.android.systemui.action.PLUGIN_TOAST]: Found 0 plugins
02-20 11:02:06.692  1161  1161 D CarrierSvcBindHelper: onPackageModified: com.google.android.apps.photos
02-20 11:02:06.693   748  2992 W SignedPackage: Package doesn't have required signing certificate: com.google.android.retaildemo
02-20 11:02:06.694  4396  4447 I PluginActionManager[com.android.systemui.action.PLUGIN_GLOBAL_ACTIONS]: Found 0 plugins
02-20 11:02:06.694   748  2992 E RoleControllerServiceImpl: Default/fallback role holder package doesn't qualify for the role, package: com.google.android.gms.supervision, role: android.app.role.SYSTEM_SUPERVISION, user: 0
02-20 11:02:06.694  1161  1161 D CarrierSvcBindHelper: No carrier app for: 0
02-20 11:02:06.696  1161  1302 I SatelliteAppTracker: onPackageModified : com.google.android.apps.photos
02-20 11:02:06.697  4396  4447 I PluginActionManager[com.android.systemui.action.PLUGIN_QS]: Found 0 plugins
02-20 11:02:06.697   748  2144 W ParceledListSlice: Element #26 is 18668 bytes.
02-20 11:02:06.698  1161  1302 E SatelliteAppTracker: packageName: com.google.android.apps.photos, value: null
02-20 11:02:06.700   748  2147 W ParceledListSlice: Element #27 is 18848 bytes.
02-20 11:02:06.701   748  2147 W ParceledListSlice: Element #28 is 19108 bytes.
02-20 11:02:06.701   748  2147 W ParceledListSlice: Element #29 is 18572 bytes.
02-20 11:02:06.704   748  2992 W SignedPackage: Package doesn't have required signing certificate: com.google.android.apps.work.clouddpc
02-20 11:02:06.708  4396  4447 I PluginActionManager[com.android.systemui.action.PLUGIN_NOTIFICATION_ASSISTANT]: Found 0 plugins
02-20 11:02:06.710   748   962 D BackgroundInstallControlService: Package event received: 0
02-20 11:02:06.711  4396  4447 I PluginActionManager[com.android.systemui.action.PLUGIN_OVERLAY]: Found 0 plugins
02-20 11:02:06.715  4396  4447 I PluginActionManager[com.android.systemui.action.PLUGIN_NOTIFICATION_MENU_ROW]: Found 0 plugins
02-20 11:02:06.719  4396  4447 I PluginActionManager[com.android.systemui.action.PLUGIN_NOTIFICATION_MENU_ROW]: Found 0 plugins
02-20 11:02:06.722  1161  1161 E SmsApplication: com.google.android.apps.messaging lost android:read_cell_broadcasts:  (fixing)
02-20 11:02:06.723   748  1276 W AppOpService: Ignored setUidMode call for runtime permission app op: uid = 10154, code = READ_CELL_BROADCASTS, mode = allow, callingUid = 1001, oldMode = allow
02-20 11:02:06.732   748   986 D ActivityManager: sync unfroze 1281 com.google.android.permissioncontroller for 6
02-20 11:02:06.740   748   962 D BackgroundInstallControlService: Package event received: 0
02-20 11:02:06.751   748  2144 W AppOpService: Ignored setUidMode call for runtime permission app op: uid = 1001, code = READ_SMS, mode = allow, callingUid = 1001, oldMode = allow
02-20 11:02:06.752   748  2147 W AppOpService: Ignored setUidMode call for runtime permission app op: uid = 1001, code = RECEIVE_SMS, mode = allow, callingUid = 1001, oldMode = allow
02-20 11:02:06.754   748  2147 W AppOpService: Ignored setUidMode call for runtime permission app op: uid = 1001, code = RECEIVE_WAP_PUSH, mode = allow, callingUid = 1001, oldMode = allow
02-20 11:02:06.756   748  2147 W AppOpService: Ignored setUidMode call for runtime permission app op: uid = 1001, code = SEND_SMS, mode = allow, callingUid = 1001, oldMode = allow
02-20 11:02:06.757   748  2147 W AppOpService: Ignored setUidMode call for runtime permission app op: uid = 1001, code = READ_CELL_BROADCASTS, mode = allow, callingUid = 1001, oldMode = allow
02-20 11:02:06.764  1506  1506 I 43-CredManRegistrationM: (REDACTED) [%s][%s] Success to register credentials
02-20 11:02:06.785  1161  1399 D ImsResolver: maybeAddedImsService, packageName: com.google.android.apps.photos
02-20 11:02:06.788  1161  1399 V ImsResolver: searchForImsServices: package=com.google.android.apps.photos, users=[UserHandle{0}]
02-20 11:02:06.789  1161  1399 V ImsResolver: searchForImsServices: package=com.google.android.apps.photos, users=[UserHandle{0}]
02-20 11:02:06.799  1161  1161 D SatelliteController: packageStateChanged: package:com.google.android.apps.photos defaultSmsPackageName: com.google.android.apps.messaging satelliteGatewayServicePackageName: 
02-20 11:02:06.806   748  2147 W ProcessStats: Tracking association SourceState{7fe4634 system/1000 ImpFg #9234} whose proc state 5 is better than process ProcessState{2b8935e com.google.android.permissioncontroller/10204 pkg=com.google.android.permissioncontroller} proc state 14 (1 skipped)
02-20 11:02:06.818  1161  1437 E SmsApplication: com.google.android.apps.messaging lost android:read_cell_broadcasts:  (fixing)
02-20 11:02:06.818   748  2144 W AppOpService: Ignored setUidMode call for runtime permission app op: uid = 10154, code = READ_CELL_BROADCASTS, mode = allow, callingUid = 1001, oldMode = allow
02-20 11:02:06.820   748  2144 W AppOpService: Ignored setUidMode call for runtime permission app op: uid = 1001, code = READ_SMS, mode = allow, callingUid = 1001, oldMode = allow
02-20 11:02:06.821   748  2147 W AppOpService: Ignored setUidMode call for runtime permission app op: uid = 1001, code = RECEIVE_SMS, mode = allow, callingUid = 1001, oldMode = allow
02-20 11:02:06.821   748  2147 W AppOpService: Ignored setUidMode call for runtime permission app op: uid = 1001, code = RECEIVE_WAP_PUSH, mode = allow, callingUid = 1001, oldMode = allow
02-20 11:02:06.821  1281  5229 I PermissionControllerServiceImpl: Updating user sensitive for uid 10170
02-20 11:02:06.822   748  2147 W AppOpService: Ignored setUidMode call for runtime permission app op: uid = 1001, code = SEND_SMS, mode = allow, callingUid = 1001, oldMode = allow
02-20 11:02:06.822   748  2144 W AppOpService: Ignored setUidMode call for runtime permission app op: uid = 1001, code = READ_CELL_BROADCASTS, mode = allow, callingUid = 1001, oldMode = allow
02-20 11:02:06.823  1161  1437 D SatelliteAccessController: Current default SMS app:ComponentInfo{com.google.android.apps.messaging/com.google.android.apps.messaging.shared.receiver.SmsDeliverReceiver}
02-20 11:02:06.823  1161  1437 D SatelliteController: getSelectedSatelliteSubId: subId=-1
02-20 11:02:06.825  1161  1437 D SatelliteAccessController: supportedMsgApps:com.google.android.apps.messaging
02-20 11:02:06.841  1281  5229 I PermissionControllerServiceImpl: Updating user sensitive for uid 10170
02-20 11:02:06.856   748  2992 E RoleControllerServiceImpl: Default/fallback role holder package doesn't qualify for the role, package: com.google.android.gms, role: android.app.role.WALLET, user: 0
02-20 11:02:06.938   748   880 V AccessibilityUserState: updateShortcutTargets: type:accessibility_shortcut_target_service, current:{}, new:{}
02-20 11:02:06.938   748   880 V AccessibilityUserState: updateShortcutTargets: type:accessibility_qs_targets, current:{}, new:{}
02-20 11:02:06.939  1506  1506 I 43-CredManRegistrationM: (REDACTED) [%s][%s] Success to register credentials
02-20 11:02:06.944   748   880 V AccessibilityUserState: updateShortcutTargets: type:accessibility_button_targets, current:{}, new:{}
02-20 11:02:06.945   748   880 V AccessibilityUserState: updateShortcutTargets: type:accessibility_gesture_targets, current:{}, new:{}
02-20 11:02:06.945   748   880 V AccessibilityUserState: updateShortcutTargets: type:accessibility_key_gesture_targets, current:{}, new:{}
02-20 11:02:06.965   748   880 V AccessibilityManagerService: onUserStateChangedLocked for userId: 0, forceUpdate: false
02-20 11:02:06.969   748   880 V AccessibilityUserState: updateShortcutTargets: type:accessibility_shortcut_target_service, current:{}, new:{}
02-20 11:02:06.969   748   880 V AccessibilityUserState: updateShortcutTargets: type:accessibility_button_targets, current:{}, new:{}
02-20 11:02:06.969   748   880 V AccessibilityUserState: updateShortcutTargets: type:accessibility_gesture_targets, current:{}, new:{}
02-20 11:02:06.969   748   880 V AccessibilityUserState: updateShortcutTargets: type:accessibility_qs_targets, current:{}, new:{}
02-20 11:02:06.972   748   880 V AccessibilityUserState: updateShortcutTargets: type:accessibility_key_gesture_targets, current:{}, new:{}
02-20 11:02:06.972   748   880 W MagnificationConnectionManager: requestConnection duplicated request: connect=false, mConnectionState=DISCONNECTED
02-20 11:02:06.975   748   748 W libbinder.IPCThreadState: Sending oneway calls to frozen process.
02-20 11:02:06.976   748   748 W libbinder.IPCThreadState: Sending oneway calls to frozen process.
02-20 11:02:06.977   748   748 W libbinder.IPCThreadState: Sending oneway calls to frozen process.
02-20 11:02:06.979   748   748 W libbinder.IPCThreadState: Sending oneway calls to frozen process.
02-20 11:02:06.982  1506  1506 I 43-CredManRegistrationM: (REDACTED) [%s][%s] Success to register credentials
02-20 11:02:07.013  1506  1506 I 43-CredManRegistrationM: (REDACTED) [%s][%s] Success to register credentials
02-20 11:02:07.016   748   783 W libbinder.IPCThreadState: Sending oneway calls to frozen process.
02-20 11:02:07.019  1567  4542 I AiAiEcho: AppIndexer Package:[com.google.android.apps.photos] UserProfile:[0] Enabled:[true].
02-20 11:02:07.019  1567  4542 I AiAiEcho: AppFetcherImplV2 updateApps package:[com.google.android.apps.photos], userId:[0], reason:[package is updated.].
02-20 11:02:07.041  1506  1506 I 43-CredManRegistrationM: (REDACTED) [%s][%s] Success to register credentials
02-20 11:02:07.062   748  2992 W SignedPackage: Cannot get ApplicationInfo for package: com.google.android.devicelockcontroller
02-20 11:02:07.075  1506  1506 I 43-CredManRegistrationM: (REDACTED) [%s][%s] Success to register credentials
02-20 11:02:07.184  1506  1506 I 43-CredManRegistrationM: (REDACTED) [%s][%s] Success to register credentials
02-20 11:02:07.295  1506  1506 I 43-CredManRegistrationM: (REDACTED) [%s][%s] Success to register credentials
02-20 11:02:07.300  1506  1561 I fpdo    : (REDACTED) Shared storage file not found for %s
02-20 11:02:07.372  1506  1506 I 43-CredManRegistrationM: (REDACTED) [%s][%s] Success to register credentials
02-20 11:02:07.454  1164  1186 W System  : A resource failed to call release. 
02-20 11:02:07.455  1565  1709 D PickerSyncLockManager: Trying to acquire lock com.android.providers.media.photopicker.sync.CloseableReentrantLock@186d250[Unlocked]. Lock Name = CLOUD_PROVIDER_LOCK. Threads that may be waiting to acquire this lock = []
02-20 11:02:07.455  1565  1709 D CloseableReentrantLock: Successfully acquired lock com.android.providers.media.photopicker.sync.CloseableReentrantLock@186d250[Locked by thread fg]. Lock Name = CLOUD_PROVIDER_LOCK. Threads that may be waiting to acquire this lock = []
02-20 11:02:07.455  1565  1709 D CloseableReentrantLock: Successfully released lock com.android.providers.media.photopicker.sync.CloseableReentrantLock@186d250[Unlocked]. Lock Name = CLOUD_PROVIDER_LOCK. Threads that may be waiting to acquire this lock = []
02-20 11:02:07.455   748  4901 E SettingsToPropertiesMapper: key=persist.device_config.storage_native_boot.transcode_compat_manifest value=com.yelp.android,0,com.yy.biu,0,com.groupme.android,0,air.tv.douyu.android,0,com.baidu.mbaby,0,com.vlocker.locker,0,com.znxh.hyhuo,0,com.yixia.xiaokaxiu,0 exceeds system property max length.
02-20 11:02:07.473  1565  1649 I MediaApplication: PhotoPickerSettingsActivity is now enabled
02-20 11:02:07.481  1565  1631 I TranscodeHelper: Empty transcode compat stale
02-20 11:02:07.487  1565  1631 I TranscodeHelper: Parsed 0 packages from resource
02-20 11:02:07.493  1565  1631 I TranscodeHelper: Parsed 8 packages from device config
02-20 11:02:07.495  1565  1649 I SyncWorkManager: Scheduling periodic proactive syncs
02-20 11:02:07.505   748   785 D ActivityManager: sync unfroze 3986 com.google.android.photopicker for 3
02-20 11:02:07.514  1565  1649 I SyncWorkManager: Scheduling periodic picker album data resets
02-20 11:02:07.514   748  2147 D FileUtils: Rounded bytes from 2061942784 to 4000000000
02-20 11:02:07.514  1565  1631 I MediaProvider: Changed PhotoPickerGetContentActivity component state to STATE_ENABLED ( 1 )
02-20 11:02:07.517  3986  3986 D PhotopickerDeviceConfigReceiver: onReceive: will evaluate Photopicker components with new DeviceConfig.
02-20 11:02:07.517  3986  3986 D PhotopickerDeviceConfigReceiver: Setting true state for com.android.photopicker.MainActivity
02-20 11:02:07.523  3986  3986 D PhotopickerDeviceConfigReceiver: Setting true state for com.android.photopicker.PhotopickerGetContentActivity
02-20 11:02:07.529  1565  1649 D PickerSyncLockManager: Trying to acquire lock com.android.providers.media.photopicker.sync.CloseableReentrantLock@186d250[Unlocked]. Lock Name = CLOUD_PROVIDER_LOCK. Threads that may be waiting to acquire this lock = []
02-20 11:02:07.529  1565  1649 D CloseableReentrantLock: Successfully acquired lock com.android.providers.media.photopicker.sync.CloseableReentrantLock@186d250[Locked by thread com.android.providers.media.internal.modules.utils.BackgroundThread]. Lock Name = CLOUD_PROVIDER_LOCK. Threads that may be waiting to acquire this lock = []
02-20 11:02:07.530  3986  3986 D PhotopickerDeviceConfigReceiver: Setting true state for com.android.photopicker.PhotopickerUserSelectActivity
02-20 11:02:07.537  1565  1631 I MediaProvider: Changed PhotoPickerActivity component state to STATE_ENABLED ( 1 )
02-20 11:02:07.539  1565  1631 I MediaProvider: Changed PhotoPickerUserSelectActivity component state to STATE_ENABLED ( 1 )
02-20 11:02:07.550  1565  1649 D CloudProviderUtils: Available CloudMediaProvider-s: [CloudProviderInfo{authority='com.google.android.apps.photos.cloudpicker', pkg='com.google.android.apps.photos', uid=10170}]
02-20 11:02:07.550  1565  1649 I PickerSyncController: Only 1 cloud provider found, hence com.google.android.apps.photos.cloudpicker is the default
02-20 11:02:07.566  1565  1649 D PickerSyncLockManager: Trying to acquire lock com.android.providers.media.photopicker.sync.CloseableReentrantLock@186d250[Locked by thread com.android.providers.media.internal.modules.utils.BackgroundThread]. Lock Name = CLOUD_PROVIDER_LOCK. Threads that may be waiting to acquire this lock = []
02-20 11:02:07.566  1565  1649 D CloseableReentrantLock: Successfully acquired lock com.android.providers.media.photopicker.sync.CloseableReentrantLock@186d250[Locked by thread com.android.providers.media.internal.modules.utils.BackgroundThread]. Lock Name = CLOUD_PROVIDER_LOCK. Threads that may be waiting to acquire this lock = []
02-20 11:02:07.567  1565  1649 D CloseableReentrantLock: Successfully released lock com.android.providers.media.photopicker.sync.CloseableReentrantLock@186d250[Locked by thread com.android.providers.media.internal.modules.utils.BackgroundThread]. Lock Name = CLOUD_PROVIDER_LOCK. Threads that may be waiting to acquire this lock = []
02-20 11:02:07.567  1565  1649 D PickerSyncController: Initialized cloud provider to: com.google.android.apps.photos.cloudpicker
02-20 11:02:07.567  1565  1649 D CloseableReentrantLock: Successfully released lock com.android.providers.media.photopicker.sync.CloseableReentrantLock@186d250[Unlocked]. Lock Name = CLOUD_PROVIDER_LOCK. Threads that may be waiting to acquire this lock = []
02-20 11:02:07.567  1506  1506 I 43-CredManRegistrationM: (REDACTED) [%s][%s] Success to register credentials
02-20 11:02:07.601  1324  5768 I NetworkScheduler.Stats: (REDACTED) Task %s/%s started execution. cause:%s exec_start_elapsed_seconds: %s
02-20 11:02:07.617  1324  5786 I PlatformConfigurator: updateFromConfigurations using legacy put method [CONTEXT service_id=204 ]
02-20 11:02:07.620  1324  5734 I TapAndPay: deviceSupportsHce has detected emulator [CONTEXT service_id=79 ]
02-20 11:02:07.640  1506  1506 I 43-CredManRegistrationM: (REDACTED) [%s][%s] Success to register credentials
02-20 11:02:07.648  1324  5734 I TapAndPay: NfcAdapter is null while obtaining CardEmulation instance. [CONTEXT service_id=79 ]
02-20 11:02:07.663  1164  1229 D AlphabeticIndexCompat: computeSectionName: cs: Settings sectionName: S
02-20 11:02:07.664  1164  1229 D AlphabeticIndexCompat: computeSectionName: cs: Photos sectionName: P
02-20 11:02:07.664  1164  1229 D AlphabeticIndexCompat: computeSectionName: cs: Battery sectionName: B
02-20 11:02:07.665  1164  1229 D AlphabeticIndexCompat: computeSectionName: cs: Chrome sectionName: C
02-20 11:02:07.665  1164  1229 D AlphabeticIndexCompat: computeSectionName: cs: Gmail sectionName: G
02-20 11:02:07.668  1164  1229 D AlphabeticIndexCompat: computeSectionName: cs: Drive sectionName: D
02-20 11:02:07.668  1164  1229 D AlphabeticIndexCompat: computeSectionName: cs: Clock sectionName: C
02-20 11:02:07.673  1164  1229 D AlphabeticIndexCompat: computeSectionName: cs: Contacts sectionName: C
02-20 11:02:07.673  1164  1229 D AlphabeticIndexCompat: computeSectionName: cs: Calendar sectionName: C
02-20 11:02:07.674  1164  1229 D AlphabeticIndexCompat: computeSectionName: cs: Maps sectionName: M
02-20 11:02:07.678  1324  5793 I NetworkScheduler.Stats: (REDACTED) Task %s/%s finished executing. cause:%s result: %s elapsed_millis: %s uptime_millis: %s exec_start_elapsed_seconds: %s
02-20 11:02:07.680  1164  1229 D AlphabeticIndexCompat: computeSectionName: cs: YouTube Music sectionName: Y
02-20 11:02:07.681  1164  1229 D AlphabeticIndexCompat: computeSectionName: cs: YouTube sectionName: Y
02-20 11:02:07.681  1164  1229 D AlphabeticIndexCompat: computeSectionName: cs: Google sectionName: G
02-20 11:02:07.683  1164  1229 D AlphabeticIndexCompat: computeSectionName: cs: Android System Intelligence sectionName: A
02-20 11:02:07.685  1164  1229 D AlphabeticIndexCompat: computeSectionName: cs: Digital Wellbeing sectionName: D
02-20 11:02:07.685  1164  1229 D AlphabeticIndexCompat: computeSectionName: cs: Conversations sectionName: C
02-20 11:02:07.691  1506  1506 I 43-CredManRegistrationM: (REDACTED) [%s][%s] Success to register credentials
02-20 11:02:07.696   748  2148 W ParceledListSlice: Element #26 is 18668 bytes.
02-20 11:02:07.697   748  2148 W ParceledListSlice: Element #27 is 18848 bytes.
02-20 11:02:07.697   748  2148 W ParceledListSlice: Element #28 is 19108 bytes.
02-20 11:02:07.697   748  2148 W ParceledListSlice: Element #29 is 18572 bytes.
02-20 11:02:07.724  1506  1506 I 43-CredManRegistrationM: (REDACTED) [%s][%s] Success to register credentials
02-20 11:02:07.745  1324  2681 W GetConfigSnapshotOp: Succeeded but not registered: com.google.android.platform.com_android_extservices [CONTEXT service_id=51 ]
02-20 11:02:07.754  1324  2681 W PhBaseOp: Phenotype API error. Event: # hlmj@99e35224, EventCode: COMMIT_CONFIG [CONTEXT service_id=51 ]
02-20 11:02:07.754  1324  2681 W PhBaseOp: eiku: 29500: Empty (package not registered?) or malformed snapshot token for null: 
02-20 11:02:07.754  1324  2681 W PhBaseOp: 	at eims.d(:com.google.android.gms@253434038@25.34.34 (260800-800653487):1555)
02-20 11:02:07.754  1324  2681 W PhBaseOp: 	at eims.b(:com.google.android.gms@253434038@25.34.34 (260800-800653487):43)
02-20 11:02:07.754  1324  2681 W PhBaseOp: 	at eimr.i(:com.google.android.gms@253434038@25.34.34 (260800-800653487):3)
02-20 11:02:07.754  1324  2681 W PhBaseOp: 	at eimn.h(:com.google.android.gms@253434038@25.34.34 (260800-800653487):35)
02-20 11:02:07.754  1324  2681 W PhBaseOp: 	at eimn.f(:com.google.android.gms@253434038@25.34.34 (260800-800653487):17)
02-20 11:02:07.754  1324  2681 W PhBaseOp: 	at cjpi.fA(:com.google.android.gms@253434038@25.34.34 (260800-800653487):1)
02-20 11:02:07.754  1324  2681 W PhBaseOp: 	at cjpm.run(:com.google.android.gms@253434038@25.34.34 (260800-800653487):128)
02-20 11:02:07.754  1324  2681 W PhBaseOp: 	at gdme.run(:com.google.android.gms@253434038@25.34.34 (260800-800653487):21)
02-20 11:02:07.754  1324  2681 W PhBaseOp: 	at bbiq.c(:com.google.android.gms@253434038@25.34.34 (260800-800653487):50)
02-20 11:02:07.754  1324  2681 W PhBaseOp: 	at bbiq.run(:com.google.android.gms@253434038@25.34.34 (260800-800653487):70)
02-20 11:02:07.754  1324  2681 W PhBaseOp: 	at java.util.concurrent.ThreadPoolExecutor.runWorker(ThreadPoolExecutor.java:1154)
02-20 11:02:07.754  1324  2681 W PhBaseOp: 	at java.util.concurrent.ThreadPoolExecutor$Worker.run(ThreadPoolExecutor.java:652)
02-20 11:02:07.754  1324  2681 W PhBaseOp: 	at bboi.run(:com.google.android.gms@253434038@25.34.34 (260800-800653487):8)
02-20 11:02:07.754  1324  2681 W PhBaseOp: 	at java.lang.Thread.run(Thread.java:1563)
02-20 11:02:07.759  1324  2681 W AsyncOperation: operation=CommitToConfigurationOperationCall, opStatusCode=29500 [CONTEXT service_id=51 ]
02-20 11:02:07.759  1324  2681 W AsyncOperation: OperationException[Status{statusCode=Empty (package not registered?) or malformed snapshot token for null: , resolution=null}]
02-20 11:02:07.759  1324  2681 W AsyncOperation: 	at eimn.h(:com.google.android.gms@253434038@25.34.34 (260800-800653487):65)
02-20 11:02:07.759  1324  2681 W AsyncOperation: 	at eimn.f(:com.google.android.gms@253434038@25.34.34 (260800-800653487):17)
02-20 11:02:07.759  1324  2681 W AsyncOperation: 	at cjpi.fA(:com.google.android.gms@253434038@25.34.34 (260800-800653487):1)
02-20 11:02:07.759  1324  2681 W AsyncOperation: 	at cjpm.run(:com.google.android.gms@253434038@25.34.34 (260800-800653487):128)
02-20 11:02:07.759  1324  2681 W AsyncOperation: 	at gdme.run(:com.google.android.gms@253434038@25.34.34 (260800-800653487):21)
02-20 11:02:07.759  1324  2681 W AsyncOperation: 	at bbiq.c(:com.google.android.gms@253434038@25.34.34 (260800-800653487):50)
02-20 11:02:07.759  1324  2681 W AsyncOperation: 	at bbiq.run(:com.google.android.gms@253434038@25.34.34 (260800-800653487):70)
02-20 11:02:07.759  1324  2681 W AsyncOperation: 	at java.util.concurrent.ThreadPoolExecutor.runWorker(ThreadPoolExecutor.java:1154)
02-20 11:02:07.759  1324  2681 W AsyncOperation: 	at java.util.concurrent.ThreadPoolExecutor$Worker.run(ThreadPoolExecutor.java:652)
02-20 11:02:07.759  1324  2681 W AsyncOperation: 	at bboi.run(:com.google.android.gms@253434038@25.34.34 (260800-800653487):8)
02-20 11:02:07.759  1324  2681 W AsyncOperation: 	at java.lang.Thread.run(Thread.java:1563)
02-20 11:02:07.762  1324  5786 W PlatformConfigurator: Committing snapshot for com_android_extservices failed [CONTEXT service_id=204 ]
02-20 11:02:07.762  1324  5786 W PlatformConfigurator: java.util.concurrent.ExecutionException: azqf: 29500: Empty (package not registered?) or malformed snapshot token for null: 
02-20 11:02:07.762  1324  5786 W PlatformConfigurator: 	at evmv.p(:com.google.android.gms@253434038@25.34.34 (260800-800653487):32)
02-20 11:02:07.762  1324  5786 W PlatformConfigurator: 	at evmv.o(:com.google.android.gms@253434038@25.34.34 (260800-800653487):44)
02-20 11:02:07.762  1324  5786 W PlatformConfigurator: 	at eirk.c(:com.google.android.gms@253434038@25.34.34 (260800-800653487):13)
02-20 11:02:07.762  1324  5786 W PlatformConfigurator: 	at eirk.e(:com.google.android.gms@253434038@25.34.34 (260800-800653487):28)
02-20 11:02:07.762  1324  5786 W PlatformConfigurator: 	at com.google.android.gms.platformconfigurator.PhenotypeConfigurationUpdateListener.g(:com.google.android.gms@253434038@25.34.34 (260800-800653487):66)
02-20 11:02:07.762  1324  5786 W PlatformConfigurator: 	at com.google.android.gms.platformconfigurator.PhenotypeConfigurationUpdateListener.onHandleIntent(:com.google.android.gms@253434038@25.34.34 (260800-800653487):582)
02-20 11:02:07.762  1324  5786 W PlatformConfigurator: 	at com.google.android.chimera.IntentOperation.onHandleIntent(:com.google.android.gms@253434038@25.34.34 (260800-800653487):2)
02-20 11:02:07.762  1324  5786 W PlatformConfigurator: 	at awci.onHandleIntent(:com.google.android.gms@253434038@25.34.34 (260800-800653487):8)
02-20 11:02:07.762  1324  5786 W PlatformConfigurator: 	at wzv.run(:com.google.android.gms@253434038@25.34.34 (260800-800653487):64)
02-20 11:02:07.762  1324  5786 W PlatformConfigurator: 	at wzu.run(:com.google.android.gms@253434038@25.34.34 (260800-800653487):132)
02-20 11:02:07.762  1324  5786 W PlatformConfigurator: 	at gdme.run(:com.google.android.gms@253434038@25.34.34 (260800-800653487):21)
02-20 11:02:07.762  1324  5786 W PlatformConfigurator: 	at java.util.concurrent.ThreadPoolExecutor.runWorker(ThreadPoolExecutor.java:1154)
02-20 11:02:07.762  1324  5786 W PlatformConfigurator: 	at java.util.concurrent.ThreadPoolExecutor$Worker.run(ThreadPoolExecutor.java:652)
02-20 11:02:07.762  1324  5786 W PlatformConfigurator: 	at java.lang.Thread.run(Thread.java:1563)
02-20 11:02:07.762  1324  5786 W PlatformConfigurator: Caused by: azqf: 29500: Empty (package not registered?) or malformed snapshot token for null: 
02-20 11:02:07.762  1324  5786 W PlatformConfigurator: 	at band.a(:com.google.android.gms@253434038@25.34.34 (260800-800653487):15)
02-20 11:02:07.762  1324  5786 W PlatformConfigurator: 	at azwj.b(:com.google.android.gms@253434038@25.34.34 (260800-800653487):11)
02-20 11:02:07.762  1324  5786 W PlatformConfigurator: 	at azwj.a(:com.google.android.gms@253434038@25.34.34 (260800-800653487):2)
02-20 11:02:07.762  1324  5786 W PlatformConfigurator: 	at eilz.a(:com.google.android.gms@253434038@25.34.34 (260800-800653487):3)
02-20 11:02:07.762  1324  5786 W PlatformConfigurator: 	at eimr.j(:com.google.android.gms@253434038@25.34.34 (260800-800653487):20)
02-20 11:02:07.762  1324  5786 W PlatformConfigurator: 	at cjpi.o(:com.google.android.gms@253434038@25.34.34 (260800-800653487):70)
02-20 11:02:07.762  1324  5786 W PlatformConfigurator: 	at cjpi.fA(:com.google.android.gms@253434038@25.34.34 (260800-800653487):15)
02-20 11:02:07.762  1324  5786 W PlatformConfigurator: 	at cjpm.run(:com.google.android.gms@253434038@25.34.34 (260800-800653487):128)
02-20 11:02:07.762  1324  5786 W PlatformConfigurator: 	at gdme.run(:com.google.android.gms@253434038@25.34.34 (260800-800653487):21)
02-20 11:02:07.762  1324  5786 W PlatformConfigurator: 	at bbiq.c(:com.google.android.gms@253434038@25.34.34 (260800-800653487):50)
02-20 11:02:07.762  1324  5786 W PlatformConfigurator: 	at bbiq.run(:com.google.android.gms@253434038@25.34.34 (260800-800653487):70)
02-20 11:02:07.762  1324  5786 W PlatformConfigurator: 	at java.util.concurrent.ThreadPoolExecutor.runWorker(ThreadPoolExecutor.java:1154)
02-20 11:02:07.762  1324  5786 W PlatformConfigurator: 	at java.util.concurrent.ThreadPoolExecutor$Worker.run(ThreadPoolExecutor.java:652)
02-20 11:02:07.762  1324  5786 W PlatformConfigurator: 	at bboi.run(:com.google.android.gms@253434038@25.34.34 (260800-800653487):8)
02-20 11:02:07.762  1324  5786 W PlatformConfigurator: 	... 1 more
02-20 11:02:07.778  1506  1506 I 43-CredManRegistrationM: (REDACTED) [%s][%s] Success to register credentials
02-20 11:02:07.866  1506  1506 I 43-CredManRegistrationM: (REDACTED) [%s][%s] Success to register credentials
02-20 11:02:07.894   748   962 D BackgroundInstallControlService: Package event received: 0
02-20 11:02:07.919  1506  1506 I 43-CredManRegistrationM: (REDACTED) [%s][%s] Success to register credentials
02-20 11:02:07.972  1506  1506 I 43-CredManRegistrationM: (REDACTED) [%s][%s] Success to register credentials
02-20 11:02:08.053  4955  4965 W gs.intelligence: Cleared Reference was only reachable from finalizer (only reported once)
02-20 11:02:08.081  1506  1506 I 43-CredManRegistrationM: (REDACTED) [%s][%s] Success to register credentials
02-20 11:02:08.151  1506  1506 I 43-CredManRegistrationM: (REDACTED) [%s][%s] Success to register credentials
02-20 11:02:08.207  1506  1506 I 43-CredManRegistrationM: (REDACTED) [%s][%s] Success to register credentials
02-20 11:02:08.257  1164  1229 D AlphabeticIndexCompat: computeSectionName: cs: Settings sectionName: S
02-20 11:02:08.258  1164  1229 D AlphabeticIndexCompat: computeSectionName: cs: Photos sectionName: P
02-20 11:02:08.258  1164  1229 D AlphabeticIndexCompat: computeSectionName: cs: Battery sectionName: B
02-20 11:02:08.260  1164  1229 D AlphabeticIndexCompat: computeSectionName: cs: Chrome sectionName: C
02-20 11:02:08.261  1164  1229 D AlphabeticIndexCompat: computeSectionName: cs: Gmail sectionName: G
02-20 11:02:08.261  1164  1229 D AlphabeticIndexCompat: computeSectionName: cs: Drive sectionName: D
02-20 11:02:08.262  1164  1229 D AlphabeticIndexCompat: computeSectionName: cs: Clock sectionName: C
02-20 11:02:08.263  1164  1229 D AlphabeticIndexCompat: computeSectionName: cs: Contacts sectionName: C
02-20 11:02:08.264  1164  1229 D AlphabeticIndexCompat: computeSectionName: cs: Calendar sectionName: C
02-20 11:02:08.265  1164  1229 D AlphabeticIndexCompat: computeSectionName: cs: Maps sectionName: M
02-20 11:02:08.266  1164  1229 D AlphabeticIndexCompat: computeSectionName: cs: YouTube Music sectionName: Y
02-20 11:02:08.268  1164  1229 D AlphabeticIndexCompat: computeSectionName: cs: YouTube sectionName: Y
02-20 11:02:08.269  1164  1229 D AlphabeticIndexCompat: computeSectionName: cs: Google sectionName: G
02-20 11:02:08.269  1164  1229 D AlphabeticIndexCompat: computeSectionName: cs: Android System Intelligence sectionName: A
02-20 11:02:08.269  1164  1229 D AlphabeticIndexCompat: computeSectionName: cs: Digital Wellbeing sectionName: D
02-20 11:02:08.271  1164  1229 D AlphabeticIndexCompat: computeSectionName: cs: Conversations sectionName: C
02-20 11:02:08.274  1506  1506 I 43-CredManRegistrationM: (REDACTED) [%s][%s] Success to register credentials
02-20 11:02:08.328   748   748 I ResourceTimer: GetResourceValue count=4832 pvalues=9000,20000,34000,370000
02-20 11:02:08.338   748   748 I ResourceTimer: RetrieveAttributes count=9737 pvalues=1000,4000,6000,51000
02-20 11:02:08.387  1506  1506 I 43-CredManRegistrationM: (REDACTED) [%s][%s] Success to register credentials
02-20 11:02:08.431  1324  2681 W GetConfigSnapshotOp: Succeeded but not registered: com.google.android.platform.com_android_resolv [CONTEXT service_id=51 ]
02-20 11:02:08.435  1324  2681 W PhBaseOp: Phenotype API error. Event: # hlmj@46e534a2, EventCode: COMMIT_CONFIG [CONTEXT service_id=51 ]
02-20 11:02:08.435  1324  2681 W PhBaseOp: eiku: 29500: Empty (package not registered?) or malformed snapshot token for null: 
02-20 11:02:08.435  1324  2681 W PhBaseOp: 	at eims.d(:com.google.android.gms@253434038@25.34.34 (260800-800653487):1555)
02-20 11:02:08.435  1324  2681 W PhBaseOp: 	at eims.b(:com.google.android.gms@253434038@25.34.34 (260800-800653487):43)
02-20 11:02:08.435  1324  2681 W PhBaseOp: 	at eimr.i(:com.google.android.gms@253434038@25.34.34 (260800-800653487):3)
02-20 11:02:08.435  1324  2681 W PhBaseOp: 	at eimn.h(:com.google.android.gms@253434038@25.34.34 (260800-800653487):35)
02-20 11:02:08.435  1324  2681 W PhBaseOp: 	at eimn.f(:com.google.android.gms@253434038@25.34.34 (260800-800653487):17)
02-20 11:02:08.435  1324  2681 W PhBaseOp: 	at cjpi.fA(:com.google.android.gms@253434038@25.34.34 (260800-800653487):1)
02-20 11:02:08.435  1324  2681 W PhBaseOp: 	at cjpm.run(:com.google.android.gms@253434038@25.34.34 (260800-800653487):128)
02-20 11:02:08.435  1324  2681 W PhBaseOp: 	at gdme.run(:com.google.android.gms@253434038@25.34.34 (260800-800653487):21)
02-20 11:02:08.435  1324  2681 W PhBaseOp: 	at bbiq.c(:com.google.android.gms@253434038@25.34.34 (260800-800653487):50)
02-20 11:02:08.435  1324  2681 W PhBaseOp: 	at bbiq.run(:com.google.android.gms@253434038@25.34.34 (260800-800653487):70)
02-20 11:02:08.435  1324  2681 W PhBaseOp: 	at java.util.concurrent.ThreadPoolExecutor.runWorker(ThreadPoolExecutor.java:1154)
02-20 11:02:08.435  1324  2681 W PhBaseOp: 	at java.util.concurrent.ThreadPoolExecutor$Worker.run(ThreadPoolExecutor.java:652)
02-20 11:02:08.435  1324  2681 W PhBaseOp: 	at bboi.run(:com.google.android.gms@253434038@25.34.34 (260800-800653487):8)
02-20 11:02:08.435  1324  2681 W PhBaseOp: 	at java.lang.Thread.run(Thread.java:1563)
02-20 11:02:08.436  1324  2681 W AsyncOperation: operation=CommitToConfigurationOperationCall, opStatusCode=29500 [CONTEXT service_id=51 ]
02-20 11:02:08.436  1324  2681 W AsyncOperation: OperationException[Status{statusCode=Empty (package not registered?) or malformed snapshot token for null: , resolution=null}]
02-20 11:02:08.436  1324  2681 W AsyncOperation: 	at eimn.h(:com.google.android.gms@253434038@25.34.34 (260800-800653487):65)
02-20 11:02:08.436  1324  2681 W AsyncOperation: 	at eimn.f(:com.google.android.gms@253434038@25.34.34 (260800-800653487):17)
02-20 11:02:08.436  1324  2681 W AsyncOperation: 	at cjpi.fA(:com.google.android.gms@253434038@25.34.34 (260800-800653487):1)
02-20 11:02:08.436  1324  2681 W AsyncOperation: 	at cjpm.run(:com.google.android.gms@253434038@25.34.34 (260800-800653487):128)
02-20 11:02:08.436  1324  2681 W AsyncOperation: 	at gdme.run(:com.google.android.gms@253434038@25.34.34 (260800-800653487):21)
02-20 11:02:08.436  1324  2681 W AsyncOperation: 	at bbiq.c(:com.google.android.gms@253434038@25.34.34 (260800-800653487):50)
02-20 11:02:08.436  1324  2681 W AsyncOperation: 	at bbiq.run(:com.google.android.gms@253434038@25.34.34 (260800-800653487):70)
02-20 11:02:08.436  1324  2681 W AsyncOperation: 	at java.util.concurrent.ThreadPoolExecutor.runWorker(ThreadPoolExecutor.java:1154)
02-20 11:02:08.436  1324  2681 W AsyncOperation: 	at java.util.concurrent.ThreadPoolExecutor$Worker.run(ThreadPoolExecutor.java:652)
02-20 11:02:08.436  1324  2681 W AsyncOperation: 	at bboi.run(:com.google.android.gms@253434038@25.34.34 (260800-800653487):8)
02-20 11:02:08.436  1324  2681 W AsyncOperation: 	at java.lang.Thread.run(Thread.java:1563)
02-20 11:02:08.438  1506  1506 I 43-CredManRegistrationM: (REDACTED) [%s][%s] Success to register credentials
02-20 11:02:08.438  1324  5786 W PlatformConfigurator: Committing snapshot for com_android_resolv failed [CONTEXT service_id=204 ]
02-20 11:02:08.438  1324  5786 W PlatformConfigurator: java.util.concurrent.ExecutionException: azqf: 29500: Empty (package not registered?) or malformed snapshot token for null: 
02-20 11:02:08.438  1324  5786 W PlatformConfigurator: 	at evmv.p(:com.google.android.gms@253434038@25.34.34 (260800-800653487):32)
02-20 11:02:08.438  1324  5786 W PlatformConfigurator: 	at evmv.o(:com.google.android.gms@253434038@25.34.34 (260800-800653487):44)
02-20 11:02:08.438  1324  5786 W PlatformConfigurator: 	at eirk.c(:com.google.android.gms@253434038@25.34.34 (260800-800653487):13)
02-20 11:02:08.438  1324  5786 W PlatformConfigurator: 	at eirk.e(:com.google.android.gms@253434038@25.34.34 (260800-800653487):28)
02-20 11:02:08.438  1324  5786 W PlatformConfigurator: 	at com.google.android.gms.platformconfigurator.PhenotypeConfigurationUpdateListener.g(:com.google.android.gms@253434038@25.34.34 (260800-800653487):66)
02-20 11:02:08.438  1324  5786 W PlatformConfigurator: 	at com.google.android.gms.platformconfigurator.PhenotypeConfigurationUpdateListener.onHandleIntent(:com.google.android.gms@253434038@25.34.34 (260800-800653487):582)
02-20 11:02:08.438  1324  5786 W PlatformConfigurator: 	at com.google.android.chimera.IntentOperation.onHandleIntent(:com.google.android.gms@253434038@25.34.34 (260800-800653487):2)
02-20 11:02:08.438  1324  5786 W PlatformConfigurator: 	at awci.onHandleIntent(:com.google.android.gms@253434038@25.34.34 (260800-800653487):8)
02-20 11:02:08.438  1324  5786 W PlatformConfigurator: 	at wzv.run(:com.google.android.gms@253434038@25.34.34 (260800-800653487):64)
02-20 11:02:08.438  1324  5786 W PlatformConfigurator: 	at wzu.run(:com.google.android.gms@253434038@25.34.34 (260800-800653487):132)
02-20 11:02:08.438  1324  5786 W PlatformConfigurator: 	at gdme.run(:com.google.android.gms@253434038@25.34.34 (260800-800653487):21)
02-20 11:02:08.438  1324  5786 W PlatformConfigurator: 	at java.util.concurrent.ThreadPoolExecutor.runWorker(ThreadPoolExecutor.java:1154)
02-20 11:02:08.438  1324  5786 W PlatformConfigurator: 	at java.util.concurrent.ThreadPoolExecutor$Worker.run(ThreadPoolExecutor.java:652)
02-20 11:02:08.438  1324  5786 W PlatformConfigurator: 	at java.lang.Thread.run(Thread.java:1563)
02-20 11:02:08.438  1324  5786 W PlatformConfigurator: Caused by: azqf: 29500: Empty (package not registered?) or malformed snapshot token for null: 
02-20 11:02:08.438  1324  5786 W PlatformConfigurator: 	at band.a(:com.google.android.gms@253434038@25.34.34 (260800-800653487):15)
02-20 11:02:08.438  1324  5786 W PlatformConfigurator: 	at azwj.b(:com.google.android.gms@253434038@25.34.34 (260800-800653487):11)
02-20 11:02:08.438  1324  5786 W PlatformConfigurator: 	at azwj.a(:com.google.android.gms@253434038@25.34.34 (260800-800653487):2)
02-20 11:02:08.438  1324  5786 W PlatformConfigurator: 	at eilz.a(:com.google.android.gms@253434038@25.34.34 (260800-800653487):3)
02-20 11:02:08.438  1324  5786 W PlatformConfigurator: 	at eimr.j(:com.google.android.gms@253434038@25.34.34 (260800-800653487):20)
02-20 11:02:08.438  1324  5786 W PlatformConfigurator: 	at cjpi.o(:com.google.android.gms@253434038@25.34.34 (260800-800653487):70)
02-20 11:02:08.438  1324  5786 W PlatformConfigurator: 	at cjpi.fA(:com.google.android.gms@253434038@25.34.34 (260800-800653487):15)
02-20 11:02:08.438  1324  5786 W PlatformConfigurator: 	at cjpm.run(:com.google.android.gms@253434038@25.34.34 (260800-800653487):128)
02-20 11:02:08.438  1324  5786 W PlatformConfigurator: 	at gdme.run(:com.google.android.gms@253434038@25.34.34 (260800-800653487):21)
02-20 11:02:08.438  1324  5786 W PlatformConfigurator: 	at bbiq.c(:com.google.android.gms@253434038@25.34.34 (260800-800653487):50)
02-20 11:02:08.438  1324  5786 W PlatformConfigurator: 	at bbiq.run(:com.google.android.gms@253434038@25.34.34 (260800-800653487):70)
02-20 11:02:08.438  1324  5786 W PlatformConfigurator: 	at java.util.concurrent.ThreadPoolExecutor.runWorker(ThreadPoolExecutor.java:1154)
02-20 11:02:08.438  1324  5786 W PlatformConfigurator: 	at java.util.concurrent.ThreadPoolExecutor$Worker.run(ThreadPoolExecutor.java:652)
02-20 11:02:08.438  1324  5786 W PlatformConfigurator: 	at bboi.run(:com.google.android.gms@253434038@25.34.34 (260800-800653487):8)
02-20 11:02:08.438  1324  5786 W PlatformConfigurator: 	... 1 more
02-20 11:02:08.533  1324  2681 W GetConfigSnapshotOp: Succeeded but not registered: com.google.android.platform.safetycore [CONTEXT service_id=51 ]
02-20 11:02:08.534  1506  1506 I 43-CredManRegistrationM: (REDACTED) [%s][%s] Success to register credentials
02-20 11:02:08.552   748   764 I system_server: Background young concurrent mark compact GC freed 22MB AllocSpace bytes, 15(360KB) LOS objects, 38% free, 34MB/56MB, paused 5.292ms,2.939ms total 316.912ms
02-20 11:02:08.571  1324  2681 W PhBaseOp: Phenotype API error. Event: # hlmj@436260e5, EventCode: COMMIT_CONFIG [CONTEXT service_id=51 ]
02-20 11:02:08.571  1324  2681 W PhBaseOp: eiku: 29500: Empty (package not registered?) or malformed snapshot token for null: 
02-20 11:02:08.571  1324  2681 W PhBaseOp: 	at eims.d(:com.google.android.gms@253434038@25.34.34 (260800-800653487):1555)
02-20 11:02:08.571  1324  2681 W PhBaseOp: 	at eims.b(:com.google.android.gms@253434038@25.34.34 (260800-800653487):43)
02-20 11:02:08.571  1324  2681 W PhBaseOp: 	at eimr.i(:com.google.android.gms@253434038@25.34.34 (260800-800653487):3)
02-20 11:02:08.571  1324  2681 W PhBaseOp: 	at eimn.h(:com.google.android.gms@253434038@25.34.34 (260800-800653487):35)
02-20 11:02:08.571  1324  2681 W PhBaseOp: 	at eimn.f(:com.google.android.gms@253434038@25.34.34 (260800-800653487):17)
02-20 11:02:08.571  1324  2681 W PhBaseOp: 	at cjpi.fA(:com.google.android.gms@253434038@25.34.34 (260800-800653487):1)
02-20 11:02:08.571  1324  2681 W PhBaseOp: 	at cjpm.run(:com.google.android.gms@253434038@25.34.34 (260800-800653487):128)
