02-20 11:03:54.152   748  2147 V GrammaticalInflectionUtils: AttributionSource: android.content.AttributionSource@72cd6011 does not have READ_SYSTEM_GRAMMATICAL_GENDER permission.
02-20 11:03:54.161   748  2147 V WindowManager: DesktopModeLaunchParamsModifier: phase= 0 task=null activity=ActivityRecord{80821111 u0 com.campus.placement/.MainActivity display-area-from-current-params=null display-area-from-default-fallback=DefaultTaskDisplayArea@135615740 display-id=0 task-display-area-windowing-mode=1 suggested-display-area=DefaultTaskDisplayArea@135615740 task null, skipping
02-20 11:03:54.161  1164  1164 I BaseDragLayer: mCanIntercept:true , mLastAction:ACTION_DOWN , mSysUiProxy available:true
02-20 11:03:54.161   748  2147 V WindowManager: TaskLaunchParamsModifier:phase=0 task=null activity=ActivityRecord{80821111 u0 com.campus.placement/.MainActivity t-1} display-area-from-current-params=null display-area-from-default-fallback=DefaultTaskDisplayArea@135615740 display-id=0 task-display-area-windowing-mode=1 suggested-display-area=DefaultTaskDisplayArea@135615740
02-20 11:03:54.161   748  2147 V WindowManager: DesktopModeLaunchParamsModifier: phase= 3 task=null activity=ActivityRecord{80821111 u0 com.campus.placement/.MainActivity t-1} display-area-from-current-params=null display-area-from-default-fallback=DefaultTaskDisplayArea@135615740 display-id=0 task-display-area-windowing-mode=1 suggested-display-area=DefaultTaskDisplayArea@135615740 task null, skipping
02-20 11:03:54.162   748  2147 V WindowManager: TaskLaunchParamsModifier:phase=3 task=null activity=ActivityRecord{80821111 u0 com.campus.placement/.MainActivity t-1} display-area-from-current-params=null display-area-from-default-fallback=DefaultTaskDisplayArea@135615740 display-id=0 task-display-area-windowing-mode=1 suggested-display-area=DefaultTaskDisplayArea@135615740 non-freeform-task-display-area display-area=DefaultTaskDisplayArea@135615740 skip-bounds-fullscreen
02-20 11:03:54.172   748  2147 V WindowManager: DesktopModeLaunchParamsModifier: phase= 3 task=Task{23ec3e4 #22 type=standard A=10227:com.campus.placement} activity=ActivityRecord{80821111 u0 com.campus.placement/.MainActivity t-1} display-from-task=0 display-id=0 task-display-area-windowing-mode=1 suggested-display-area=DefaultTaskDisplayArea@135615740 not entering desktop mode, skipping
02-20 11:03:54.172   748  2147 V WindowManager: TaskLaunchParamsModifier:phase=3 task=Task{23ec3e4 #22 type=standard A=10227:com.campus.placement} activity=ActivityRecord{80821111 u0 com.campus.placement/.MainActivity t-1} display-from-task=0 display-id=0 task-display-area-windowing-mode=1 suggested-display-area=DefaultTaskDisplayArea@135615740 inherit-from-task=fullscreen non-freeform-task-display-area display-area=DefaultTaskDisplayArea@135615740 skip-bounds-fullscreen
02-20 11:03:54.175  1164  1164 D StatsLog: LAUNCHER_SWIPE_DOWN_WORKSPACE_NOTISHADE_OPEN
02-20 11:03:54.181  1164  1164 I BaseDragLayer: mCanIntercept:true , mLastAction:ACTION_DOWN , mSysUiProxy available:true
02-20 11:03:54.188  1164  1164 D StatsLog: LAUNCHER_SWIPE_DOWN_WORKSPACE_NOTISHADE_OPEN
02-20 11:03:54.190  1164  1164 I BaseDragLayer: mCanIntercept:true , mLastAction:ACTION_DOWN , mSysUiProxy available:true
02-20 11:03:54.195  1164  1164 D StatsLog: LAUNCHER_SWIPE_DOWN_WORKSPACE_NOTISHADE_OPEN
02-20 11:03:54.195   748  2147 I ActivityTaskManager: Add Task{83b2609 #21 type=standard A=10227:com.campus.placement} to hidden list because adding Task{23ec3e4 #22 type=standard A=10227:com.campus.placement}
02-20 11:03:54.197  1164  1164 I BaseDragLayer: mCanIntercept:true , mLastAction:ACTION_DOWN , mSysUiProxy available:true
02-20 11:03:54.198   748  2147 I ActivityTaskManager: START u0 {flg=0x10000000 xflg=0x5 cmp=com.campus.placement/.MainActivity} with LAUNCH_MULTIPLE from uid 2000 (com.android.shell) (BAL_ALLOW_PERMISSION) result code=0
02-20 11:03:54.198  1164  1164 D StatsLog: LAUNCHER_SWIPE_DOWN_WORKSPACE_NOTISHADE_OPEN
02-20 11:03:54.206  1164  1164 I BaseDragLayer: mCanIntercept:true , mLastAction:ACTION_DOWN , mSysUiProxy available:true
02-20 11:03:54.206  1164  1164 D StatsLog: LAUNCHER_SWIPE_DOWN_WORKSPACE_NOTISHADE_OPEN
02-20 11:03:54.207  1164  1164 I BaseDragLayer: mCanIntercept:true , mLastAction:ACTION_DOWN , mSysUiProxy available:true
02-20 11:03:54.208  1164  1164 D StatsLog: LAUNCHER_SWIPE_DOWN_WORKSPACE_NOTISHADE_OPEN
02-20 11:03:54.209  1164  1164 I BaseDragLayer: mCanIntercept:true , mLastAction:ACTION_DOWN , mSysUiProxy available:true
02-20 11:03:54.209  1164  1164 D StatsLog: LAUNCHER_SWIPE_DOWN_WORKSPACE_NOTISHADE_OPEN
02-20 11:03:54.211  4396  4412 V WindowManagerShell: Transition requested (#28): android.os.BinderProxy@3b58011 TransitionRequestInfo { type = OPEN, triggerTask = TaskInfo{userId=0 taskId=22 effectiveUid=10227 displayId=0 isRunning=true baseIntent=Intent { flg=0x10000000 cmp=com.campus.placement/.MainActivity } baseActivity=ComponentInfo{com.campus.placement/com.campus.placement.MainActivity} topActivity=ComponentInfo{com.campus.placement/com.campus.placement.MainActivity} origActivity=null realActivity=ComponentInfo{com.campus.placement/com.campus.placement.MainActivity} numActivities=1 lastActiveTime=433565 supportsMultiWindow=true resizeMode=1 isResizeable=true minWidth=-1 minHeight=-1 defaultMinSize=220 token=WCT{android.os.BinderProxy@f72e576} topActivityType=1 pictureInPictureParams=null shouldDockBigOverlays=false launchIntoPipHostTaskId=-1 lastParentTaskIdBeforePip=-1 displayCutoutSafeInsets=Rect(0, 0 - 0, 0) topActivityInfo=ActivityInfo{519d777 com.campus.placement.MainActivity} launchCookies=[] positionInParent=Point(0, 0) parentTaskId=-1 isFocused=false isVisible=false isVisibleRequested=false isTopActivityNoDisplay=false isSleeping=false locusId=null displayAreaFeatureId=1 isTopActivityTransparent=false isActivityStackTransparent=false lastNonFullscreenBounds=null capturedLink=null capturedLinkTimestamp=0 requestedVisibleTypes=503 topActivityRequestOpenInBrowserEducationTimestamp=0 appCompatTaskInfo=AppCompatTaskInfo { topActivityInSizeCompat=false isLeafTask= true eligibleForLetterboxEducation= false isLetterboxEducationEnabled= true isLetterboxDoubleTapEnabled= false eligibleForUserAspectRatioButton= false topActivityBoundsLetterboxed= false isFromLetterboxDoubleTap= false topActivityLetterboxVerticalPosition= -1 topActivityLetterboxHorizontalPosition= -1 topActivityLetterboxWidth=-1 topActivityLetterboxHeight=-1 topActivityAppBounds=Rect(0, 0 - 1080, 2400) isUserFullscreenOverrideEnabled=false isSystemFullscreenOverrideEnabled=false hasMinAspectRatioOverride=false topActivityLetterboxBounds=null cameraCompatTaskInfo=CameraCompatTaskInfo { cameraCompatMode=undefinedundefined} topNonResizableActivityAspectRatio=-1.0} topActivityMainWindowFrame=null isAppBubble=false}, pipChange = null, remoteTransition = null, displayChange = null, requestedLocation = null, userChange = null, windowingLayerChange = null, flags = 0, debugId = 28 }
02-20 11:03:54.212  4396  4412 D ShellSplitScreen: logExit: no-op, mLoggerSessionId is null
02-20 11:03:54.213  4396  4412 V ShellDesktopMode: DesktopTasksController: handleRequest request=TransitionRequestInfo { type = OPEN, triggerTask = TaskInfo{userId=0 taskId=22 effectiveUid=10227 displayId=0 isRunning=true baseIntent=Intent { flg=0x10000000 cmp=com.campus.placement/.MainActivity } baseActivity=ComponentInfo{com.campus.placement/com.campus.placement.MainActivity} topActivity=ComponentInfo{com.campus.placement/com.campus.placement.MainActivity} origActivity=null realActivity=ComponentInfo{com.campus.placement/com.campus.placement.MainActivity} numActivities=1 lastActiveTime=433565 supportsMultiWindow=true resizeMode=1 isResizeable=true minWidth=-1 minHeight=-1 defaultMinSize=220 token=WCT{android.os.BinderProxy@f72e576} topActivityType=1 pictureInPictureParams=null shouldDockBigOverlays=false launchIntoPipHostTaskId=-1 lastParentTaskIdBeforePip=-1 displayCutoutSafeInsets=Rect(0, 0 - 0, 0) topActivityInfo=ActivityInfo{519d777 com.campus.placement.MainActivity} launchCookies=[] positionInParent=Point(0, 0) parentTaskId=-1 isFocused=false isVisible=false isVisibleRequested=false isTopActivityNoDisplay=false isSleeping=false locusId=null displayAreaFeatureId=1 isTopActivityTransparent=false isActivityStackTransparent=false lastNonFullscreenBounds=null capturedLink=null capturedLinkTimestamp=0 requestedVisibleTypes=503 topActivityRequestOpenInBrowserEducationTimestamp=0 appCompatTaskInfo=AppCompatTaskInfo { topActivityInSizeCompat=false isLeafTask= true eligibleForLetterboxEducation= false isLetterboxEducationEnabled= true isLetterboxDoubleTapEnabled= false eligibleForUserAspectRatioButton= false topActivityBoundsLetterboxed= false isFromLetterboxDoubleTap= false topActivityLetterboxVerticalPosition= -1 topActivityLetterboxHorizontalPosition= -1 topActivityLetterboxWidth=-1 topActivityLetterboxHeight=-1 topActivityAppBounds=Rect(0, 0 - 1080, 2400) isUserFullscreenOverrideEnabled=false isSystemFullscreenOverrideEnabled=false hasMinAspectRatioOverride=false topActivityLetterboxBounds=null cameraCompatTaskInfo=CameraCompatTaskInfo { cameraCompatMode=undefinedundefined} topNonResizableActivityAspectRatio=-1.0} topActivityMainWindowFrame=null isAppBubble=false}, pipChange = null, remoteTransition = null, displayChange = null, requestedLocation = null, userChange = null, windowingLayerChange = null, flags = 0, debugId = 28 }
02-20 11:03:54.213  4396  4412 V ShellDesktopMode: DesktopTasksController: skipping handleRequest reason=triggerTask's display doesn't support desktop mode
02-20 11:03:54.220  1164  1164 I BaseDragLayer: mCanIntercept:true , mLastAction:ACTION_DOWN , mSysUiProxy available:true
02-20 11:03:54.221  1164  1164 D StatsLog: LAUNCHER_SWIPE_DOWN_WORKSPACE_NOTISHADE_OPEN
02-20 11:03:54.224  1164  1164 V BaseDepthController: Applying blur: 0 to Surface(name=com.google.android.apps.nexuslauncher/com.google.android.apps.nexuslauncher.NexusLauncherActivity#236)/@0xbb43d47 applyImmediately: false
02-20 11:03:54.225  1164  1164 D BaseDepthController: shouldBlurWorkspace: false targetState: Normal currentStableState: Normal mCurrentBlur: 0 mLauncher.getDepthBlurTargets(): [com.android.launcher3.Workspace{253e974 V.ED..... ........ 0,0-1080,2400 #7f0a049d app:id/workspace}, com.android.launcher3.Hotseat{293ee9d V.ED..... ........ 0,1905-1080,2400 #7f0a01ee app:id/hotseat}]
02-20 11:03:54.269   748   864 I InputDispatcher: Not sending touch event to 174c902 com.google.android.apps.nexuslauncher/com.google.android.apps.nexuslauncher.NexusLauncherActivity because it is paused
02-20 11:03:54.271  1164  1164 I BaseDragLayer: mCanIntercept:true , mLastAction:ACTION_DOWN , mSysUiProxy available:true
02-20 11:03:54.271  1164  1164 D StatsLog: LAUNCHER_SWIPE_DOWN_WORKSPACE_NOTISHADE_OPEN
02-20 11:03:54.272  1164  1164 I BaseDragLayer: mCanIntercept:true , mLastAction:ACTION_DOWN , mSysUiProxy available:true
02-20 11:03:54.273  1164  1164 D StatsLog: LAUNCHER_SWIPE_DOWN_WORKSPACE_NOTISHADE_OPEN
02-20 11:03:54.274  1164  1164 I BaseDragLayer: mCanIntercept:true , mLastAction:ACTION_DOWN , mSysUiProxy available:true
02-20 11:03:54.274  1164  1164 D StatsLog: LAUNCHER_SWIPE_DOWN_WORKSPACE_NOTISHADE_OPEN
02-20 11:03:54.277   748   776 V GrammaticalInflectionUtils: AttributionSource: android.content.AttributionSource@72cd6011 does not have READ_SYSTEM_GRAMMATICAL_GENDER permission.
02-20 11:03:54.282  1164  1164 D BaseActivity: Launcher flags updated: [state_started|state_resumed|state_deferred_resumed|state_window_focused] -[state_user_active]
02-20 11:03:54.283  1164  1164 D BaseActivity: Launcher flags updated: [state_started|state_window_focused] -[state_resumed|state_deferred_resumed]
02-20 11:03:54.284   748   864 I InputDispatcher: Not sending touch event to 174c902 com.google.android.apps.nexuslauncher/com.google.android.apps.nexuslauncher.NexusLauncherActivity because it is paused
02-20 11:03:54.285  1164  1164 W SplitSelectStateCtor: Missing session instanceIds
02-20 11:03:54.285  1164  1164 D StatsLog: LAUNCHER_SPLIT_SELECTION_EXIT_INTERRUPTED
02-20 11:03:54.288   748  1343 I AppsFilter: interaction: PackageSetting{83c0909 com.android.microdroid.empty_payload/10213} -> PackageSetting{f163a50 com.campus.placement/10227} BLOCKED
02-20 11:03:54.296   748  1343 V WindowManager: Defer transition id=28 for TaskFragmentTransaction=android.os.Binder@c1b6449
02-20 11:03:54.297   748  1343 V WindowManager: deferTransitionReady deferReadyDepth=1 stack=com.android.server.wm.TransitionController.deferTransitionReady:1061 com.android.server.wm.TaskFragmentOrganizerController$TaskFragmentOrganizerState.dispatchTransaction:517 com.android.server.wm.TaskFragmentOrganizerController.dispatchPendingEvents:1259 com.android.server.wm.TaskFragmentOrganizerController.dispatchPendingEvents:1228 com.android.server.wm.RootWindowContainer.performSurfacePlacement:777 
02-20 11:03:54.300   748   864 I InputDispatcher: Not sending touch event to 174c902 com.google.android.apps.nexuslauncher/com.google.android.apps.nexuslauncher.NexusLauncherActivity because it is paused
02-20 11:03:54.302  1164  1164 V BaseDepthController: Applying blur: 0 to Surface(name=com.google.android.apps.nexuslauncher/com.google.android.apps.nexuslauncher.NexusLauncherActivity#236)/@0xbb43d47 applyImmediately: false
02-20 11:03:54.302  1164  1164 D BaseDepthController: shouldBlurWorkspace: false targetState: Normal currentStableState: Normal mCurrentBlur: 0 mLauncher.getDepthBlurTargets(): [com.android.launcher3.Workspace{253e974 V.ED..... ........ 0,0-1080,2400 #7f0a049d app:id/workspace}, com.android.launcher3.Hotseat{293ee9d V.ED..... ........ 0,1905-1080,2400 #7f0a01ee app:id/hotseat}]
02-20 11:03:54.308   517   517 D Zygote  : Forked child process 6173
02-20 11:03:54.315  1164  1164 D RecentsView: onTaskDisplayChanged: 22, new displayId = 0
02-20 11:03:54.320  1164  1164 V BaseDepthController: Applying blur: 0 to Surface(name=com.google.android.apps.nexuslauncher/com.google.android.apps.nexuslauncher.NexusLauncherActivity#236)/@0xbb43d47 applyImmediately: false
02-20 11:03:54.321  1164  1164 D BaseDepthController: shouldBlurWorkspace: false targetState: Normal currentStableState: Normal mCurrentBlur: 0 mLauncher.getDepthBlurTargets(): [com.android.launcher3.Workspace{253e974 V.ED..... ........ 0,0-1080,2400 #7f0a049d app:id/workspace}, com.android.launcher3.Hotseat{293ee9d V.ED..... ........ 0,1905-1080,2400 #7f0a01ee app:id/hotseat}]
02-20 11:03:54.325   748   864 I InputDispatcher: Not sending touch event to 174c902 com.google.android.apps.nexuslauncher/com.google.android.apps.nexuslauncher.NexusLauncherActivity because it is paused
02-20 11:03:54.326   748  2149 V WindowManager: Continue transition id=28 for TaskFragmentTransaction=android.os.Binder@c1b6449
02-20 11:03:54.326   748  2149 V WindowManager: continueTransitionReady deferReadyDepth=0 stack=com.android.server.wm.TransitionController.continueTransitionReady:1071 com.android.server.wm.TaskFragmentOrganizerController$TaskFragmentOrganizerState.onTransactionFinished:546 com.android.server.wm.TaskFragmentOrganizerController.onTransactionHandled:740 android.window.ITaskFragmentOrganizerController$Stub.onTransact:225 android.os.Binder.execTransactInternal:1473 
02-20 11:03:54.328   748  1414 D CompatChangeReporter: Compat change id reported: 309578419; UID 10227; state: ENABLED
02-20 11:03:54.331  4396  4412 D WindowManagerShell: setLauncherKeepClearAreaHeight: visible=false, height=495
02-20 11:03:54.334   748   864 I InputDispatcher: Not sending touch event to 174c902 com.google.android.apps.nexuslauncher/com.google.android.apps.nexuslauncher.NexusLauncherActivity because it is paused
02-20 11:03:54.348   748   786 W ActivityManager: Slow operation: 71ms so far, now at startProcess: done updating battery stats
02-20 11:03:54.351   748   864 I InputDispatcher: Not sending touch event to 174c902 com.google.android.apps.nexuslauncher/com.google.android.apps.nexuslauncher.NexusLauncherActivity because it is paused
02-20 11:03:54.358  6166  6166 W libbinder.BackendUnifiedServiceManager: Thread Pool max thread count is 0. Cannot cache binder as linkToDeath cannot be implemented. serviceName: package
02-20 11:03:54.358  1164  1164 V BaseDepthController: Applying blur: 0 to Surface(name=com.google.android.apps.nexuslauncher/com.google.android.apps.nexuslauncher.NexusLauncherActivity#236)/@0xbb43d47 applyImmediately: false
02-20 11:03:54.359  1164  1164 D BaseDepthController: shouldBlurWorkspace: false targetState: Normal currentStableState: Normal mCurrentBlur: 0 mLauncher.getDepthBlurTargets(): [com.android.launcher3.Workspace{253e974 V.ED..... ........ 0,0-1080,2400 #7f0a049d app:id/workspace}, com.android.launcher3.Hotseat{293ee9d V.ED..... ........ 0,1905-1080,2400 #7f0a01ee app:id/hotseat}]
02-20 11:03:54.368   748   864 I InputDispatcher: Not sending touch event to 174c902 com.google.android.apps.nexuslauncher/com.google.android.apps.nexuslauncher.NexusLauncherActivity because it is paused
02-20 11:03:54.385   748   864 I InputDispatcher: Not sending touch event to 174c902 com.google.android.apps.nexuslauncher/com.google.android.apps.nexuslauncher.NexusLauncherActivity because it is paused
02-20 11:03:54.391   748   786 W ActivityManager: Slow operation: 114ms so far, now at startProcess: building log message
02-20 11:03:54.392   748   786 I ActivityManager: Start proc 6173:com.campus.placement/u0a227 for next-top-activity {com.campus.placement/com.campus.placement.MainActivity}
02-20 11:03:54.392   748   786 W ActivityManager: Slow operation: 114ms so far, now at startProcess: starting to update pids map
02-20 11:03:54.394  1164  1164 V BaseDepthController: Applying blur: 0 to Surface(name=com.google.android.apps.nexuslauncher/com.google.android.apps.nexuslauncher.NexusLauncherActivity#236)/@0xbb43d47 applyImmediately: false
02-20 11:03:54.396  1164  1164 D BaseDepthController: shouldBlurWorkspace: false targetState: Normal currentStableState: Normal mCurrentBlur: 0 mLauncher.getDepthBlurTargets(): [com.android.launcher3.Workspace{253e974 V.ED..... ........ 0,0-1080,2400 #7f0a049d app:id/workspace}, com.android.launcher3.Hotseat{293ee9d V.ED..... ........ 0,1905-1080,2400 #7f0a01ee app:id/hotseat}]
02-20 11:03:54.401   748   864 I InputDispatcher: No new touched window at (502.0, 1584.9) in display 0
02-20 11:03:54.418   748   864 I InputDispatcher: No new touched window at (502.0, 1584.9) in display 0
02-20 11:03:54.435   748   864 I InputDispatcher: No new touched window at (502.0, 1584.9) in display 0
02-20 11:03:54.437  4396  4412 D ShellDesktopMode: DesktopRepository: Removes freeform task: taskId=21
02-20 11:03:54.438  4396  4412 W ShellDesktopMode: DesktopRepository: No display id found for task: taskId=21
02-20 11:03:54.452   748   864 I InputDispatcher: No new touched window at (502.0, 1584.9) in display 0
02-20 11:03:54.468   748   864 I InputDispatcher: No new touched window at (502.0, 1584.9) in display 0
02-20 11:03:54.471   748  2149 V WindowManager: Queueing transition: TransitionRecord{f94d780 id=-1 type=OPEN flags=0x0 parallelCollectType=NONE recentsDisplayId=-1}
02-20 11:03:54.472   748   786 W ActivityManager: Slow operation: 194ms so far, now at startProcess: done updating pids map
02-20 11:03:54.486   748   864 I InputDispatcher: No new touched window at (502.0, 1584.9) in display 0
02-20 11:03:54.490  1161  1302 D SatelliteController: iisInCarrierRoamingNbIotNtn: satellite is disabled
02-20 11:03:54.506   748   864 I InputDispatcher: No new touched window at (502.0, 1584.9) in display 0
02-20 11:03:54.512  1161  1302 D SatelliteController: getCarrierRoamingNtnConnectType: Falling back to global carrier config connect type: 0
02-20 11:03:54.522   748   864 I InputDispatcher: No new touched window at (502.0, 1584.9) in display 0
02-20 11:03:54.525   748  1414 V WindowManager: Queueing transition: TransitionRecord{908f1b9 id=-1 type=CLOSE flags=0x0 parallelCollectType=NONE recentsDisplayId=-1}
02-20 11:03:54.539   748   864 I InputDispatcher: No new touched window at (502.0, 1584.9) in display 0
02-20 11:03:54.555   748   764 W system_server: Suspending all threads took: 9.145ms
02-20 11:03:54.556  1164  1164 V BaseDepthController: Applying blur: 0 to Surface(name=com.google.android.apps.nexuslauncher/com.google.android.apps.nexuslauncher.NexusLauncherActivity#236)/@0xbb43d47 applyImmediately: false
02-20 11:03:54.556  6173  6173 I Zygote  : Process 6173 created for com.campus.placement
02-20 11:03:54.556  1164  1164 D BaseDepthController: shouldBlurWorkspace: false targetState: Normal currentStableState: Normal mCurrentBlur: 0 mLauncher.getDepthBlurTargets(): [com.android.launcher3.Workspace{253e974 V.ED..... ........ 0,0-1080,2400 #7f0a049d app:id/workspace}, com.android.launcher3.Hotseat{293ee9d V.ED..... ........ 0,1905-1080,2400 #7f0a01ee app:id/hotseat}]
02-20 11:03:54.558  6173  6173 I ampus.placement: Late-enabling -Xcheck:jni
02-20 11:03:54.569   748   864 I InputDispatcher: No new touched window at (502.0, 1584.9) in display 0
02-20 11:03:54.578  1164  1164 D BaseActivity: Launcher flags updated: [state_started] -[state_window_focused]
02-20 11:03:54.581  1164  1164 D b/417220811: invalidateLoadedTasks - previous requestLoadId: -1
02-20 11:03:54.583  1164  1164 D b/417220811: invalidateLoadedTasks - previous requestLoadId: -1
02-20 11:03:54.585   748   864 I InputDispatcher: No new touched window at (502.0, 1584.9) in display 0
02-20 11:03:54.588  1164  1164 V BaseDepthController: Applying blur: 0 to Surface(name=com.google.android.apps.nexuslauncher/com.google.android.apps.nexuslauncher.NexusLauncherActivity#236)/@0xbb43d47 applyImmediately: false
02-20 11:03:54.589  1164  1164 D BaseDepthController: shouldBlurWorkspace: false targetState: Normal currentStableState: Normal mCurrentBlur: 0 mLauncher.getDepthBlurTargets(): [com.android.launcher3.Workspace{253e974 V.ED..... ........ 0,0-1080,2400 #7f0a049d app:id/workspace}, com.android.launcher3.Hotseat{293ee9d V.ED..... .......D 0,1905-1080,2400 #7f0a01ee app:id/hotseat}]
02-20 11:03:54.651  1164  1164 V BaseDepthController: Applying blur: 0 to Surface(name=com.google.android.apps.nexuslauncher/com.google.android.apps.nexuslauncher.NexusLauncherActivity#236)/@0xbb43d47 applyImmediately: false
02-20 11:03:54.653  1164  1164 D BaseDepthController: setEarlyWakeup: false
02-20 11:03:54.654  1164  1164 D BaseDepthController: shouldBlurWorkspace: false targetState: Normal currentStableState: Normal mCurrentBlur: 0 mLauncher.getDepthBlurTargets(): [com.android.launcher3.Workspace{253e974 V.ED..... ........ 0,0-1080,2400 #7f0a049d app:id/workspace}, com.android.launcher3.Hotseat{293ee9d V.ED..... ........ 0,1905-1080,2400 #7f0a01ee app:id/hotseat}]
02-20 11:03:54.754   748   864 I InputDispatcher: No new touched window at (502.0, 1584.9) in display 0
02-20 11:03:54.754   748   864 I InputDispatcher: No new touched window at (502.0, 1584.9) in display 0
02-20 11:03:54.768   748   864 I InputDispatcher: No new touched window at (502.0, 1584.9) in display 0
02-20 11:03:54.769   748   864 I InputDispatcher: No new touched window at (502.0, 1584.9) in display 0
02-20 11:03:54.770   748   864 I InputDispatcher: No new touched window at (502.0, 1584.9) in display 0
02-20 11:03:54.771   748   864 I InputDispatcher: No new touched window at (502.0, 1584.9) in display 0
02-20 11:03:54.772   748   864 I InputDispatcher: No new touched window at (502.0, 1584.9) in display 0
02-20 11:03:54.773   748   864 I InputDispatcher: No new touched window at (502.0, 1584.9) in display 0
02-20 11:03:54.774   748   864 I InputDispatcher: No new touched window at (502.0, 1584.9) in display 0
02-20 11:03:54.775   748   864 I InputDispatcher: No new touched window at (502.0, 1584.9) in display 0
02-20 11:03:54.776   748   864 I InputDispatcher: No new touched window at (502.0, 1584.9) in display 0
02-20 11:03:54.871  1164  1164 D ScalingWorkspaceRevealAnim: onAnimationEnd, workspace and hotseat are visible
02-20 11:03:54.871  1164  1164 V BaseDepthController: Applying blur: 0 to Surface(name=com.google.android.apps.nexuslauncher/com.google.android.apps.nexuslauncher.NexusLauncherActivity#236)/@0xbb43d47 applyImmediately: false
02-20 11:03:54.871  1164  1164 D BaseDepthController: shouldBlurWorkspace: false targetState: Normal currentStableState: Normal mCurrentBlur: 0 mLauncher.getDepthBlurTargets(): [com.android.launcher3.Workspace{253e974 V.ED..... ......ID 0,0-1080,2400 #7f0a049d app:id/workspace}, com.android.launcher3.Hotseat{293ee9d V.ED..... ......ID 0,1905-1080,2400 #7f0a01ee app:id/hotseat}]
02-20 11:03:54.882  4396  4503 V WindowManagerShell: Received remote transition finished callback for (#27)
02-20 11:03:54.920  4396  4432 I Choreographer: Skipped 35 frames!  The application may be doing too much work on its main thread.
02-20 11:03:54.922  4396  4432 D WindowOnBackDispatcher: setTopOnBackInvokedCallback (unwrapped): android.view.ViewRootImpl$$ExternalSyntheticLambda12@a4323e7
02-20 11:03:54.922  4396  4412 V WindowManagerShell: Transition animation finished (aborted=false), notifying core (#27) android.os.BinderProxy@7d07e45@0
02-20 11:03:54.925  6173  6173 I ampus.placement: Using CollectorTypeCMC GC.
02-20 11:03:54.930   748  1414 D CoreBackPreview: Window{2acfc05 u0 Splash Screen com.campus.placement}: Setting back callback OnBackInvokedCallbackInfo{mCallback=android.window.IOnBackInvokedCallback$Stub$Proxy@8b79fe, mPriority=0, mIsAnimationCallback=false, mOverrideBehavior=0}
02-20 11:03:54.930  6173  6173 W ampus.placement: Unexpected CPU variant for x86: x86_64.
02-20 11:03:54.930  6173  6173 W ampus.placement: Known variants: atom, sandybridge, silvermont, goldmont, goldmont-plus, goldmont-without-sha-xsaves, tremont, kabylake, alderlake, default
02-20 11:03:54.944  4396  4503 I HWUI    : Davey! duration=883ms; Flags=1, FrameTimelineVsyncId=69701, IntendedVsync=433419462266, Vsync=433436128932, InputEventId=0, HandleInputStart=433452321887, AnimationStart=433452322535, PerformTraversalsStart=433471723238, DrawStart=434168969704, FrameDeadline=433436128932, FrameStartTime=433452318041, FrameInterval=16666666, WorkloadTarget=16666666, SyncQueued=434260337396, SyncStart=434261416314, IssueDrawCommandsStart=434261838720, SwapBuffers=434282893063, FrameCompleted=434304496294, DequeueBufferDuration=6567, QueueBufferDuration=4032355, GpuCompleted=434304496294, SwapBuffersCompleted=434288487527, DisplayPresentTime=0, CommandSubmissionCompleted=434282893063, 
02-20 11:03:54.959  1164  1164 W FrameTracker: Missed SF frame:JANK_COMPOSER, 69471, 32177847, CUJ=J<LAUNCHER_APP_CLOSE_TO_HOME>
02-20 11:03:54.960   595   614 I adbd    : jdwp connection from 6173
02-20 11:03:54.961  1164  1164 W FrameTracker: Missed App frame:UNKNOWN: 3, 69493, 68551148, CUJ=J<LAUNCHER_APP_CLOSE_TO_HOME>
02-20 11:03:54.961  1164  1164 W FrameTracker: Missed SF frame:UNKNOWN: 3, 69493, 68551148, CUJ=J<LAUNCHER_APP_CLOSE_TO_HOME>
02-20 11:03:54.961  1164  1164 W FrameTracker: Missed App frame:UNKNOWN: 3, 69530, 65572281, CUJ=J<LAUNCHER_APP_CLOSE_TO_HOME>
02-20 11:03:54.961  1164  1164 W FrameTracker: Missed SF frame:UNKNOWN: 3, 69530, 65572281, CUJ=J<LAUNCHER_APP_CLOSE_TO_HOME>
02-20 11:03:54.961  1164  1164 W FrameTracker: Missed SF frame:JANK_COMPOSER, 69545, 49933725, CUJ=J<LAUNCHER_APP_CLOSE_TO_HOME>
02-20 11:03:54.962  1164  1164 W FrameTracker: Missed SF frame:JANK_COMPOSER, 69567, 68241479, CUJ=J<LAUNCHER_APP_CLOSE_TO_HOME>
02-20 11:03:54.962  1164  1164 W FrameTracker: Missed SF frame:JANK_COMPOSER, 69597, 44630306, CUJ=J<LAUNCHER_APP_CLOSE_TO_HOME>
02-20 11:03:54.962  1164  1164 W FrameTracker: Missed SF frame:JANK_COMPOSER, 69627, 34272616, CUJ=J<LAUNCHER_APP_CLOSE_TO_HOME>
02-20 11:03:54.962  1164  1164 W FrameTracker: Missed App frame:UNKNOWN: 3, 69649, 52296353, CUJ=J<LAUNCHER_APP_CLOSE_TO_HOME>
02-20 11:03:54.963  1164  1164 W FrameTracker: Missed SF frame:UNKNOWN: 3, 69649, 52296353, CUJ=J<LAUNCHER_APP_CLOSE_TO_HOME>
02-20 11:03:54.963  1164  1164 W FrameTracker: Missed SF frame:JANK_COMPOSER, 69679, 35402844, CUJ=J<LAUNCHER_APP_CLOSE_TO_HOME>
02-20 11:03:54.963  1164  1164 W FrameTracker: Missed App frame:UNKNOWN: 3, 69694, 51442535, CUJ=J<LAUNCHER_APP_CLOSE_TO_HOME>
02-20 11:03:54.963  1164  1164 W FrameTracker: Missed SF frame:UNKNOWN: 3, 69694, 51442535, CUJ=J<LAUNCHER_APP_CLOSE_TO_HOME>
02-20 11:03:54.966  1164  1164 W FrameTracker: Missed App frame:UNKNOWN: 3, 69723, 202433743, CUJ=J<LAUNCHER_APP_CLOSE_TO_HOME>
02-20 11:03:54.967  1164  1164 W FrameTracker: Missed SF frame:UNKNOWN: 3, 69723, 202433743, CUJ=J<LAUNCHER_APP_CLOSE_TO_HOME>
02-20 11:03:54.967  1164  1164 W FrameTracker: Missed App frame:JANK_APPLICATION, 69771, 101261696, CUJ=J<LAUNCHER_APP_CLOSE_TO_HOME>
02-20 11:03:54.967  1164  1164 W FrameTracker: Missed SF frame:JANK_COMPOSER, 69802, 34711500, CUJ=J<LAUNCHER_APP_CLOSE_TO_HOME>
02-20 11:03:54.967  1164  1164 W FrameTracker: Missed App frame:UNKNOWN: 3, 69817, 51706669, CUJ=J<LAUNCHER_APP_CLOSE_TO_HOME>
02-20 11:03:54.967  1164  1164 W FrameTracker: Missed SF frame:UNKNOWN: 3, 69817, 51706669, CUJ=J<LAUNCHER_APP_CLOSE_TO_HOME>
02-20 11:03:54.967  1164  1164 W FrameTracker: Missed App frame:UNKNOWN: 3, 69833, 50993094, CUJ=J<LAUNCHER_APP_CLOSE_TO_HOME>
02-20 11:03:54.967  1164  1164 W FrameTracker: Missed SF frame:UNKNOWN: 3, 69833, 50993094, CUJ=J<LAUNCHER_APP_CLOSE_TO_HOME>
02-20 11:03:54.967  1164  1164 W FrameTracker: Missed App frame:UNKNOWN: 3, 69849, 172796962, CUJ=J<LAUNCHER_APP_CLOSE_TO_HOME>
02-20 11:03:54.967  1164  1164 W FrameTracker: Missed SF frame:UNKNOWN: 3, 69849, 172796962, CUJ=J<LAUNCHER_APP_CLOSE_TO_HOME>
02-20 11:03:54.967  1164  1164 W FrameTracker: Missed App frame:UNKNOWN: 3, 69873, 43450492, CUJ=J<LAUNCHER_APP_CLOSE_TO_HOME>
02-20 11:03:54.968  1164  1164 W FrameTracker: Missed SF frame:UNKNOWN: 3, 69873, 43450492, CUJ=J<LAUNCHER_APP_CLOSE_TO_HOME>
02-20 11:03:54.968  1164  1164 W FrameTracker: Missed App frame:UNKNOWN: 3, 69889, 48511821, CUJ=J<LAUNCHER_APP_CLOSE_TO_HOME>
02-20 11:03:54.968  1164  1164 W FrameTracker: Missed SF frame:UNKNOWN: 3, 69889, 48511821, CUJ=J<LAUNCHER_APP_CLOSE_TO_HOME>
02-20 11:03:54.968  1164  1164 W FrameTracker: Missed App frame:UNKNOWN: 3, 69898, 84496864, CUJ=J<LAUNCHER_APP_CLOSE_TO_HOME>
02-20 11:03:54.968  1164  1164 W FrameTracker: Missed SF frame:UNKNOWN: 3, 69898, 84496864, CUJ=J<LAUNCHER_APP_CLOSE_TO_HOME>
02-20 11:03:54.968  1164  1164 W FrameTracker: Missed App frame:UNKNOWN: 3, 69907, 100959292, CUJ=J<LAUNCHER_APP_CLOSE_TO_HOME>
02-20 11:03:54.968  1164  1164 W FrameTracker: Missed SF frame:UNKNOWN: 3, 69907, 100959292, CUJ=J<LAUNCHER_APP_CLOSE_TO_HOME>
02-20 11:03:54.969  1164  1164 W FrameTracker: Missed App frame:UNKNOWN: 3, 69916, 134798592, CUJ=J<LAUNCHER_APP_CLOSE_TO_HOME>
02-20 11:03:54.969  1164  1164 W FrameTracker: Missed SF frame:UNKNOWN: 3, 69916, 134798592, CUJ=J<LAUNCHER_APP_CLOSE_TO_HOME>
02-20 11:03:54.969  1164  1164 W FrameTracker: Missed App frame:UNKNOWN: 3, 69925, 154145664, CUJ=J<LAUNCHER_APP_CLOSE_TO_HOME>
02-20 11:03:54.969  1164  1164 W FrameTracker: Missed SF frame:UNKNOWN: 3, 69925, 154145664, CUJ=J<LAUNCHER_APP_CLOSE_TO_HOME>
02-20 11:03:54.987   748   773 V WindowManager: Finish Transition (#27): created at 02-20 11:03:53.666 collect-started=0.088ms request-sent=0.155ms started=12.401ms ready=28.242ms sent=112.791ms commit=44.202ms finished=1318.87ms
02-20 11:03:55.024  1923  1932 I artd    : GetBestInfo: odex next to the dex file (/product/priv-app/PrebuiltGmsCore/oat/x86_64/PrebuiltGmsCore.odex) is kOatUpToDate with filter 'verify' executable 'false'
02-20 11:03:55.028   748  2149 E libbinder.IPCThreadState: Binder transaction failure. id: 359640, cmd: BR_DEAD_REPLY (29189), error: -22 (Invalid argument)
02-20 11:03:55.030   748  2149 W ActivityManager: pid 748 system sent binder code 7 with flags 1 and got error -32
02-20 11:03:55.034   748  2149 W WindowManager: Exception thrown during dispatchAppVisibility Window{17512f6 u0 com.campus.placement/com.campus.placement.MainActivity EXITING}
02-20 11:03:55.034   748  2149 W WindowManager: android.os.DeadObjectException
02-20 11:03:55.034   748  2149 W WindowManager: 	at android.os.BinderProxy.transactNative(Native Method)
02-20 11:03:55.034   748  2149 W WindowManager: 	at android.os.BinderProxy.transact(BinderProxy.java:599)
02-20 11:03:55.034   748  2149 W WindowManager: 	at android.view.IWindow$Stub$Proxy.dispatchAppVisibility(IWindow.java:535)
02-20 11:03:55.034   748  2149 W WindowManager: 	at com.android.server.wm.WindowState.sendAppVisibilityToClients(WindowState.java:3266)
02-20 11:03:55.034   748  2149 W WindowManager: 	at com.android.server.wm.WindowContainer.sendAppVisibilityToClients(WindowContainer.java:1218)
02-20 11:03:55.034   748  2149 W WindowManager: 	at com.android.server.wm.WindowToken.setClientVisible(WindowToken.java:394)
02-20 11:03:55.034   748  2149 W WindowManager: 	at com.android.server.wm.ActivityRecord.commitVisibility(ActivityRecord.java:5626)
02-20 11:03:55.034   748  2149 W WindowManager: 	at com.android.server.wm.Transition.finishTransition(Transition.java:1500)
02-20 11:03:55.034   748  2149 W WindowManager: 	at com.android.server.wm.TransitionController.finishTransition(TransitionController.java:1096)
02-20 11:03:55.034   748  2149 W WindowManager: 	at com.android.server.wm.WindowOrganizerController.finishTransition(WindowOrganizerController.java:518)
02-20 11:03:55.034   748  2149 W WindowManager: 	at android.window.IWindowOrganizerController$Stub.onTransact(IWindowOrganizerController.java:270)
02-20 11:03:55.034   748  2149 W WindowManager: 	at com.android.server.wm.WindowOrganizerController.onTransact(WindowOrganizerController.java:233)
02-20 11:03:55.034   748  2149 W WindowManager: 	at android.os.Binder.execTransactInternal(Binder.java:1473)
02-20 11:03:55.034   748  2149 W WindowManager: 	at android.os.Binder.execTransact(Binder.java:1418)
02-20 11:03:55.036   748  2149 W Process : Unable to open /proc/6051/status
02-20 11:03:55.039  1923  1923 I artd    : GetBestInfo: /data/user_de/0/com.google.android.gms/app_chimera/m/00000009/dl-MlkitOcrCommon.optional_253434100800.apk has no usable artifacts
02-20 11:03:55.051  6173  6173 D nativeloader: Load libframework-connectivity-tiramisu-jni.so using APEX ns com_android_tethering for caller /apex/com.android.tethering/javalib/framework-connectivity-t.jar: ok
02-20 11:03:55.056  1923  1932 I artd    : GetBestInfo: /data/user_de/0/com.google.android.gms/app_chimera/m/0000000d/dl-MlkitBarcodeUi.optional_253434100800.apk has no usable artifacts
02-20 11:03:55.060  1923  1923 I artd    : GetBestInfo: /data/user_de/0/com.google.android.gms/app_chimera/m/00000001/CronetDynamite.apk has no usable artifacts
02-20 11:03:55.062  1923  1923 I artd    : GetBestInfo: /data/user_de/0/com.google.android.gms/app_chimera/m/00000002/DynamiteLoader.apk has no usable artifacts
02-20 11:03:55.062  4396  4412 V WindowManagerShell: Track 0 became idle
02-20 11:03:55.069  1923  1923 I artd    : GetBestInfo: /data/user_de/0/com.google.android.gms/app_chimera/m/00000005/GoogleCertificates.apk has no usable artifacts
02-20 11:03:55.078  4396  4396 I Choreographer: Skipped 58 frames!  The application may be doing too much work on its main thread.
02-20 11:03:55.082   748   773 V WindowManager: Sent Transition (#28) createdAt=02-20 11:03:54.160 via request=TransitionRequestInfo { type = OPEN, triggerTask = TaskInfo{userId=0 taskId=22 effectiveUid=10227 displayId=0 isRunning=true baseIntent=Intent { flg=0x10000000 cmp=com.campus.placement/.MainActivity } baseActivity=ComponentInfo{com.campus.placement/com.campus.placement.MainActivity} topActivity=ComponentInfo{com.campus.placement/com.campus.placement.MainActivity} origActivity=null realActivity=ComponentInfo{com.campus.placement/com.campus.placement.MainActivity} numActivities=1 lastActiveTime=433565 supportsMultiWindow=true resizeMode=1 isResizeable=true minWidth=-1 minHeight=-1 defaultMinSize=220 token=WCT{RemoteToken{9e3d465 Task{23ec3e4 #22 type=standard A=10227:com.campus.placement}}} topActivityType=1 pictureInPictureParams=null shouldDockBigOverlays=false launchIntoPipHostTaskId=-1 lastParentTaskIdBeforePip=-1 displayCutoutSafeInsets=Rect(0, 0 - 0, 0) topActivityInfo=ActivityInfo{bd6653a com.campus.placement.MainActivity} launchCookies=[] positionInParent=Point(0, 0) parentTaskId=-1 isFocused=false isVisible=false isVisibleRequested=false isTopActivityNoDisplay=false isSleeping=false locusId=null displayAreaFeatureId=1 isTopActivityTransparent=false isActivityStackTransparent=false lastNonFullscreenBounds=null capturedLink=null capturedLinkTimestamp=0 requestedVisibleTypes=503 topActivityRequestOpenInBrowserEducationTimestamp=0 appCompatTaskInfo=AppCompatTaskInfo { topActivityInSizeCompat=false isLeafTask= true eligibleForLetterboxEducation= false isLetterboxEducationEnabled= true isLetterboxDoubleTapEnabled= false eligibleForUserAspectRatioButton= false topActivityBoundsLetterboxed= false isFromLetterboxDoubleTap= false topActivityLetterboxVerticalPosition= -1 topActivityLetterboxHorizontalPosition= -1 topActivityLetterboxWidth=-1 topActivityLetterboxHeight=-1 topActivityAppBounds=Rect(0, 0 - 1080, 2400) isUserFullscreenOverrideEnabled=false isSystemFullscreenOverrideEnabled=false hasMinAspectRatioOverride=false topActivityLetterboxBounds=null cameraCompatTaskInfo=CameraCompatTaskInfo { cameraCompatMode=undefinedundefined} topNonResizableActivityAspectRatio=-1.0} topActivityMainWindowFrame=null isAppBubble=false}, pipChange = null, remoteTransition = null, displayChange = null, requestedLocation = null, userChange = null, windowingLayerChange = null, flags = 0, debugId = 28 }
02-20 11:03:55.082   748   773 V WindowManager:     startWCT=WindowContainerTransaction { changes= {} hops= [] errorCallbackToken=null taskFragmentOrganizer=null }
02-20 11:03:55.082   748   773 V WindowManager:     info={id=28 t=OPEN f=0x0 trk=1 r=[0@Point(0, 0)] c=[
02-20 11:03:55.082   748   773 V WindowManager:         {WCT{RemoteToken{9e3d465 Task{23ec3e4 #22 type=standard A=10227:com.campus.placement}}} m=OPEN f=NONE leash=Surface(name=Task=22#244)/@0xf8b6bcf sb=Rect(0, 0 - 1080, 2400) eb=Rect(0, 0 - 1080, 2400) epz=Point(1080, 2400) d=0 taskParent=-1 winMode=1 userId=0},
02-20 11:03:55.082   748   773 V WindowManager:         {WCT{RemoteToken{87ea6d5 Task{b466271 #1 type=home}}} m=TO_BACK f=SHOW_WALLPAPER leash=Surface(name=Task=1#123)/@0xe9958cb sb=Rect(0, 0 - 1080, 2400) eb=Rect(0, 0 - 1080, 2400) epz=Point(1080, 2400) d=0 taskParent=-1 winMode=1 userId=0},
02-20 11:03:55.082   748   773 V WindowManager:         {m=TO_BACK f=IS_WALLPAPER leash=Surface(name=WallpaperWindowToken{ae9ecf4}#176)/@0xbe69812 sb=Rect(0, 0 - 1080, 2400) eb=Rect(0, 0 - 1080, 2400) epz=Point(1080, 2400) d=0}
02-20 11:03:55.082   748   773 V WindowManager:     ]}
02-20 11:03:55.093  4396  4412 V ShellTaskOrganizer: Task vanished taskId=21
02-20 11:03:55.093  4396  4412 V ShellTaskOrganizer: Fullscreen Task Vanished: #21
02-20 11:03:55.094  1923  1923 I artd    : GetBestInfo: vdex next to the dex file (/data/user/0/com.google.android.gms/app_dg_cache/BF7C023AB90CCF01D1F467FC1CEBAF866511FF29/oat/x86_64/the.vdex) is kOatUpToDate with filter 'verify' executable 'false'
02-20 11:03:55.094  4396  4412 V ShellDesktopMode: Task Vanished: #21 closed=true
02-20 11:03:55.097  4396  4412 D ShellDesktopMode: AppToWebRepository: Task 21 is vanishing. Removing task data from repository
02-20 11:03:55.098  4396  4412 V AppCompat: SingleSurfaceLetterboxController: []
02-20 11:03:55.098  1164  1164 D b/417220811: invalidateLoadedTasks - previous requestLoadId: -1
02-20 11:03:55.098  4396  4412 V AppCompat: MultiSurfaceLetterboxController: []
02-20 11:03:55.098  4396  4412 V AppCompat: LetterboxInputController: []
02-20 11:03:55.098  4396  4412 V AppCompat: RoundedCornersLetterboxController: {}
02-20 11:03:55.098  4396  4412 V ShellTaskOrganizer: Task appeared taskId=22 listener=FullscreenTaskListener
02-20 11:03:55.099  4396  4412 V ShellTaskOrganizer: Fullscreen Task Appeared: #22
02-20 11:03:55.100  4396  6172 V WindowManagerShell: onTransitionReady(transaction=3212635539258)
02-20 11:03:55.102  4396  4412 V WindowManagerShell: onTransitionReady (#28) android.os.BinderProxy@3b58011: {id=28 t=OPEN f=0x0 trk=1 r=[0@Point(0, 0)] c=[
02-20 11:03:55.102  4396  4412 V WindowManagerShell:         {m=OPEN f=NONE leash=Surface(name=Task=22#244)/@0xb2187e2 sb=Rect(0, 0 - 1080, 2400) eb=Rect(0, 0 - 1080, 2400) epz=Point(1080, 2400) d=0 taskParent=-1 winMode=1 userId=0},
02-20 11:03:55.102  4396  4412 V WindowManagerShell:         {m=TO_BACK f=SHOW_WALLPAPER leash=Surface(name=Task=1#123)/@0xf79e773 sb=Rect(0, 0 - 1080, 2400) eb=Rect(0, 0 - 1080, 2400) epz=Point(1080, 2400) d=0 taskParent=-1 winMode=1 userId=0},
02-20 11:03:55.102  4396  4412 V WindowManagerShell:         {m=TO_BACK f=IS_WALLPAPER leash=Surface(name=WallpaperWindowToken{ae9ecf4}#176)/@0x15ec630 sb=Rect(0, 0 - 1080, 2400) eb=Rect(0, 0 - 1080, 2400) epz=Point(1080, 2400) d=0}
02-20 11:03:55.102  4396  4412 V WindowManagerShell:     ]}
02-20 11:03:55.103  4396  4412 V WindowManagerShell: Playing animation for (#28) android.os.BinderProxy@3b58011@1
02-20 11:03:55.103  4396  4412 V ShellRecents: RecentsTransitionHandler.startAnimation: no controller found
02-20 11:03:55.104  4396  4412 V ShellDesktopMode: DesktopMixedTransitionHandler: No pending desktop transition
02-20 11:03:55.104  4396  4412 V WindowManagerShell: Transition doesn't have explicit remote, search filters for match for {id=28 t=OPEN f=0x0 trk=1 r=[0@Point(0, 0)] c=[{m=OPEN f=NONE leash=Surface(name=Task=22#244)/@0xb2187e2 sb=Rect(0, 0 - 1080, 2400) eb=Rect(0, 0 - 1080, 2400) epz=Point(1080, 2400) d=0 taskParent=-1 winMode=1 userId=0},{m=TO_BACK f=SHOW_WALLPAPER leash=Surface(name=Task=1#123)/@0xf79e773 sb=Rect(0, 0 - 1080, 2400) eb=Rect(0, 0 - 1080, 2400) epz=Point(1080, 2400) d=0 taskParent=-1 winMode=1 userId=0},{m=TO_BACK f=IS_WALLPAPER leash=Surface(name=WallpaperWindowToken{ae9ecf4}#176)/@0x15ec630 sb=Rect(0, 0 - 1080, 2400) eb=Rect(0, 0 - 1080, 2400) epz=Point(1080, 2400) d=0}]}
02-20 11:03:55.104  4396  4412 V WindowManagerShell:  Checking filter Pair{{types=[] flags=0x0] notFlags=0x0 checks=[{atype=undefined independent=true modes=[CLOSE,TO_BACK] flags=IN_TASK_WITH_EMBEDDED_ACTIVITY mustBeTask=false order=ANY topActivity=null launchCookie=null taskFragmentToken=android.os.BinderProxy@1de50c3 windowingMode=undefined isCrossDisplayMove=false}]} RemoteTransition { remoteTransition = android.window.IRemoteTransition$Stub$Proxy@215fd40, appThread = android.app.IApplicationThread$Stub$Proxy@6068479, debugName = overlayBackTransition }}
02-20 11:03:55.107  4396  4412 V WindowManagerShell:  Checking filter Pair{{types=[] flags=0x0] notFlags=0x0 checks=[{atype=dream independent=true modes=[OPEN,TO_FRONT] flags=NONE mustBeTask=false order=ANY topActivity=null launchCookie=null windowingMode=undefined isCrossDisplayMove=false},{atype=home independent=true modes=[CLOSE,TO_BACK] flags=NONE mustBeTask=false order=ANY topActivity=null launchCookie=null windowingMode=undefined isCrossDisplayMove=false}]} RemoteTransition { remoteTransition = android.window.IRemoteTransition$Stub$Proxy@bb975be, appThread = android.app.IApplicationThread$Stub$Proxy@ecb361f, debugName = LauncherToDream }}
02-20 11:03:55.108  4396  4412 V WindowManagerShell:  Checking filter Pair{{types=[] flags=0x0] notFlags=0x100 checks=[{atype=home independent=true modes=[OPEN,TO_FRONT] flags=NONE mustBeTask=false order=TOP topActivity=ComponentInfo{com.google.android.apps.nexuslauncher/com.google.android.apps.nexuslauncher.NexusLauncherActivity} launchCookie=null windowingMode=undefined isCrossDisplayMove=false},{atype=standard independent=true modes=[CLOSE,TO_BACK] flags=NONE mustBeTask=false order=ANY topActivity=null launchCookie=null windowingMode=undefined isCrossDisplayMove=false},{NOT atype=undefined independent=true modes=[] flags=NONE mustBeTask=true order=ANY topActivity=null launchCookie=null customAnim=true windowingMode=undefined isCrossDisplayMove=false}]} RemoteTransition { remoteTransition = android.window.IRemoteTransition$Stub$Proxy@1fdad6c, appThread = android.app.IApplicationThread$Stub$Proxy@161ef35, debugName = QuickstepLaunchHome }}
02-20 11:03:55.108  4396  4444 D StatusBar##isHomeStatusBarAllowed: newValue: false
02-20 11:03:55.108  4396  4412 V WindowManagerShell:  Checking filter Pair{{types=[OPEN,TO_FRONT] flags=0x0] notFlags=0x0 checks=[{atype=standard independent=true modes=[OPEN,TO_FRONT] flags=NONE mustBeTask=true order=ANY topActivity=null launchCookie=null windowingMode=freeform isCrossDisplayMove=false}]} RemoteTransition { remoteTransition = android.window.IRemoteTransition$Stub$Proxy@22552a6, appThread = null, debugName = DesktopWindowLimitUnminimize }}
02-20 11:03:55.108  4396  4412 V WindowManagerShell:  Delegate animation for (#28) to null
02-20 11:03:55.108  4396  4444 D StatusBar##chips: newValue: Chips[allowed=false numChips=0]
02-20 11:03:55.108  4396  4412 V WindowManagerShell: start default transition animation, info = {id=28 t=OPEN f=0x0 trk=1 r=[0@Point(0, 0)] c=[{m=OPEN f=NONE leash=Surface(name=Task=22#244)/@0xb2187e2 sb=Rect(0, 0 - 1080, 2400) eb=Rect(0, 0 - 1080, 2400) epz=Point(1080, 2400) d=0 taskParent=-1 winMode=1 userId=0},{m=TO_BACK f=SHOW_WALLPAPER leash=Surface(name=Task=1#123)/@0xf79e773 sb=Rect(0, 0 - 1080, 2400) eb=Rect(0, 0 - 1080, 2400) epz=Point(1080, 2400) d=0 taskParent=-1 winMode=1 userId=0},{m=TO_BACK f=IS_WALLPAPER leash=Surface(name=WallpaperWindowToken{ae9ecf4}#176)/@0x15ec630 sb=Rect(0, 0 - 1080, 2400) eb=Rect(0, 0 - 1080, 2400) epz=Point(1080, 2400) d=0}]}
02-20 11:03:55.109  4396  4412 V WindowManagerShell: loadAnimation: anim=android.view.animation.AnimationSet@e0187cf animAttr=0x13 type=OPEN isEntrance=false
02-20 11:03:55.110  4396  4412 V WindowManagerShell: loadAnimation: anim=android.view.animation.AnimationSet@722155c animAttr=0x12 type=OPEN isEntrance=true
02-20 11:03:55.116  1164  1164 D b/417220811: invalidateLoadedTasks - previous requestLoadId: -1
02-20 11:03:55.118   748   764 I system_server: Background young concurrent mark compact GC freed 24MB AllocSpace bytes, 9(180KB) LOS objects, 39% free, 33MB/55MB, paused 14.995ms,9.887ms total 711.333ms
02-20 11:03:55.120  1923  1932 I artd    : GetBestInfo: /data/user_de/0/com.google.android.gms/app_chimera/m/00000008/dl-VisionOcr.optional_253434100000.apk has no usable artifacts
02-20 11:03:55.121  4396  4412 V WindowManagerShell:  animated by com.android.wm.shell.transition.DefaultTransitionHandler@adff08d
02-20 11:03:55.144   748   962 D BackgroundInstallControlService: Package event received: 0
02-20 11:03:55.144  4396  4396 W WindowRootViewBinder: Multiple blur values emitted in the same frame
02-20 11:03:55.145  1923  1932 I artd    : GetBestInfo: /data/user_de/0/com.google.android.gms/app_chimera/m/0000000b/dl-Appsearch.optional_253434100800.apk has no usable artifacts
02-20 11:03:55.164  1923  1932 I artd    : GetBestInfo: /data/user_de/0/com.google.android.gms/app_chimera/m/00000007/MeasurementDynamite.apk has no usable artifacts
02-20 11:03:55.179   748   766 W System  : A resource failed to call HardwareBuffer.close. 
02-20 11:03:55.233  1164  1164 D b/417220811: invalidateLoadedTasks - previous requestLoadId: -1
02-20 11:03:55.262   748   962 D BackgroundInstallControlService: Package event received: 0
02-20 11:03:55.295  1164  1164 D RecentsView: onTaskRemoved: 21, not handling task stack changes
02-20 11:03:55.297   748   776 V WindowManager: deferTransitionReady deferReadyDepth=1 stack=com.android.server.wm.WindowOrganizerController.applyTransaction:658 com.android.server.wm.WindowOrganizerController.applyTransaction:626 com.android.server.wm.WindowOrganizerController.lambda$applyTaskFragmentTransactionLocked$5:602 com.android.server.wm.WindowOrganizerController.$r8$lambda$b9SZ7IAloD3MuUhvAJTdz5zHJ5k:0 com.android.server.wm.WindowOrganizerController$$ExternalSyntheticLambda4.onCollectStarted:0 
02-20 11:03:55.299  1164  1164 D RecentsView: onTaskRemoved: 21, not handling task stack changes
02-20 11:03:55.305   748   776 D CompatChangeReporter: Compat change id reported: 324203798; UID 10227; state: ENABLED
02-20 11:03:55.309   748   776 V WindowManager: continueTransitionReady deferReadyDepth=0 stack=com.android.server.wm.WindowOrganizerController.applyTransaction:799 com.android.server.wm.WindowOrganizerController.applyTransaction:626 com.android.server.wm.WindowOrganizerController.lambda$applyTaskFragmentTransactionLocked$5:602 com.android.server.wm.WindowOrganizerController.$r8$lambda$b9SZ7IAloD3MuUhvAJTdz5zHJ5k:0 com.android.server.wm.WindowOrganizerController$$ExternalSyntheticLambda4.onCollectStarted:0 
02-20 11:03:55.320  4396  4412 V WindowManagerShell: Transition requested (#29): android.os.BinderProxy@c5a5b1 TransitionRequestInfo { type = OPEN, triggerTask = null, pipChange = null, remoteTransition = RemoteTransition { remoteTransition = android.window.IRemoteTransition$Stub$Proxy@489aa96, appThread = null, debugName = TaskFragmentComponent }, displayChange = null, requestedLocation = null, userChange = null, windowingLayerChange = null, flags = 0, debugId = 29 }
02-20 11:03:55.320  4396  4412 V ShellDesktopMode: DesktopTasksController: handleRequest request=TransitionRequestInfo { type = OPEN, triggerTask = null, pipChange = null, remoteTransition = RemoteTransition { remoteTransition = android.window.IRemoteTransition$Stub$Proxy@489aa96, appThread = null, debugName = TaskFragmentComponent }, displayChange = null, requestedLocation = null, userChange = null, windowingLayerChange = null, flags = 0, debugId = 29 }
02-20 11:03:55.321  4396  4412 V ShellDesktopMode: DesktopTasksController: skipping handleRequest reason=triggerTask is null
