02-20 11:03:55.321  4396  4412 V WindowManagerShell: RemoteTransition directly requested for (#29) android.os.BinderProxy@c5a5b1: RemoteTransition { remoteTransition = android.window.IRemoteTransition$Stub$Proxy@489aa96, appThread = null, debugName = TaskFragmentComponent }
02-20 11:03:55.321  4396  4412 V WindowManagerShell: Transition (#29): request handled by DefaultMixedHandler
02-20 11:03:55.342   748   773 V WindowManager: Sent Transition (#29) createdAt=02-20 11:03:54.471 via request=TransitionRequestInfo { type = OPEN, triggerTask = null, pipChange = null, remoteTransition = RemoteTransition { remoteTransition = android.window.IRemoteTransition$Stub$Proxy@5da4a78, appThread = null, debugName = TaskFragmentComponent }, displayChange = null, requestedLocation = null, userChange = null, windowingLayerChange = null, flags = 0, debugId = 29 }
02-20 11:03:55.343   748   773 V WindowManager:     startWCT=WindowContainerTransaction { changes= {} hops= [] errorCallbackToken=null taskFragmentOrganizer=null }
02-20 11:03:55.343   748   773 V WindowManager:     info={id=29 t=OPEN f=0x0 trk=1 r=[] c=[]}
02-20 11:03:55.349  4396  6172 V WindowManagerShell: onTransitionReady(transaction=3212635539291)
02-20 11:03:55.356  4396  4412 V WindowManagerShell: onTransitionReady (#29) android.os.BinderProxy@c5a5b1: {id=29 t=OPEN f=0x0 trk=1 r=[] c=[]}
02-20 11:03:55.356  4396  4412 V WindowManagerShell: No transition roots in (#29) android.os.BinderProxy@c5a5b1@1 so abort
02-20 11:03:55.357  4396  4412 V WindowManagerShell: Transition was merged: (#29) android.os.BinderProxy@c5a5b1@1 into (#28) android.os.BinderProxy@3b58011@1
02-20 11:03:55.372   748   962 D BackgroundInstallControlService: Package event received: 0
02-20 11:03:55.374   748   962 D BackgroundInstallControlService: Package event received: 0
02-20 11:03:55.378   748   776 V WindowManager: deferTransitionReady deferReadyDepth=1 stack=com.android.server.wm.WindowOrganizerController.applyTransaction:658 com.android.server.wm.WindowOrganizerController.applyTransaction:626 com.android.server.wm.WindowOrganizerController.lambda$applyTaskFragmentTransactionLocked$5:602 com.android.server.wm.WindowOrganizerController.$r8$lambda$b9SZ7IAloD3MuUhvAJTdz5zHJ5k:0 com.android.server.wm.WindowOrganizerController$$ExternalSyntheticLambda4.onCollectStarted:0 
02-20 11:03:55.380   748   776 V WindowManager: continueTransitionReady deferReadyDepth=0 stack=com.android.server.wm.WindowOrganizerController.applyTransaction:799 com.android.server.wm.WindowOrganizerController.applyTransaction:626 com.android.server.wm.WindowOrganizerController.lambda$applyTaskFragmentTransactionLocked$5:602 com.android.server.wm.WindowOrganizerController.$r8$lambda$b9SZ7IAloD3MuUhvAJTdz5zHJ5k:0 com.android.server.wm.WindowOrganizerController$$ExternalSyntheticLambda4.onCollectStarted:0 
02-20 11:03:55.383  4396  4412 V WindowManagerShell: Transition requested (#30): android.os.BinderProxy@37ebd8a TransitionRequestInfo { type = CLOSE, triggerTask = null, pipChange = null, remoteTransition = RemoteTransition { remoteTransition = android.window.IRemoteTransition$Stub$Proxy@d72effb, appThread = null, debugName = TaskFragmentComponent }, displayChange = null, requestedLocation = null, userChange = null, windowingLayerChange = null, flags = 0, debugId = 30 }
02-20 11:03:55.383  4396  4412 V ShellDesktopMode: DesktopTasksController: handleRequest request=TransitionRequestInfo { type = CLOSE, triggerTask = null, pipChange = null, remoteTransition = RemoteTransition { remoteTransition = android.window.IRemoteTransition$Stub$Proxy@d72effb, appThread = null, debugName = TaskFragmentComponent }, displayChange = null, requestedLocation = null, userChange = null, windowingLayerChange = null, flags = 0, debugId = 30 }
02-20 11:03:55.391  4396  4412 V ShellDesktopMode: DesktopTasksController: skipping handleRequest reason=triggerTask is null
02-20 11:03:55.391  4396  4412 V WindowManagerShell: RemoteTransition directly requested for (#30) android.os.BinderProxy@37ebd8a: RemoteTransition { remoteTransition = android.window.IRemoteTransition$Stub$Proxy@d72effb, appThread = null, debugName = TaskFragmentComponent }
02-20 11:03:55.392  4396  4412 V WindowManagerShell: Transition (#30): request handled by RemoteTransitionHandler
02-20 11:03:55.400   748   773 V WindowManager: Sent Transition (#30) createdAt=02-20 11:03:54.525 via request=TransitionRequestInfo { type = CLOSE, triggerTask = null, pipChange = null, remoteTransition = RemoteTransition { remoteTransition = android.window.IRemoteTransition$Stub$Proxy@1727551, appThread = null, debugName = TaskFragmentComponent }, displayChange = null, requestedLocation = null, userChange = null, windowingLayerChange = null, flags = 0, debugId = 30 }
02-20 11:03:55.400   748   773 V WindowManager:     startWCT=WindowContainerTransaction { changes= {} hops= [] errorCallbackToken=null taskFragmentOrganizer=null }
02-20 11:03:55.400   748   773 V WindowManager:     info={id=30 t=CLOSE f=0x0 trk=1 r=[] c=[]}
02-20 11:03:55.413  4396  6172 V WindowManagerShell: onTransitionReady(transaction=3212635539303)
02-20 11:03:55.414  4396  4412 V WindowManagerShell: onTransitionReady (#30) android.os.BinderProxy@37ebd8a: {id=30 t=CLOSE f=0x0 trk=1 r=[] c=[]}
02-20 11:03:55.414  4396  4412 V WindowManagerShell: No transition roots in (#30) android.os.BinderProxy@37ebd8a@1 so abort
02-20 11:03:55.415  4396  4412 V WindowManagerShell: Transition was merged: (#30) android.os.BinderProxy@37ebd8a@1 into (#28) android.os.BinderProxy@3b58011@1
02-20 11:03:55.429   587   674 I libbinder.BpBinder: onLastStrongRef automatically unlinking death recipients for descriptor: '(not cached)'
02-20 11:03:55.440  4396  4412 V WindowManagerShell: Transition animation finished (aborted=false), notifying core (#28) android.os.BinderProxy@3b58011@1
02-20 11:03:55.478  4396  4396 D DeviceEntryIconViewBinder: Initializing device entry fgIconView
02-20 11:03:55.500   748   773 V WindowManager: Finish Transition (#28): created at 02-20 11:03:54.160 collect-started=0.032ms request-sent=36.453ms started=59.455ms ready=912.082ms sent=916.036ms commit=68.966ms finished=1339.567ms
02-20 11:03:55.505  4396  4597 D WallpaperService: onVisibilityChanged(false): com.android.systemui.wallpapers.ImageWallpaper$CanvasEngine@37b9655
02-20 11:03:55.506  1164  1164 D VRI[NexusLauncherActivity]: visibilityChanged oldVisibility=true newVisibility=false
02-20 11:03:55.511   748   773 V WindowManager: Finish Transition (#29): created at 02-20 11:03:54.471 collect-started=606.952ms request-sent=842.313ms started=853.063ms ready=853.035ms sent=868.605ms commit=113.966ms finished=1036.085ms
02-20 11:03:55.512   748   773 V WindowManager: Finish Transition (#30): created at 02-20 11:03:54.525 collect-started=817.161ms request-sent=856.309ms started=870.432ms ready=870.416ms sent=873.175ms commit=54.62ms finished=983.733ms
02-20 11:03:55.513  4396  4412 V WindowManagerShell: Track 1 became idle
02-20 11:03:55.514  4396  4412 V WindowManagerShell: All active transition animations finished
02-20 11:03:55.519   587   587 E BpTransactionCompletedListener: Failed to transact (-32)
02-20 11:03:55.519  1164  1164 D NexusLauncherModelDelegate: notifySmartspaceEvent: SmartspaceTargetEvent{mSmartspaceTarget=null, mSmartspaceActionId='null', mEventType=7}
02-20 11:03:55.609  1164  1180 I s.nexuslauncher: NativeAlloc concurrent mark compact GC freed 2550KB AllocSpace bytes, 4(208KB) LOS objects, 49% free, 7296KB/14MB, paused 3.576ms,1.413ms total 276.551ms
02-20 11:03:55.634  1164  1186 W System  : A resource failed to call release. 
02-20 11:03:55.635  1164  1186 W System  : A resource failed to call release. 
02-20 11:03:55.635  1164  1186 W System  : A resource failed to call release. 
02-20 11:03:55.700   587   679 I libbinder.BpBinder: onLastStrongRef automatically unlinking death recipients for descriptor: '(not cached)'
02-20 11:03:55.703   748   962 D BackgroundInstallControlService: Package event received: 0
02-20 11:03:55.712   587   674 I libbinder.BpBinder: onLastStrongRef automatically unlinking death recipients for descriptor: '(not cached)'
02-20 11:03:55.717  4396  4610 I HWUI    : Davey! duration=1584ms; Flags=0, FrameTimelineVsyncId=69739, IntendedVsync=433469462264, Vsync=434436128892, InputEventId=0, HandleInputStart=434461961071, AnimationStart=434461962046, PerformTraversalsStart=434514974469, DrawStart=434532352550, FrameDeadline=434336128896, FrameStartTime=434448291384, FrameInterval=16666666, WorkloadTarget=16666666, SyncQueued=434784130812, SyncStart=434785443312, IssueDrawCommandsStart=434789784776, SwapBuffers=435039556271, FrameCompleted=435054912835, DequeueBufferDuration=4793, QueueBufferDuration=4826909, GpuCompleted=435054912835, SwapBuffersCompleted=435051205424, DisplayPresentTime=0, CommandSubmissionCompleted=435039556271, 
02-20 11:03:55.726   748   962 D BackgroundInstallControlService: Package event received: 0
02-20 11:03:55.759   748  1414 D BiometricService: canAuthenticate: User=0, Caller=0, Authenticators=255
02-20 11:03:55.764   748  1414 D BiometricService/PreAuthInfo: Package: com.android.systemui Sensor ID: 0 Modality: 2 User id: 0 Status: 7
02-20 11:03:55.772   748  1414 D BiometricService/PreAuthInfo: getCanAuthenticateInternal Modality: 2 AuthenticatorStatus: 7
02-20 11:03:55.772   748  1414 D AuthService: canAuthenticate, userId: 0, callingUserId: 0, authenticators: 255, result: 11
02-20 11:03:55.818  4396  4396 W WindowRootViewBinder: Multiple blur values emitted in the same frame
02-20 11:03:55.930  4396  4396 W WindowRootViewBinder: Multiple blur values emitted in the same frame
02-20 11:03:55.934   748  1414 D SystemServerTiming: getUserSwitchability-0
02-20 11:03:55.935   748  2149 D SystemServerTiming: getUserSwitchability-0
02-20 11:03:55.944   748  1414 D SystemServerTiming: TM.isInCall
02-20 11:03:55.944   748  2149 D SystemServerTiming: TM.isInCall
02-20 11:03:55.950   748  1414 D SystemServerTiming: hasUserRestriction-DISALLOW_USER_SWITCH
02-20 11:03:55.950   748  1414 D SystemServerTiming: getInt-ALLOW_USER_SWITCHING_WHEN_SYSTEM_USER_LOCKED
02-20 11:03:55.950   748  1414 D SystemServerTiming: isUserUnlocked-USER_SYSTEM
02-20 11:03:55.951   748  2149 D SystemServerTiming: hasUserRestriction-DISALLOW_USER_SWITCH
02-20 11:03:55.951   748  2149 D SystemServerTiming: getInt-ALLOW_USER_SWITCHING_WHEN_SYSTEM_USER_LOCKED
02-20 11:03:55.951   748  2149 D SystemServerTiming: isUserUnlocked-USER_SYSTEM
02-20 11:03:55.958  4396  4396 W WindowRootViewBinder: Multiple blur values emitted in the same frame
02-20 11:03:56.044  4396  4396 W WindowRootViewBinder: Multiple blur values emitted in the same frame
02-20 11:03:56.053  4396  4396 D BiometricsRepositoryImpl: currentUser authFlags changed, new value: AuthenticationFlags(userId=0, flag=0)
02-20 11:03:56.055  4396  4396 D DLObserver: add listener: com.android.systemui.dock.DockManagerExtensionsKt$retrieveIsDocked$1$callback$1@fb6fa69
02-20 11:03:56.056  4396  4396 D BiometricsRepositoryImpl: currentUser authFlags changed, new value: AuthenticationFlags(userId=0, flag=0)
02-20 11:03:56.056  4396  4396 D DLObserver: add listener: com.android.systemui.dock.DockManagerExtensionsKt$retrieveIsDocked$1$callback$1@76accee
02-20 11:03:56.072  4396  4396 D BiometricsRepositoryImpl: currentUser authFlags changed, new value: AuthenticationFlags(userId=0, flag=0)
02-20 11:03:56.072  4396  4396 D DLObserver: add listener: com.android.systemui.dock.DockManagerExtensionsKt$retrieveIsDocked$1$callback$1@4350787
02-20 11:03:56.073  4396  4396 D DLObserver: onDockEvent mDockState = 0
02-20 11:03:56.074  4396  4396 D DLObserver: onDockEvent mDockState = 0
02-20 11:03:56.076  4396  4396 D BiometricsRepositoryImpl: currentUser authFlags changed, new value: AuthenticationFlags(userId=0, flag=0)
02-20 11:03:56.079  4396  4396 D DLObserver: add listener: com.android.systemui.dock.DockManagerExtensionsKt$retrieveIsDocked$1$callback$1@c4986b4
02-20 11:03:56.082  4396  4396 D BiometricsRepositoryImpl: currentUser authFlags changed, new value: AuthenticationFlags(userId=0, flag=0)
02-20 11:03:56.083  4396  4396 D DLObserver: add listener: com.android.systemui.dock.DockManagerExtensionsKt$retrieveIsDocked$1$callback$1@59162dd
02-20 11:03:56.087  4396  4396 D DLObserver: onDockEvent mDockState = 0
02-20 11:03:56.091  4396  4396 D DLObserver: onDockEvent mDockState = 0
02-20 11:03:56.095  4396  4396 W WindowRootViewBinder: Multiple blur values emitted in the same frame
02-20 11:03:56.108  4396  4396 D DLObserver: onDockEvent mDockState = 0
02-20 11:03:56.110  4396  4396 D BiometricsRepositoryImpl: currentUser authFlags changed, new value: AuthenticationFlags(userId=0, flag=0)
02-20 11:03:56.111  4396  4396 D DLObserver: add listener: com.android.systemui.dock.DockManagerExtensionsKt$retrieveIsDocked$1$callback$1@11a4d9e
02-20 11:03:56.113  4396  4396 D DeviceEntryIconViewBinder: Updating device entry icon image state ForegroundIconViewModel(type=UNLOCK, useAodVariant=false, tint=-2432257, padding=48)
02-20 11:03:56.118  4396  4396 W WindowRootViewBinder: Multiple blur values emitted in the same frame
02-20 11:03:56.127  4396  4396 D DLObserver: onDockEvent mDockState = 0
02-20 11:03:56.129  4396  4441 D ControlsListingControllerImpl: Subscribing callback, service count: 0
02-20 11:03:56.145  4396  4441 D ControlsListingControllerImpl: Subscribing callback, service count: 0
02-20 11:03:56.178  4396  4441 D ControlsListingControllerImpl: Subscribing callback, service count: 0
02-20 11:03:56.179  4396  4441 E QuickAccessWalletKeyguardQuickAffordanceConfig: Wallet card retrieval error, message: "null"
02-20 11:03:56.187  4396  4441 E QuickAccessWalletKeyguardQuickAffordanceConfig: Wallet card retrieval error, message: "null"
02-20 11:03:56.190  4396  4441 E QuickAccessWalletKeyguardQuickAffordanceConfig: Wallet card retrieval error, message: "null"
