--------- beginning of system
02-20 11:03:53.656   748  2151 I ActivityManager: Force stopping com.campus.placement appid=10227 user=0: from pid 6159
02-20 11:03:53.660   748  2151 I ActivityManager: Killing 6051:com.campus.placement/u0a227 (adj 0): stop com.campus.placement due to from pid 6159
02-20 11:03:53.664   748  2151 D CompatChangeReporter: Compat change id reported: 151861875; UID 10227; state: ENABLED
02-20 11:03:53.666   748  2151 W ActivityTaskManager: Force removing ActivityRecord{37284624 u0 com.campus.placement/.MainActivity t21 f}}: app died, no saved state
02-20 11:03:53.671  4396  4412 V WindowManagerShell: Transition requested (#27): android.os.BinderProxy@7d07e45 TransitionRequestInfo { type = CLOSE, triggerTask = TaskInfo{userId=0 taskId=21 effectiveUid=10227 displayId=0 isRunning=false baseIntent=Intent { flg=0x10000000 cmp=com.campus.placement/.MainActivity } baseActivity=null topActivity=null origActivity=null realActivity=ComponentInfo{com.campus.placement/com.campus.placement.MainActivity} numActivities=0 lastActiveTime=380819 supportsMultiWindow=true resizeMode=1 isResizeable=true minWidth=-1 minHeight=-1 defaultMinSize=220 token=WCT{android.os.BinderProxy@319ee22} topActivityType=1 pictureInPictureParams=null shouldDockBigOverlays=false launchIntoPipHostTaskId=-1 lastParentTaskIdBeforePip=-1 displayCutoutSafeInsets=Rect(0, 0 - 0, 0) topActivityInfo=null launchCookies=[] positionInParent=Point(0, 0) parentTaskId=-1 isFocused=true isVisible=true isVisibleRequested=true isTopActivityNoDisplay=false isSleeping=false locusId=null displayAreaFeatureId=1 isTopActivityTransparent=false isActivityStackTransparent=true lastNonFullscreenBounds=null capturedLink=null capturedLinkTimestamp=0 requestedVisibleTypes=503 topActivityRequestOpenInBrowserEducationTimestamp=0 appCompatTaskInfo=AppCompatTaskInfo { topActivityInSizeCompat=false isLeafTask= true eligibleForLetterboxEducation= false isLetterboxEducationEnabled= false isLetterboxDoubleTapEnabled= false eligibleForUserAspectRatioButton= false topActivityBoundsLetterboxed= false isFromLetterboxDoubleTap= false topActivityLetterboxVerticalPosition= -1 topActivityLetterboxHorizontalPosition= -1 topActivityLetterboxWidth=-1 topActivityLetterboxHeight=-1 topActivityAppBounds=Rect(0, 0 - 0, 0) isUserFullscreenOverrideEnabled=false isSystemFullscreenOverrideEnabled=false hasMinAspectRatioOverride=false topActivityLetterboxBounds=null cameraCompatTaskInfo=CameraCompatTaskInfo { cameraCompatMode=undefinedundefined} topNonResizableActivityAspectRatio=-1.0} topActivityMainWindowFrame=null isAppBubble=false}, pipChange = null, remoteTransition = null, displayChange = null, requestedLocation = null, userChange = null, windowingLayerChange = null, flags = 0, debugId = 27 }
02-20 11:03:53.673  4396  4412 V ShellDesktopMode: DesktopTasksController: handleRequest request=TransitionRequestInfo { type = CLOSE, triggerTask = TaskInfo{userId=0 taskId=21 effectiveUid=10227 displayId=0 isRunning=false baseIntent=Intent { flg=0x10000000 cmp=com.campus.placement/.MainActivity } baseActivity=null topActivity=null origActivity=null realActivity=ComponentInfo{com.campus.placement/com.campus.placement.MainActivity} numActivities=0 lastActiveTime=380819 supportsMultiWindow=true resizeMode=1 isResizeable=true minWidth=-1 minHeight=-1 defaultMinSize=220 token=WCT{android.os.BinderProxy@319ee22} topActivityType=1 pictureInPictureParams=null shouldDockBigOverlays=false launchIntoPipHostTaskId=-1 lastParentTaskIdBeforePip=-1 displayCutoutSafeInsets=Rect(0, 0 - 0, 0) topActivityInfo=null launchCookies=[] positionInParent=Point(0, 0) parentTaskId=-1 isFocused=true isVisible=true isVisibleRequested=true isTopActivityNoDisplay=false isSleeping=false locusId=null displayAreaFeatureId=1 isTopActivityTransparent=false isActivityStackTransparent=true lastNonFullscreenBounds=null capturedLink=null capturedLinkTimestamp=0 requestedVisibleTypes=503 topActivityRequestOpenInBrowserEducationTimestamp=0 appCompatTaskInfo=AppCompatTaskInfo { topActivityInSizeCompat=false isLeafTask= true eligibleForLetterboxEducation= false isLetterboxEducationEnabled= false isLetterboxDoubleTapEnabled= false eligibleForUserAspectRatioButton= false topActivityBoundsLetterboxed= false isFromLetterboxDoubleTap= false topActivityLetterboxVerticalPosition= -1 topActivityLetterboxHorizontalPosition= -1 topActivityLetterboxWidth=-1 topActivityLetterboxHeight=-1 topActivityAppBounds=Rect(0, 0 - 0, 0) isUserFullscreenOverrideEnabled=false isSystemFullscreenOverrideEnabled=false hasMinAspectRatioOverride=false topActivityLetterboxBounds=null cameraCompatTaskInfo=CameraCompatTaskInfo { cameraCompatMode=undefinedundefined} topNonResizableActivityAspectRatio=-1.0} topActivityMainWindowFrame=null isAppBubble=false}, pipChange = null, remoteTransition = null, displayChange = null, requestedLocation = null, userChange = null, windowingLayerChange = null, flags = 0, debugId = 27 }
02-20 11:03:53.673  4396  4412 V ShellDesktopMode: DesktopTasksController: skipping handleRequest reason=triggerTask's display doesn't support desktop mode
02-20 11:03:53.674   748   962 D BackgroundInstallControlService: Package event received: 0
--------- beginning of main
02-20 11:03:53.674   587   620 I libbinder.BpBinder: onLastStrongRef automatically unlinking death recipients for descriptor: '(not cached)'
02-20 11:03:53.676   748  2151 V WindowManager: Defer transition id=27 for TaskFragmentTransaction=android.os.Binder@c2aeaf
02-20 11:03:53.677   748  2151 V WindowManager: deferTransitionReady deferReadyDepth=1 stack=com.android.server.wm.TransitionController.deferTransitionReady:1061 com.android.server.wm.TaskFragmentOrganizerController$TaskFragmentOrganizerState.dispatchTransaction:517 com.android.server.wm.TaskFragmentOrganizerController.dispatchPendingEvents:1259 com.android.server.wm.TaskFragmentOrganizerController.dispatchPendingEvents:1228 com.android.server.wm.RootWindowContainer.performSurfacePlacement:777 
02-20 11:03:53.678   748  2151 D OomAdjuster: Not killing cached processes
02-20 11:03:53.680   748  2151 W ProcessStats: Tracking association SourceState{a3554d3 system/1000 BFgs #9874} whose proc state 4 is better than process ProcessState{3f1a9d4 com.google.android.ext.services/10211 pkg=com.google.android.ext.services} proc state 14 (0 skipped)
02-20 11:03:53.680  1164  1164 D ViewRootImpl: Skipping stats log for color mode
02-20 11:03:53.681  1164  1164 D BaseActivity: Launcher flags updated: [state_started] +[state_started]
02-20 11:03:53.681  1164  1164 D BaseActivity: Launcher flags updated: [state_started|state_resumed|state_user_active] +[state_resumed|state_user_active]
02-20 11:03:53.681   748  2151 I AppsFilter: interaction: PackageSetting{83c0909 com.android.microdroid.empty_payload/10213} -> PackageSetting{e77e2bc com.campus.placement/10227} BLOCKED
02-20 11:03:53.682  1164  1164 D BaseActivity: Launcher flags updated: [state_started|state_resumed|state_deferred_resumed|state_user_active] +[state_deferred_resumed]
02-20 11:03:53.683  1164  1164 D StatsLog: LAUNCHER_ONRESUME
02-20 11:03:53.694   748  2147 V WindowManager: Continue transition id=27 for TaskFragmentTransaction=android.os.Binder@c2aeaf
02-20 11:03:53.694   748  2147 V WindowManager: continueTransitionReady deferReadyDepth=0 stack=com.android.server.wm.TransitionController.continueTransitionReady:1071 com.android.server.wm.TaskFragmentOrganizerController$TaskFragmentOrganizerState.onTransactionFinished:546 com.android.server.wm.TaskFragmentOrganizerController.onTransactionHandled:740 android.window.ITaskFragmentOrganizerController$Stub.onTransact:225 android.os.Binder.execTransactInternal:1473 
02-20 11:03:53.697  1164  1164 D NexusLauncherModelDelegate: notifySmartspaceEvent: SmartspaceTargetEvent{mSmartspaceTarget=null, mSmartspaceActionId='null', mEventType=6}
02-20 11:03:53.700  4396  4412 D WindowManagerShell: setLauncherKeepClearAreaHeight: visible=true, height=495
02-20 11:03:53.715  4396  4597 D WallpaperService: onVisibilityChanged(true): com.android.systemui.wallpapers.ImageWallpaper$CanvasEngine@37b9655
02-20 11:03:53.716   748   962 D BackgroundInstallControlService: Package event received: 0
02-20 11:03:53.717   748   962 D BackgroundInstallControlService: Package event received: 0
02-20 11:03:53.717  1161  1161 D CarrierSvcBindHelper: onHandleForceStop: [com.campus.placement]
02-20 11:03:53.720  1161  1161 D CarrierSvcBindHelper: No carrier app for: 0
02-20 11:03:53.726  1164  1229 D QuickstepModelDelegate: notifyAppTargetEvent action=1 launchLocation=workspace/0/[-1,-1]/[1,1]
02-20 11:03:53.730   748  2151 I InputDispatcher: Touched window was removed: 17512f6 com.campus.placement/com.campus.placement.MainActivity in display %0
02-20 11:03:53.735  1164  1164 D BaseDepthController: setSurface:
02-20 11:03:53.735  1164  1164 D BaseDepthController: 	mWaitingOnSurfaceValidity: false
02-20 11:03:53.735  1164  1164 D BaseDepthController: 	mBaseSurface: Surface(name=com.google.android.apps.nexuslauncher/com.google.android.apps.nexuslauncher.NexusLauncherActivity#236)/@0xbb43d47
02-20 11:03:53.735  1164  1164 V BaseDepthController: Applying blur: 0 to Surface(name=com.google.android.apps.nexuslauncher/com.google.android.apps.nexuslauncher.NexusLauncherActivity#236)/@0xbb43d47 applyImmediately: false
02-20 11:03:53.736  1164  1164 D BaseDepthController: shouldBlurWorkspace: false targetState: Normal currentStableState: Normal mCurrentBlur: 0 mLauncher.getDepthBlurTargets(): [com.android.launcher3.Workspace{253e974 V.ED..... .......D 0,0-1080,2400 #7f0a049d app:id/workspace}, com.android.launcher3.Hotseat{293ee9d V.ED..... .......D 0,1905-1080,2400 #7f0a01ee app:id/hotseat}]
02-20 11:03:53.741   748   864 W InputDispatcher: Not sending touch gesture to b4413d3 ActivityRecordInputSink com.campus.placement/.MainActivity because it has config NO_INPUT_CHANNEL
02-20 11:03:53.757   748   864 W InputDispatcher: Not sending touch gesture to b4413d3 ActivityRecordInputSink com.campus.placement/.MainActivity because it has config NO_INPUT_CHANNEL
02-20 11:03:53.769  1164  1164 D b/417220811: invalidateLoadedTasks - previous requestLoadId: -1
02-20 11:03:53.773   748   864 W InputDispatcher: Not sending touch gesture to b4413d3 ActivityRecordInputSink com.campus.placement/.MainActivity because it has config NO_INPUT_CHANNEL
02-20 11:03:53.786  4396  6050 V WindowManagerShell: onTransitionReady(transaction=3212635539174)
02-20 11:03:53.790   748   864 W InputDispatcher: Not sending touch gesture to b4413d3 ActivityRecordInputSink com.campus.placement/.MainActivity because it has config NO_INPUT_CHANNEL
02-20 11:03:53.792  4396  4412 V WindowManagerShell: onTransitionReady (#27) android.os.BinderProxy@7d07e45: {id=27 t=CLOSE f=0x0 trk=0 r=[0@Point(0, 0)] c=[
02-20 11:03:53.792  4396  4412 V WindowManagerShell:         {m=TO_FRONT f=SHOW_WALLPAPER|MOVE_TO_TOP leash=Surface(name=Task=1#123)/@0x5ff62cb sb=Rect(0, 0 - 1080, 2400) eb=Rect(0, 0 - 1080, 2400) epz=Point(1080, 2400) d=0 taskParent=-1 winMode=1 userId=0},
02-20 11:03:53.792  4396  4412 V WindowManagerShell:         {m=CLOSE f=NONE leash=Surface(name=Task=21#219)/@0x1d91aa8 sb=Rect(0, 0 - 1080, 2400) eb=Rect(0, 0 - 1080, 2400) epz=Point(1080, 2400) d=0 taskParent=-1 winMode=1 userId=0},
02-20 11:03:53.792  4396  4412 V WindowManagerShell:         {m=TO_FRONT f=IS_WALLPAPER leash=Surface(name=WallpaperWindowToken{ae9ecf4}#176)/@0x57fb9c1 sb=Rect(0, 0 - 1080, 2400) eb=Rect(0, 0 - 1080, 2400) epz=Point(1080, 2400) d=0}
02-20 11:03:53.792  4396  4412 V WindowManagerShell:     ]}
02-20 11:03:53.793  4396  4412 V WindowManagerShell: Playing animation for (#27) android.os.BinderProxy@7d07e45@0
02-20 11:03:53.793  4396  4412 V ShellRecents: RecentsTransitionHandler.startAnimation: no controller found
02-20 11:03:53.793  4396  4412 V ShellDesktopMode: DesktopMixedTransitionHandler: No pending desktop transition
02-20 11:03:53.793  4396  4412 V WindowManagerShell: Transition doesn't have explicit remote, search filters for match for {id=27 t=CLOSE f=0x0 trk=0 r=[0@Point(0, 0)] c=[{m=TO_FRONT f=SHOW_WALLPAPER|MOVE_TO_TOP leash=Surface(name=Task=1#123)/@0x5ff62cb sb=Rect(0, 0 - 1080, 2400) eb=Rect(0, 0 - 1080, 2400) epz=Point(1080, 2400) d=0 taskParent=-1 winMode=1 userId=0},{m=CLOSE f=NONE leash=Surface(name=Task=21#219)/@0x1d91aa8 sb=Rect(0, 0 - 1080, 2400) eb=Rect(0, 0 - 1080, 2400) epz=Point(1080, 2400) d=0 taskParent=-1 winMode=1 userId=0},{m=TO_FRONT f=IS_WALLPAPER leash=Surface(name=WallpaperWindowToken{ae9ecf4}#176)/@0x57fb9c1 sb=Rect(0, 0 - 1080, 2400) eb=Rect(0, 0 - 1080, 2400) epz=Point(1080, 2400) d=0}]}
02-20 11:03:53.794  4396  4412 V WindowManagerShell:  Checking filter Pair{{types=[] flags=0x0] notFlags=0x0 checks=[{atype=undefined independent=true modes=[CLOSE,TO_BACK] flags=IN_TASK_WITH_EMBEDDED_ACTIVITY mustBeTask=false order=ANY topActivity=null launchCookie=null taskFragmentToken=android.os.BinderProxy@1de50c3 windowingMode=undefined isCrossDisplayMove=false}]} RemoteTransition { remoteTransition = android.window.IRemoteTransition$Stub$Proxy@215fd40, appThread = android.app.IApplicationThread$Stub$Proxy@6068479, debugName = overlayBackTransition }}
02-20 11:03:53.794  4396  4412 V WindowManagerShell:  Checking filter Pair{{types=[] flags=0x0] notFlags=0x0 checks=[{atype=dream independent=true modes=[OPEN,TO_FRONT] flags=NONE mustBeTask=false order=ANY topActivity=null launchCookie=null windowingMode=undefined isCrossDisplayMove=false},{atype=home independent=true modes=[CLOSE,TO_BACK] flags=NONE mustBeTask=false order=ANY topActivity=null launchCookie=null windowingMode=undefined isCrossDisplayMove=false}]} RemoteTransition { remoteTransition = android.window.IRemoteTransition$Stub$Proxy@bb975be, appThread = android.app.IApplicationThread$Stub$Proxy@ecb361f, debugName = LauncherToDream }}
02-20 11:03:53.795   748   773 V WindowManager: Sent Transition (#27) createdAt=02-20 11:03:53.666 via request=TransitionRequestInfo { type = CLOSE, triggerTask = TaskInfo{userId=0 taskId=21 effectiveUid=10227 displayId=0 isRunning=false baseIntent=Intent { flg=0x10000000 cmp=com.campus.placement/.MainActivity } baseActivity=null topActivity=null origActivity=null realActivity=ComponentInfo{com.campus.placement/com.campus.placement.MainActivity} numActivities=0 lastActiveTime=380819 supportsMultiWindow=true resizeMode=1 isResizeable=true minWidth=-1 minHeight=-1 defaultMinSize=220 token=WCT{RemoteToken{ce0b122 Task{83b2609 #21 type=standard A=10227:com.campus.placement}}} topActivityType=1 pictureInPictureParams=null shouldDockBigOverlays=false launchIntoPipHostTaskId=-1 lastParentTaskIdBeforePip=-1 displayCutoutSafeInsets=Rect(0, 0 - 0, 0) topActivityInfo=null launchCookies=[] positionInParent=Point(0, 0) parentTaskId=-1 isFocused=true isVisible=true isVisibleRequested=true isTopActivityNoDisplay=false isSleeping=false locusId=null displayAreaFeatureId=1 isTopActivityTransparent=false isActivityStackTransparent=true lastNonFullscreenBounds=null capturedLink=null capturedLinkTimestamp=0 requestedVisibleTypes=503 topActivityRequestOpenInBrowserEducationTimestamp=0 appCompatTaskInfo=AppCompatTaskInfo { topActivityInSizeCompat=false isLeafTask= true eligibleForLetterboxEducation= false isLetterboxEducationEnabled= false isLetterboxDoubleTapEnabled= false eligibleForUserAspectRatioButton= false topActivityBoundsLetterboxed= false isFromLetterboxDoubleTap= false topActivityLetterboxVerticalPosition= -1 topActivityLetterboxHorizontalPosition= -1 topActivityLetterboxWidth=-1 topActivityLetterboxHeight=-1 topActivityAppBounds=Rect(0, 0 - 0, 0) isUserFullscreenOverrideEnabled=false isSystemFullscreenOverrideEnabled=false hasMinAspectRatioOverride=false topActivityLetterboxBounds=null cameraCompatTaskInfo=CameraCompatTaskInfo { cameraCompatMode=undefinedundefined} topNonResizableActivityAspectRatio=-1.0} topActivityMainWindowFrame=null isAppBubble=false}, pipChange = null, remoteTransition = null, displayChange = null, requestedLocation = null, userChange = null, windowingLayerChange = null, flags = 0, debugId = 27 }
02-20 11:03:53.795   748   773 V WindowManager:     startWCT=WindowContainerTransaction { changes= {} hops= [] errorCallbackToken=null taskFragmentOrganizer=null }
02-20 11:03:53.796   748   773 V WindowManager:     info={id=27 t=CLOSE f=0x0 trk=0 r=[0@Point(0, 0)] c=[
02-20 11:03:53.796   748   773 V WindowManager:         {WCT{RemoteToken{87ea6d5 Task{b466271 #1 type=home}}} m=TO_FRONT f=SHOW_WALLPAPER|MOVE_TO_TOP leash=Surface(name=Task=1#123)/@0xe9958cb sb=Rect(0, 0 - 1080, 2400) eb=Rect(0, 0 - 1080, 2400) epz=Point(1080, 2400) d=0 taskParent=-1 winMode=1 userId=0},
02-20 11:03:53.796   748   773 V WindowManager:         {WCT{RemoteToken{ce0b122 Task{83b2609 #21 type=standard A=10227:com.campus.placement}}} m=CLOSE f=NONE leash=Surface(name=Task=21#219)/@0x188904 sb=Rect(0, 0 - 1080, 2400) eb=Rect(0, 0 - 1080, 2400) epz=Point(1080, 2400) d=0 taskParent=-1 winMode=1 userId=0},
02-20 11:03:53.796   748   773 V WindowManager:         {m=TO_FRONT f=IS_WALLPAPER leash=Surface(name=WallpaperWindowToken{ae9ecf4}#176)/@0xbe69812 sb=Rect(0, 0 - 1080, 2400) eb=Rect(0, 0 - 1080, 2400) epz=Point(1080, 2400) d=0}
02-20 11:03:53.796   748   773 V WindowManager:     ]}
02-20 11:03:53.797  4396  4412 V WindowManagerShell:  Checking filter Pair{{types=[] flags=0x0] notFlags=0x100 checks=[{atype=home independent=true modes=[OPEN,TO_FRONT] flags=NONE mustBeTask=false order=TOP topActivity=ComponentInfo{com.google.android.apps.nexuslauncher/com.google.android.apps.nexuslauncher.NexusLauncherActivity} launchCookie=null windowingMode=undefined isCrossDisplayMove=false},{atype=standard independent=true modes=[CLOSE,TO_BACK] flags=NONE mustBeTask=false order=ANY topActivity=null launchCookie=null windowingMode=undefined isCrossDisplayMove=false},{NOT atype=undefined independent=true modes=[] flags=NONE mustBeTask=true order=ANY topActivity=null launchCookie=null customAnim=true windowingMode=undefined isCrossDisplayMove=false}]} RemoteTransition { remoteTransition = android.window.IRemoteTransition$Stub$Proxy@1fdad6c, appThread = android.app.IApplicationThread$Stub$Proxy@161ef35, debugName = QuickstepLaunchHome }}
02-20 11:03:53.798  4396  4412 D RemoteTransitionHandler: Found filterPair{{types=[] flags=0x0] notFlags=0x100 checks=[{atype=home independent=true modes=[OPEN,TO_FRONT] flags=NONE mustBeTask=false order=TOP topActivity=ComponentInfo{com.google.android.apps.nexuslauncher/com.google.android.apps.nexuslauncher.NexusLauncherActivity} launchCookie=null windowingMode=undefined isCrossDisplayMove=false},{atype=standard independent=true modes=[CLOSE,TO_BACK] flags=NONE mustBeTask=false order=ANY topActivity=null launchCookie=null windowingMode=undefined isCrossDisplayMove=false},{NOT atype=undefined independent=true modes=[] flags=NONE mustBeTask=true order=ANY topActivity=null launchCookie=null customAnim=true windowingMode=undefined isCrossDisplayMove=false}]} RemoteTransition { remoteTransition = android.window.IRemoteTransition$Stub$Proxy@1fdad6c, appThread = android.app.IApplicationThread$Stub$Proxy@161ef35, debugName = QuickstepLaunchHome }}
02-20 11:03:53.798  4396  4412 V WindowManagerShell:  Delegate animation for (#27) to RemoteTransition { remoteTransition = android.window.IRemoteTransition$Stub$Proxy@1fdad6c, appThread = android.app.IApplicationThread$Stub$Proxy@161ef35, debugName = QuickstepLaunchHome }
02-20 11:03:53.807   748   864 W InputDispatcher: Not sending touch gesture to b4413d3 ActivityRecordInputSink com.campus.placement/.MainActivity because it has config NO_INPUT_CHANNEL
02-20 11:03:53.810  4396  4412 V WindowManagerShell:  animated by com.android.wm.shell.transition.RemoteTransitionHandler@5932fca
02-20 11:03:53.813  1164  1164 D LauncherStateManager: StateManager.createAtomicAnimation: fromState: Normal, toState: Normal, partial trace:
02-20 11:03:53.813  1164  1164 D LauncherStateManager: 	at com.android.quickstep.util.ScalingWorkspaceRevealAnim.<init>(go/retraceme f3a19d912c87c27267cfbc05ba0bc7b202ab72a6648bd76225f5f7e128d94583:54)
02-20 11:03:53.813  1164  1164 D LauncherStateManager: 	at com.android.launcher3.QuickstepTransitionManager.createWallpaperOpenAnimations(go/retraceme f3a19d912c87c27267cfbc05ba0bc7b202ab72a6648bd76225f5f7e128d94583:537)
02-20 11:03:53.813  1164  1164 D LauncherStateManager: 	at com.android.launcher3.QuickstepTransitionManager$WallpaperOpenLauncherAnimationRunner.onAnimationStart(go/retraceme f3a19d912c87c27267cfbc05ba0bc7b202ab72a6648bd76225f5f7e128d94583:96)
02-20 11:03:53.813  1164  1164 D AllAppsTransitionController: shouldProtectHeader: false skipScrim: true state: Normal stateManager.getState(): Normal
02-20 11:03:53.813  1164  1164 D KeyboardInsetsHandler: removePendingImeController: pendingImeController=null
02-20 11:03:53.814  1164  1164 V BaseDepthController: Applying blur: 0 to Surface(name=com.google.android.apps.nexuslauncher/com.google.android.apps.nexuslauncher.NexusLauncherActivity#236)/@0xbb43d47 applyImmediately: false
02-20 11:03:53.814  1164  1164 D BaseDepthController: shouldBlurWorkspace: false targetState: Normal currentStableState: Normal mCurrentBlur: 0 mLauncher.getDepthBlurTargets(): [com.android.launcher3.Workspace{253e974 V.ED..... ......ID 0,0-1080,2400 #7f0a049d app:id/workspace}, com.android.launcher3.Hotseat{293ee9d V.ED..... ........ 0,1905-1080,2400 #7f0a01ee app:id/hotseat}]
02-20 11:03:53.814  1164  1164 V BaseDepthController: Applying blur: 0 to Surface(name=com.google.android.apps.nexuslauncher/com.google.android.apps.nexuslauncher.NexusLauncherActivity#236)/@0xbb43d47 applyImmediately: false
02-20 11:03:53.814  1164  1164 D BaseDepthController: shouldBlurWorkspace: false targetState: Normal currentStableState: Normal mCurrentBlur: 0 mLauncher.getDepthBlurTargets(): [com.android.launcher3.Workspace{253e974 V.ED..... ......ID 0,0-1080,2400 #7f0a049d app:id/workspace}, com.android.launcher3.Hotseat{293ee9d V.ED..... ........ 0,1905-1080,2400 #7f0a01ee app:id/hotseat}]
02-20 11:03:53.816  1164  1164 D LauncherStateManager: StateManager.cancelAnimation: animation ongoing: false, partial trace:
02-20 11:03:53.816  1164  1164 D LauncherStateManager: 	at com.android.launcher3.statemanager.StateManager.setCurrentAnimation(go/retraceme f3a19d912c87c27267cfbc05ba0bc7b202ab72a6648bd76225f5f7e128d94583:18)
02-20 11:03:53.816  1164  1164 D LauncherStateManager: 	at com.android.launcher3.QuickstepTransitionManager.createWallpaperOpenAnimations(go/retraceme f3a19d912c87c27267cfbc05ba0bc7b202ab72a6648bd76225f5f7e128d94583:646)
02-20 11:03:53.816  1164  1164 D LauncherStateManager: 	at com.android.launcher3.QuickstepTransitionManager$WallpaperOpenLauncherAnimationRunner.onAnimationStart(go/retraceme f3a19d912c87c27267cfbc05ba0bc7b202ab72a6648bd76225f5f7e128d94583:96)
02-20 11:03:53.816  1164  1164 D b/311077782: LauncherAnimationRunner.setAnimation
02-20 11:03:53.816  1164  1164 V BaseDepthController: Applying blur: 0 to Surface(name=com.google.android.apps.nexuslauncher/com.google.android.apps.nexuslauncher.NexusLauncherActivity#236)/@0xbb43d47 applyImmediately: false
02-20 11:03:53.816  1164  1164 D BaseDepthController: shouldBlurWorkspace: false targetState: Normal currentStableState: Normal mCurrentBlur: 0 mLauncher.getDepthBlurTargets(): [com.android.launcher3.Workspace{253e974 V.ED..... ......ID 0,0-1080,2400 #7f0a049d app:id/workspace}, com.android.launcher3.Hotseat{293ee9d V.ED..... ......ID 0,1905-1080,2400 #7f0a01ee app:id/hotseat}]
02-20 11:03:53.823  1164  1164 V BaseDepthController: Applying blur: 0 to Surface(name=com.google.android.apps.nexuslauncher/com.google.android.apps.nexuslauncher.NexusLauncherActivity#236)/@0xbb43d47 applyImmediately: false
02-20 11:03:53.824  1164  1164 D BaseDepthController: shouldBlurWorkspace: false targetState: Normal currentStableState: Normal mCurrentBlur: 0 mLauncher.getDepthBlurTargets(): [com.android.launcher3.Workspace{253e974 V.ED..... ......ID 0,0-1080,2400 #7f0a049d app:id/workspace}, com.android.launcher3.Hotseat{293ee9d V.ED..... ......ID 0,1905-1080,2400 #7f0a01ee app:id/hotseat}]
02-20 11:03:53.826   748   864 I InputDispatcher: No new touched window at (502.0, 1584.9) in display 0
02-20 11:03:53.826  1164  1164 V BaseDepthController: Applying blur: 0 to Surface(name=com.google.android.apps.nexuslauncher/com.google.android.apps.nexuslauncher.NexusLauncherActivity#236)/@0xbb43d47 applyImmediately: false
02-20 11:03:53.826  1164  1164 D BaseDepthController: shouldBlurWorkspace: false targetState: Normal currentStableState: Normal mCurrentBlur: 0 mLauncher.getDepthBlurTargets(): [com.android.launcher3.Workspace{253e974 V.ED..... ......ID 0,0-1080,2400 #7f0a049d app:id/workspace}, com.android.launcher3.Hotseat{293ee9d V.ED..... ......ID 0,1905-1080,2400 #7f0a01ee app:id/hotseat}]
02-20 11:03:53.827  1164  1164 V BaseDepthController: Applying blur: 0 to Surface(name=com.google.android.apps.nexuslauncher/com.google.android.apps.nexuslauncher.NexusLauncherActivity#236)/@0xbb43d47 applyImmediately: false
02-20 11:03:53.827  1164  1164 D BaseDepthController: shouldBlurWorkspace: false targetState: Normal currentStableState: Normal mCurrentBlur: 0 mLauncher.getDepthBlurTargets(): [com.android.launcher3.Workspace{253e974 V.ED..... ......ID 0,0-1080,2400 #7f0a049d app:id/workspace}, com.android.launcher3.Hotseat{293ee9d V.ED..... ......ID 0,1905-1080,2400 #7f0a01ee app:id/hotseat}]
02-20 11:03:53.828  1164  1164 V BaseDepthController: Applying blur: 0 to Surface(name=com.google.android.apps.nexuslauncher/com.google.android.apps.nexuslauncher.NexusLauncherActivity#236)/@0xbb43d47 applyImmediately: false
02-20 11:03:53.828  1164  1164 D BaseDepthController: shouldBlurWorkspace: false targetState: Normal currentStableState: Normal mCurrentBlur: 0 mLauncher.getDepthBlurTargets(): [com.android.launcher3.Workspace{253e974 V.ED..... ......ID 0,0-1080,2400 #7f0a049d app:id/workspace}, com.android.launcher3.Hotseat{293ee9d V.ED..... ......ID 0,1905-1080,2400 #7f0a01ee app:id/hotseat}]
02-20 11:03:53.840   748   864 W InputDispatcher: Untrusted touch due to occlusion by com.campus.placement/10227 (obscuring opacity = 1.00, maximum allowed = 0.80)
02-20 11:03:53.840   748   864 D InputDispatcher: Stack of obscuring windows during untrusted touch (502.0, 1584.9):
02-20 11:03:53.840   748   864 D InputDispatcher:     * package=com.campus.placement/10227, id=229, mode=USE_OPACITY, alpha=1.00, frame=[0,0][1080,2400], touchableRegion=<empty>, window={17512f6 com.campus.placement/com.campus.placement.MainActivity}, inputConfig={NO_INPUT_CHANNEL | NOT_FOCUSABLE | NOT_TOUCHABLE}, hasToken=false, applicationInfo.name=ActivityRecord{37284624 u0 com.campus.placement/.MainActivity t21}, applicationInfo.token=0x7c06eca92130
02-20 11:03:53.840   748   864 D InputDispatcher:     * [TOUCHED] package=com.google.android.apps.nexuslauncher/10191, id=236, mode=USE_OPACITY, alpha=1.00, frame=[0,0][1080,2400], touchableRegion=[0,0][1080,2400], window={174c902 com.google.android.apps.nexuslauncher/com.google.android.apps.nexuslauncher.NexusLauncherActivity}, inputConfig={DUPLICATE_TOUCH_TO_WALLPAPER}, hasToken=true, applicationInfo.name=ActivityRecord{66198922 u0 com.google.android.apps.nexuslauncher/.NexusLauncherActivity t2}, applicationInfo.token=0x7c06eca88410
02-20 11:03:53.840   748   864 W InputDispatcher: Dropping untrusted touch event due to com.campus.placement/10227
02-20 11:03:53.843  1164  1164 V BaseDepthController: Applying blur: 0 to Surface(name=com.google.android.apps.nexuslauncher/com.google.android.apps.nexuslauncher.NexusLauncherActivity#236)/@0xbb43d47 applyImmediately: false
02-20 11:03:53.844  1164  1164 D BaseDepthController: shouldBlurWorkspace: false targetState: Normal currentStableState: Normal mCurrentBlur: 0 mLauncher.getDepthBlurTargets(): [com.android.launcher3.Workspace{253e974 V.ED..... ........ 0,0-1080,2400 #7f0a049d app:id/workspace}, com.android.launcher3.Hotseat{293ee9d V.ED..... ........ 0,1905-1080,2400 #7f0a01ee app:id/hotseat}]
02-20 11:03:53.845   595   595 I adbd    : Remote process closed the socket (on MSG_PEEK)
02-20 11:03:53.847   748   787 I libprocessgroup: Removed cgroup /sys/fs/cgroup/apps/uid_10227/pid_6051
02-20 11:03:53.847   748  1965 I ImeTracker: com.campus.placement:39afa149: onRequestHide at ORIGIN_SERVER reason HIDE_REMOVE_CLIENT fromUser false
02-20 11:03:53.851   748  1965 I ImeTracker: com.campus.placement:39afa149: onCancelled at PHASE_SERVER_SHOULD_HIDE
02-20 11:03:53.853  1164  1164 D BaseActivity: Launcher flags updated: [state_started|state_resumed|state_deferred_resumed|state_window_focused|state_user_active] +[state_window_focused]
02-20 11:03:53.860  1164  1164 V BaseDepthController: Applying blur: 0 to Surface(name=com.google.android.apps.nexuslauncher/com.google.android.apps.nexuslauncher.NexusLauncherActivity#236)/@0xbb43d47 applyImmediately: false
02-20 11:03:53.861  1164  1164 D BaseDepthController: shouldBlurWorkspace: false targetState: Normal currentStableState: Normal mCurrentBlur: 0 mLauncher.getDepthBlurTargets(): [com.android.launcher3.Workspace{253e974 V.ED..... ........ 0,0-1080,2400 #7f0a049d app:id/workspace}, com.android.launcher3.Hotseat{293ee9d V.ED..... .......D 0,1905-1080,2400 #7f0a01ee app:id/hotseat}]
02-20 11:03:53.866   748   864 W InputDispatcher: Untrusted touch due to occlusion by com.campus.placement/10227 (obscuring opacity = 1.00, maximum allowed = 0.80)
02-20 11:03:53.866   748   864 D InputDispatcher: Stack of obscuring windows during untrusted touch (502.0, 1584.9):
02-20 11:03:53.867   748   864 D InputDispatcher:     * package=com.campus.placement/10227, id=229, mode=USE_OPACITY, alpha=1.00, frame=[0,0][1080,2400], touchableRegion=<empty>, window={17512f6 com.campus.placement/com.campus.placement.MainActivity}, inputConfig={NO_INPUT_CHANNEL | NOT_FOCUSABLE | NOT_TOUCHABLE}, hasToken=false, applicationInfo.name=ActivityRecord{37284624 u0 com.campus.placement/.MainActivity t21}, applicationInfo.token=0x7c06eca92130
02-20 11:03:53.867   748   864 D InputDispatcher:     * [TOUCHED] package=com.google.android.apps.nexuslauncher/10191, id=236, mode=USE_OPACITY, alpha=1.00, frame=[0,0][1080,2400], touchableRegion=[0,0][1080,2400], window={174c902 com.google.android.apps.nexuslauncher/com.google.android.apps.nexuslauncher.NexusLauncherActivity}, inputConfig={DUPLICATE_TOUCH_TO_WALLPAPER}, hasToken=true, applicationInfo.name=ActivityRecord{66198922 u0 com.google.android.apps.nexuslauncher/.NexusLauncherActivity t2}, applicationInfo.token=0x7c06eca88410
02-20 11:03:53.867   748   864 W InputDispatcher: Dropping untrusted touch event due to com.campus.placement/10227
02-20 11:03:53.869   517   517 I Zygote  : Process 6051 exited due to signal 9 (Killed)
02-20 11:03:53.873   748   864 W InputDispatcher: Untrusted touch due to occlusion by com.campus.placement/10227 (obscuring opacity = 1.00, maximum allowed = 0.80)
02-20 11:03:53.874   748   864 D InputDispatcher: Stack of obscuring windows during untrusted touch (502.0, 1584.9):
02-20 11:03:53.874   748   864 D InputDispatcher:     * package=com.campus.placement/10227, id=229, mode=USE_OPACITY, alpha=1.00, frame=[0,0][1080,2400], touchableRegion=<empty>, window={17512f6 com.campus.placement/com.campus.placement.MainActivity}, inputConfig={NO_INPUT_CHANNEL | NOT_FOCUSABLE | NOT_TOUCHABLE}, hasToken=false, applicationInfo.name=ActivityRecord{37284624 u0 com.campus.placement/.MainActivity t21}, applicationInfo.token=0x7c06eca92130
02-20 11:03:53.874   748   864 D InputDispatcher:     * [TOUCHED] package=com.google.android.apps.nexuslauncher/10191, id=236, mode=USE_OPACITY, alpha=1.00, frame=[0,0][1080,2400], touchableRegion=[0,0][1080,2400], window={174c902 com.google.android.apps.nexuslauncher/com.google.android.apps.nexuslauncher.NexusLauncherActivity}, inputConfig={DUPLICATE_TOUCH_TO_WALLPAPER}, hasToken=true, applicationInfo.name=ActivityRecord{66198922 u0 com.google.android.apps.nexuslauncher/.NexusLauncherActivity t2}, applicationInfo.token=0x7c06eca88410
02-20 11:03:53.874   748   864 W InputDispatcher: Dropping untrusted touch event due to com.campus.placement/10227
02-20 11:03:53.875   748  1414 V ActivityManager: Got obituary of 6051:com.campus.placement
02-20 11:03:53.875   748  2147 I WindowManager: WIN DEATH: Window{17512f6 u0 com.campus.placement/com.campus.placement.MainActivity}
02-20 11:03:53.886  1164  1164 V BaseDepthController: Applying blur: 0 to Surface(name=com.google.android.apps.nexuslauncher/com.google.android.apps.nexuslauncher.NexusLauncherActivity#236)/@0xbb43d47 applyImmediately: false
02-20 11:03:53.886  1164  1164 D BaseDepthController: shouldBlurWorkspace: false targetState: Normal currentStableState: Normal mCurrentBlur: 0 mLauncher.getDepthBlurTargets(): [com.android.launcher3.Workspace{253e974 V.ED..... ........ 0,0-1080,2400 #7f0a049d app:id/workspace}, com.android.launcher3.Hotseat{293ee9d V.ED..... .......D 0,1905-1080,2400 #7f0a01ee app:id/hotseat}]
02-20 11:03:53.888   539   651 I RanchuHwc: logCompositionFallbackIfChanged: layer 32 CompositionType fallback from 2 to 1
02-20 11:03:53.888   539   651 I RanchuHwc: logCompositionFallbackIfChanged: layer 33 CompositionType fallback from 2 to 1
02-20 11:03:53.899   748   864 W InputDispatcher: Untrusted touch due to occlusion by com.campus.placement/10227 (obscuring opacity = 1.00, maximum allowed = 0.80)
02-20 11:03:53.899   748   864 D InputDispatcher: Stack of obscuring windows during untrusted touch (502.0, 1584.9):
02-20 11:03:53.899   748   864 D InputDispatcher:     * package=com.campus.placement/10227, id=229, mode=USE_OPACITY, alpha=1.00, frame=[0,0][1080,2400], touchableRegion=<empty>, window={17512f6 com.campus.placement/com.campus.placement.MainActivity}, inputConfig={NO_INPUT_CHANNEL | NOT_FOCUSABLE | NOT_TOUCHABLE}, hasToken=false, applicationInfo.name=ActivityRecord{37284624 u0 com.campus.placement/.MainActivity t21}, applicationInfo.token=0x7c06eca92130
02-20 11:03:53.900   748   864 D InputDispatcher:     * [TOUCHED] package=com.google.android.apps.nexuslauncher/10191, id=236, mode=USE_OPACITY, alpha=1.00, frame=[0,0][1080,2400], touchableRegion=[0,0][1080,2400], window={174c902 com.google.android.apps.nexuslauncher/com.google.android.apps.nexuslauncher.NexusLauncherActivity}, inputConfig={DUPLICATE_TOUCH_TO_WALLPAPER}, hasToken=true, applicationInfo.name=ActivityRecord{66198922 u0 com.google.android.apps.nexuslauncher/.NexusLauncherActivity t2}, applicationInfo.token=0x7c06eca88410
02-20 11:03:53.900   748   864 W InputDispatcher: Dropping untrusted touch event due to com.campus.placement/10227
02-20 11:03:53.906   748   876 I ImeTracker: com.google.android.apps.nexuslauncher:afdb9d51: onRequestHide at ORIGIN_SERVER reason HIDE_UNSPECIFIED_WINDOW fromUser false
02-20 11:03:53.908   748   864 W InputDispatcher: Untrusted touch due to occlusion by com.campus.placement/10227 (obscuring opacity = 1.00, maximum allowed = 0.80)
02-20 11:03:53.908   748   864 D InputDispatcher: Stack of obscuring windows during untrusted touch (502.0, 1584.9):
02-20 11:03:53.908   748   864 D InputDispatcher:     * package=com.campus.placement/10227, id=229, mode=USE_OPACITY, alpha=1.00, frame=[0,0][1080,2400], touchableRegion=<empty>, window={17512f6 com.campus.placement/com.campus.placement.MainActivity}, inputConfig={NO_INPUT_CHANNEL | NOT_FOCUSABLE | NOT_TOUCHABLE}, hasToken=false, applicationInfo.name=ActivityRecord{37284624 u0 com.campus.placement/.MainActivity t21}, applicationInfo.token=0x7c06eca92130
02-20 11:03:53.908   748   864 D InputDispatcher:     * [TOUCHED] package=com.google.android.apps.nexuslauncher/10191, id=236, mode=USE_OPACITY, alpha=1.00, frame=[0,0][1080,2400], touchableRegion=[0,0][1080,2400], window={174c902 com.google.android.apps.nexuslauncher/com.google.android.apps.nexuslauncher.NexusLauncherActivity}, inputConfig={DUPLICATE_TOUCH_TO_WALLPAPER}, hasToken=true, applicationInfo.name=ActivityRecord{66198922 u0 com.google.android.apps.nexuslauncher/.NexusLauncherActivity t2}, applicationInfo.token=0x7c06eca88410
02-20 11:03:53.908   748   864 W InputDispatcher: Dropping untrusted touch event due to com.campus.placement/10227
02-20 11:03:53.919  1164  1164 V BaseDepthController: Applying blur: 0 to Surface(name=com.google.android.apps.nexuslauncher/com.google.android.apps.nexuslauncher.NexusLauncherActivity#236)/@0xbb43d47 applyImmediately: false
02-20 11:03:53.919  1164  1164 D BaseDepthController: shouldBlurWorkspace: false targetState: Normal currentStableState: Normal mCurrentBlur: 0 mLauncher.getDepthBlurTargets(): [com.android.launcher3.Workspace{253e974 V.ED..... ........ 0,0-1080,2400 #7f0a049d app:id/workspace}, com.android.launcher3.Hotseat{293ee9d V.ED..... ........ 0,1905-1080,2400 #7f0a01ee app:id/hotseat}]
02-20 11:03:53.923   748   864 W InputDispatcher: Untrusted touch due to occlusion by com.campus.placement/10227 (obscuring opacity = 1.00, maximum allowed = 0.80)
02-20 11:03:53.924   748   864 D InputDispatcher: Stack of obscuring windows during untrusted touch (502.0, 1584.9):
02-20 11:03:53.924   748   864 D InputDispatcher:     * package=com.campus.placement/10227, id=229, mode=USE_OPACITY, alpha=1.00, frame=[35,76][1072,2374], touchableRegion=<empty>, window={17512f6 com.campus.placement/com.campus.placement.MainActivity}, inputConfig={NO_INPUT_CHANNEL | NOT_FOCUSABLE | NOT_TOUCHABLE}, hasToken=false, applicationInfo.name=ActivityRecord{37284624 u0 com.campus.placement/.MainActivity t21}, applicationInfo.token=0x7c06eca92130
02-20 11:03:53.924   748   864 D InputDispatcher:     * [TOUCHED] package=com.google.android.apps.nexuslauncher/10191, id=236, mode=USE_OPACITY, alpha=1.00, frame=[0,0][1080,2400], touchableRegion=[0,0][1080,2400], window={174c902 com.google.android.apps.nexuslauncher/com.google.android.apps.nexuslauncher.NexusLauncherActivity}, inputConfig={DUPLICATE_TOUCH_TO_WALLPAPER}, hasToken=true, applicationInfo.name=ActivityRecord{66198922 u0 com.google.android.apps.nexuslauncher/.NexusLauncherActivity t2}, applicationInfo.token=0x7c06eca88410
02-20 11:03:53.924   748   864 W InputDispatcher: Dropping untrusted touch event due to com.campus.placement/10227
02-20 11:03:53.930  1413  1413 I GoogleInputMethodService: GoogleInputMethodService.onFinishInput():2057 
02-20 11:03:53.935  1413  1413 I Module  : DeviceLockedStatusModuleProvider$Module.updateDeviceLockedStatus():100 repeatCheckTimes = 0, locked = false
02-20 11:03:53.936  1413  1413 I GoogleInputMethodService: GoogleInputMethodService.onStartInput():1318 onStartInput(EditorInfo{EditorInfo{packageName=com.google.android.apps.nexuslauncher, inputType=0, inputTypeString=NULL, enableLearning=false, autoCorrection=false, autoComplete=false, imeOptions=0, privateImeOptions=null, actionName=UNSPECIFIED, actionLabel=null, initialSelStart=-1, initialSelEnd=-1, initialCapsMode=0, label=null, fieldId=0, fieldName=null, extras=null, hintText=null, hintLocales=[]}}, false)
02-20 11:03:53.940   748   864 W InputDispatcher: Untrusted touch due to occlusion by com.campus.placement/10227 (obscuring opacity = 0.99, maximum allowed = 0.80)
02-20 11:03:53.940   748   864 D InputDispatcher: Stack of obscuring windows during untrusted touch (502.0, 1584.9):
02-20 11:03:53.940   748   864 D InputDispatcher:     * package=com.campus.placement/10227, id=229, mode=USE_OPACITY, alpha=0.99, frame=[123,273][1051,2307], touchableRegion=<empty>, window={17512f6 com.campus.placement/com.campus.placement.MainActivity}, inputConfig={NO_INPUT_CHANNEL | NOT_FOCUSABLE | NOT_TOUCHABLE}, hasToken=false, applicationInfo.name=ActivityRecord{37284624 u0 com.campus.placement/.MainActivity t21}, applicationInfo.token=0x7c06eca92130
02-20 11:03:53.940   748   864 D InputDispatcher:     * [TOUCHED] package=com.google.android.apps.nexuslauncher/10191, id=236, mode=USE_OPACITY, alpha=1.00, frame=[0,0][1080,2400], touchableRegion=[0,0][1080,2400], window={174c902 com.google.android.apps.nexuslauncher/com.google.android.apps.nexuslauncher.NexusLauncherActivity}, inputConfig={DUPLICATE_TOUCH_TO_WALLPAPER}, hasToken=true, applicationInfo.name=ActivityRecord{66198922 u0 com.google.android.apps.nexuslauncher/.NexusLauncherActivity t2}, applicationInfo.token=0x7c06eca88410
02-20 11:03:53.940   748   864 W InputDispatcher: Dropping untrusted touch event due to com.campus.placement/10227
02-20 11:03:53.941  1164  1164 V BaseDepthController: Applying blur: 0 to Surface(name=com.google.android.apps.nexuslauncher/com.google.android.apps.nexuslauncher.NexusLauncherActivity#236)/@0xbb43d47 applyImmediately: false
02-20 11:03:53.941  1164  1164 D BaseDepthController: shouldBlurWorkspace: false targetState: Normal currentStableState: Normal mCurrentBlur: 0 mLauncher.getDepthBlurTargets(): [com.android.launcher3.Workspace{253e974 V.ED..... ........ 0,0-1080,2400 #7f0a049d app:id/workspace}, com.android.launcher3.Hotseat{293ee9d V.ED..... ........ 0,1905-1080,2400 #7f0a01ee app:id/hotseat}]
02-20 11:03:53.941  1413  1413 I Module  : DeviceLockedStatusModuleProvider$Module.updateDeviceLockedStatus():100 repeatCheckTimes = 1, locked = false
02-20 11:03:53.944   748  1965 W PackageConfigPersister: App-specific configuration not found for packageName: com.google.android.apps.nexuslauncher and userId: 0
02-20 11:03:53.950   748  1414 I ImeTracker: system_server:27d7cc81: onRequestHide at ORIGIN_SERVER reason IME_REQUESTED_CHANGED_LISTENER fromUser false
02-20 11:03:53.956   748   864 W InputDispatcher: Untrusted touch due to occlusion by com.campus.placement/10227 (obscuring opacity = 0.99, maximum allowed = 0.80)
02-20 11:03:53.957   748   864 D InputDispatcher: Stack of obscuring windows during untrusted touch (502.0, 1584.9):
02-20 11:03:53.957   748   864 D InputDispatcher:     * package=com.campus.placement/10227, id=229, mode=USE_OPACITY, alpha=0.99, frame=[123,273][1051,2307], touchableRegion=<empty>, window={17512f6 com.campus.placement/com.campus.placement.MainActivity}, inputConfig={NO_INPUT_CHANNEL | NOT_FOCUSABLE | NOT_TOUCHABLE}, hasToken=false, applicationInfo.name=ActivityRecord{37284624 u0 com.campus.placement/.MainActivity t21}, applicationInfo.token=0x7c06eca92130
02-20 11:03:53.957   748   864 D InputDispatcher:     * [TOUCHED] package=com.google.android.apps.nexuslauncher/10191, id=236, mode=USE_OPACITY, alpha=1.00, frame=[0,0][1080,2400], touchableRegion=[0,0][1080,2400], window={174c902 com.google.android.apps.nexuslauncher/com.google.android.apps.nexuslauncher.NexusLauncherActivity}, inputConfig={DUPLICATE_TOUCH_TO_WALLPAPER}, hasToken=true, applicationInfo.name=ActivityRecord{66198922 u0 com.google.android.apps.nexuslauncher/.NexusLauncherActivity t2}, applicationInfo.token=0x7c06eca88410
02-20 11:03:53.957   748   864 W InputDispatcher: Dropping untrusted touch event due to com.campus.placement/10227
02-20 11:03:53.969  1164  1164 D InsetsController: hide(ime())
02-20 11:03:53.970  1164  1164 I ImeTracker: com.google.android.apps.nexuslauncher:afdb9d51: onCancelled at PHASE_CLIENT_ALREADY_HIDDEN
02-20 11:03:53.974   748   864 W InputDispatcher: Untrusted touch due to occlusion by com.campus.placement/10227 (obscuring opacity = 0.92, maximum allowed = 0.80)
02-20 11:03:53.974   748   864 D InputDispatcher: Stack of obscuring windows during untrusted touch (502.0, 1584.9):
02-20 11:03:53.974   748   864 D InputDispatcher:     * package=com.campus.placement/10227, id=229, mode=USE_OPACITY, alpha=0.92, frame=[282,628][1017,2200], touchableRegion=<empty>, window={17512f6 com.campus.placement/com.campus.placement.MainActivity}, inputConfig={NO_INPUT_CHANNEL | NOT_FOCUSABLE | NOT_TOUCHABLE}, hasToken=false, applicationInfo.name=ActivityRecord{37284624 u0 com.campus.placement/.MainActivity t21}, applicationInfo.token=0x7c06eca92130
02-20 11:03:53.974   748   864 D InputDispatcher:     * [TOUCHED] package=com.google.android.apps.nexuslauncher/10191, id=236, mode=USE_OPACITY, alpha=1.00, frame=[0,0][1080,2400], touchableRegion=[0,0][1080,2400], window={174c902 com.google.android.apps.nexuslauncher/com.google.android.apps.nexuslauncher.NexusLauncherActivity}, inputConfig={DUPLICATE_TOUCH_TO_WALLPAPER}, hasToken=true, applicationInfo.name=ActivityRecord{66198922 u0 com.google.android.apps.nexuslauncher/.NexusLauncherActivity t2}, applicationInfo.token=0x7c06eca88410
02-20 11:03:53.974   748   864 W InputDispatcher: Dropping untrusted touch event due to com.campus.placement/10227
02-20 11:03:53.975  1164  1164 V BaseDepthController: Applying blur: 0 to Surface(name=com.google.android.apps.nexuslauncher/com.google.android.apps.nexuslauncher.NexusLauncherActivity#236)/@0xbb43d47 applyImmediately: false
02-20 11:03:53.976  1164  1164 D BaseDepthController: shouldBlurWorkspace: false targetState: Normal currentStableState: Normal mCurrentBlur: 0 mLauncher.getDepthBlurTargets(): [com.android.launcher3.Workspace{253e974 V.ED..... ........ 0,0-1080,2400 #7f0a049d app:id/workspace}, com.android.launcher3.Hotseat{293ee9d V.ED..... ........ 0,1905-1080,2400 #7f0a01ee app:id/hotseat}]
02-20 11:03:53.988  1164  1164 V BaseDepthController: Applying blur: 0 to Surface(name=com.google.android.apps.nexuslauncher/com.google.android.apps.nexuslauncher.NexusLauncherActivity#236)/@0xbb43d47 applyImmediately: false
02-20 11:03:53.988  1164  1164 D BaseDepthController: shouldBlurWorkspace: false targetState: Normal currentStableState: Normal mCurrentBlur: 0 mLauncher.getDepthBlurTargets(): [com.android.launcher3.Workspace{253e974 V.ED..... ........ 0,0-1080,2400 #7f0a049d app:id/workspace}, com.android.launcher3.Hotseat{293ee9d V.ED..... ........ 0,1905-1080,2400 #7f0a01ee app:id/hotseat}]
02-20 11:03:53.994   748   776 W ActivityManager: setHasOverlayUi called on unknown pid: 6051
02-20 11:03:53.998   748   776 I ImeTracker: system_server:27d7cc81: onCancelled at PHASE_SERVER_SHOULD_HIDE
02-20 11:03:54.015  1164  1164 I BaseDragLayer: mCanIntercept:true , mLastAction:ACTION_DOWN , mSysUiProxy available:true
02-20 11:03:54.015  1164  1164 D StatsLog: LAUNCHER_SWIPE_DOWN_WORKSPACE_NOTISHADE_OPEN
02-20 11:03:54.022  1164  1164 I BaseDragLayer: mCanIntercept:true , mLastAction:ACTION_DOWN , mSysUiProxy available:true
02-20 11:03:54.023  1164  1164 D StatsLog: LAUNCHER_SWIPE_DOWN_WORKSPACE_NOTISHADE_OPEN
02-20 11:03:54.024  1164  1164 V BaseDepthController: Applying blur: 0 to Surface(name=com.google.android.apps.nexuslauncher/com.google.android.apps.nexuslauncher.NexusLauncherActivity#236)/@0xbb43d47 applyImmediately: false
02-20 11:03:54.024  1164  1164 D BaseDepthController: shouldBlurWorkspace: false targetState: Normal currentStableState: Normal mCurrentBlur: 0 mLauncher.getDepthBlurTargets(): [com.android.launcher3.Workspace{253e974 V.ED..... ........ 0,0-1080,2400 #7f0a049d app:id/workspace}, com.android.launcher3.Hotseat{293ee9d V.ED..... .......D 0,1905-1080,2400 #7f0a01ee app:id/hotseat}]
02-20 11:03:54.037  1164  1164 I BaseDragLayer: mCanIntercept:true , mLastAction:ACTION_DOWN , mSysUiProxy available:true
02-20 11:03:54.038  1164  1164 V BaseDepthController: Applying blur: 0 to Surface(name=com.google.android.apps.nexuslauncher/com.google.android.apps.nexuslauncher.NexusLauncherActivity#236)/@0xbb43d47 applyImmediately: false
02-20 11:03:54.038  1164  1164 D BaseDepthController: setEarlyWakeup: true
02-20 11:03:54.038  1164  1164 D BaseDepthController: shouldBlurWorkspace: false targetState: Normal currentStableState: Normal mCurrentBlur: 0 mLauncher.getDepthBlurTargets(): [com.android.launcher3.Workspace{253e974 V.ED..... ........ 0,0-1080,2400 #7f0a049d app:id/workspace}, com.android.launcher3.Hotseat{293ee9d V.ED..... ........ 0,1905-1080,2400 #7f0a01ee app:id/hotseat}]
02-20 11:03:54.050  4396  4396 D WindowOnBackDispatcher: setTopOnBackInvokedCallback (unwrapped): com.android.systemui.back.domain.interactor.BackActionInteractor$callback$2@35a96c0
02-20 11:03:54.052   748  1414 D CoreBackPreview: Window{e3e669e u0 NotificationShade}: Setting back callback OnBackInvokedCallbackInfo{mCallback=android.window.IOnBackInvokedCallback$Stub$Proxy@a830395, mPriority=0, mIsAnimationCallback=false, mOverrideBehavior=0}
02-20 11:03:54.057  1164  1164 V BaseDepthController: Applying blur: 0 to Surface(name=com.google.android.apps.nexuslauncher/com.google.android.apps.nexuslauncher.NexusLauncherActivity#236)/@0xbb43d47 applyImmediately: false
02-20 11:03:54.057  1164  1164 D BaseDepthController: shouldBlurWorkspace: false targetState: Normal currentStableState: Normal mCurrentBlur: 0 mLauncher.getDepthBlurTargets(): [com.android.launcher3.Workspace{253e974 V.ED..... ........ 0,0-1080,2400 #7f0a049d app:id/workspace}, com.android.launcher3.Hotseat{293ee9d V.ED..... ........ 0,1905-1080,2400 #7f0a01ee app:id/hotseat}]
02-20 11:03:54.061   643   643 W libbinder.IPCThreadState: Sending oneway calls to frozen process.
02-20 11:03:54.077  4396  4562 D RingtonePlayer: stopAsync()
02-20 11:03:54.077  4396  4562 D RingtonePlayer: stop
02-20 11:03:54.147   748  2147 W ActivityTaskManager: callingPackage for (uid=2000, pid=6165) has no WPC
02-20 11:03:54.148   748  2147 V WindowManager: DesktopModeLaunchParamsModifier: phase= 0 task=null activity=null display-area-from-current-params=null display-area-from-default-fallback=DefaultTaskDisplayArea@135615740 display-id=0 task-display-area-windowing-mode=1 suggested-display-area=DefaultTaskDisplayArea@135615740 task null, skipping
02-20 11:03:54.149   748  2147 V WindowManager: TaskLaunchParamsModifier:phase=0 task=null activity=null display-area-from-current-params=null display-area-from-default-fallback=DefaultTaskDisplayArea@135615740 display-id=0 task-display-area-windowing-mode=1 suggested-display-area=DefaultTaskDisplayArea@135615740
02-20 11:03:54.150  1164  1164 D StatsLog: LAUNCHER_SWIPE_DOWN_WORKSPACE_NOTISHADE_OPEN
